Archive member included to satisfy reference by file (symbol)

c:/ac6/systemworkbench/plugins/fr.ac6.mcu.externaltools.arm-none.win32_1.17.0.201812190825/tools/compiler/bin/../lib/gcc/arm-none-eabi/7.3.1/thumb/v7-m\libgcc.a(_arm_addsubdf3.o)
                              src/main.o (__aeabi_dsub)
c:/ac6/systemworkbench/plugins/fr.ac6.mcu.externaltools.arm-none.win32_1.17.0.201812190825/tools/compiler/bin/../lib/gcc/arm-none-eabi/7.3.1/thumb/v7-m\libgcc.a(_arm_muldivdf3.o)
                              src/main.o (__aeabi_dmul)
c:/ac6/systemworkbench/plugins/fr.ac6.mcu.externaltools.arm-none.win32_1.17.0.201812190825/tools/compiler/bin/../lib/gcc/arm-none-eabi/7.3.1/thumb/v7-m\libgcc.a(_arm_fixunsdfsi.o)
                              src/main.o (__aeabi_d2uiz)
c:/ac6/systemworkbench/plugins/fr.ac6.mcu.externaltools.arm-none.win32_1.17.0.201812190825/tools/compiler/bin/../lib/gcc/arm-none-eabi/7.3.1/../../../../arm-none-eabi/lib/thumb/v7-m\libc.a(lib_a-atoi.o)
                              src/main.o (atoi)
c:/ac6/systemworkbench/plugins/fr.ac6.mcu.externaltools.arm-none.win32_1.17.0.201812190825/tools/compiler/bin/../lib/gcc/arm-none-eabi/7.3.1/../../../../arm-none-eabi/lib/thumb/v7-m\libc.a(lib_a-errno.o)
                              src/syscalls.o (__errno)
c:/ac6/systemworkbench/plugins/fr.ac6.mcu.externaltools.arm-none.win32_1.17.0.201812190825/tools/compiler/bin/../lib/gcc/arm-none-eabi/7.3.1/../../../../arm-none-eabi/lib/thumb/v7-m\libc.a(lib_a-exit.o)
                              c:/ac6/systemworkbench/plugins/fr.ac6.mcu.externaltools.arm-none.win32_1.17.0.201812190825/tools/compiler/bin/../lib/gcc/arm-none-eabi/7.3.1/../../../../arm-none-eabi/lib/thumb/v7-m/crt0.o (exit)
c:/ac6/systemworkbench/plugins/fr.ac6.mcu.externaltools.arm-none.win32_1.17.0.201812190825/tools/compiler/bin/../lib/gcc/arm-none-eabi/7.3.1/../../../../arm-none-eabi/lib/thumb/v7-m\libc.a(lib_a-impure.o)
                              c:/ac6/systemworkbench/plugins/fr.ac6.mcu.externaltools.arm-none.win32_1.17.0.201812190825/tools/compiler/bin/../lib/gcc/arm-none-eabi/7.3.1/../../../../arm-none-eabi/lib/thumb/v7-m\libc.a(lib_a-exit.o) (_global_impure_ptr)
c:/ac6/systemworkbench/plugins/fr.ac6.mcu.externaltools.arm-none.win32_1.17.0.201812190825/tools/compiler/bin/../lib/gcc/arm-none-eabi/7.3.1/../../../../arm-none-eabi/lib/thumb/v7-m\libc.a(lib_a-init.o)
                              c:/ac6/systemworkbench/plugins/fr.ac6.mcu.externaltools.arm-none.win32_1.17.0.201812190825/tools/compiler/bin/../lib/gcc/arm-none-eabi/7.3.1/../../../../arm-none-eabi/lib/thumb/v7-m/crt0.o (__libc_init_array)
c:/ac6/systemworkbench/plugins/fr.ac6.mcu.externaltools.arm-none.win32_1.17.0.201812190825/tools/compiler/bin/../lib/gcc/arm-none-eabi/7.3.1/../../../../arm-none-eabi/lib/thumb/v7-m\libc.a(lib_a-memcpy.o)
                              FreeRTOS/queue.o (memcpy)
c:/ac6/systemworkbench/plugins/fr.ac6.mcu.externaltools.arm-none.win32_1.17.0.201812190825/tools/compiler/bin/../lib/gcc/arm-none-eabi/7.3.1/../../../../arm-none-eabi/lib/thumb/v7-m\libc.a(lib_a-memset.o)
                              c:/ac6/systemworkbench/plugins/fr.ac6.mcu.externaltools.arm-none.win32_1.17.0.201812190825/tools/compiler/bin/../lib/gcc/arm-none-eabi/7.3.1/../../../../arm-none-eabi/lib/thumb/v7-m/crt0.o (memset)
c:/ac6/systemworkbench/plugins/fr.ac6.mcu.externaltools.arm-none.win32_1.17.0.201812190825/tools/compiler/bin/../lib/gcc/arm-none-eabi/7.3.1/../../../../arm-none-eabi/lib/thumb/v7-m\libc.a(lib_a-sprintf.o)
                              src/lcd.o (sprintf)
c:/ac6/systemworkbench/plugins/fr.ac6.mcu.externaltools.arm-none.win32_1.17.0.201812190825/tools/compiler/bin/../lib/gcc/arm-none-eabi/7.3.1/../../../../arm-none-eabi/lib/thumb/v7-m\libc.a(lib_a-strcat.o)
                              src/lcd.o (strcat)
c:/ac6/systemworkbench/plugins/fr.ac6.mcu.externaltools.arm-none.win32_1.17.0.201812190825/tools/compiler/bin/../lib/gcc/arm-none-eabi/7.3.1/../../../../arm-none-eabi/lib/thumb/v7-m\libc.a(lib_a-strcpy.o)
                              src/lcd.o (strcpy)
c:/ac6/systemworkbench/plugins/fr.ac6.mcu.externaltools.arm-none.win32_1.17.0.201812190825/tools/compiler/bin/../lib/gcc/arm-none-eabi/7.3.1/../../../../arm-none-eabi/lib/thumb/v7-m\libc.a(lib_a-strlen-stub.o)
                              src/lcd.o (strlen)
c:/ac6/systemworkbench/plugins/fr.ac6.mcu.externaltools.arm-none.win32_1.17.0.201812190825/tools/compiler/bin/../lib/gcc/arm-none-eabi/7.3.1/../../../../arm-none-eabi/lib/thumb/v7-m\libc.a(lib_a-strtol.o)
                              c:/ac6/systemworkbench/plugins/fr.ac6.mcu.externaltools.arm-none.win32_1.17.0.201812190825/tools/compiler/bin/../lib/gcc/arm-none-eabi/7.3.1/../../../../arm-none-eabi/lib/thumb/v7-m\libc.a(lib_a-atoi.o) (_strtol_r)
c:/ac6/systemworkbench/plugins/fr.ac6.mcu.externaltools.arm-none.win32_1.17.0.201812190825/tools/compiler/bin/../lib/gcc/arm-none-eabi/7.3.1/../../../../arm-none-eabi/lib/thumb/v7-m\libc.a(lib_a-svfprintf.o)
[...]
Memory Configuration

Name             Origin             Length             Attributes
RAM              0x20000000         0x00005000         xrw
ROM              0x08000000         0x00020000         xr
*default*        0x00000000         0xffffffff

Linker script and memory map

LOAD c:/ac6/systemworkbench/plugins/fr.ac6.mcu.externaltools.arm-none.win32_1.17.0.201812190825/tools/compiler/bin/../lib/gcc/arm-none-eabi/7.3.1/thumb/v7-m/crti.o
LOAD c:/ac6/systemworkbench/plugins/fr.ac6.mcu.externaltools.arm-none.win32_1.17.0.201812190825/tools/compiler/bin/../lib/gcc/arm-none-eabi/7.3.1/thumb/v7-m/crtbegin.o
LOAD c:/ac6/systemworkbench/plugins/fr.ac6.mcu.externaltools.arm-none.win32_1.17.0.201812190825/tools/compiler/bin/../lib/gcc/arm-none-eabi/7.3.1/../../../../arm-none-eabi/lib/thumb/v7-m/crt0.o
LOAD CMSIS/core/core_cm3.o
LOAD FreeRTOS/croutine.o
LOAD FreeRTOS/event_groups.o
LOAD FreeRTOS/heap_2.o
LOAD FreeRTOS/list.o
LOAD FreeRTOS/port.o
LOAD FreeRTOS/queue.o
LOAD FreeRTOS/stream_buffer.o
LOAD FreeRTOS/tasks.o
LOAD FreeRTOS/timers.o
LOAD StdPeriph_Driver/src/misc.o
LOAD StdPeriph_Driver/src/stm32f10x_adc.o
LOAD StdPeriph_Driver/src/stm32f10x_bkp.o
LOAD StdPeriph_Driver/src/stm32f10x_can.o
LOAD StdPeriph_Driver/src/stm32f10x_cec.o
LOAD StdPeriph_Driver/src/stm32f10x_crc.o
LOAD StdPeriph_Driver/src/stm32f10x_dac.o
LOAD StdPeriph_Driver/src/stm32f10x_dbgmcu.o
LOAD StdPeriph_Driver/src/stm32f10x_dma.o
LOAD StdPeriph_Driver/src/stm32f10x_exti.o
LOAD StdPeriph_Driver/src/stm32f10x_flash.o
LOAD StdPeriph_Driver/src/stm32f10x_fsmc.o
LOAD StdPeriph_Driver/src/stm32f10x_gpio.o
LOAD StdPeriph_Driver/src/stm32f10x_i2c.o
LOAD StdPeriph_Driver/src/stm32f10x_iwdg.o
LOAD StdPeriph_Driver/src/stm32f10x_pwr.o
LOAD StdPeriph_Driver/src/stm32f10x_rcc.o
LOAD StdPeriph_Driver/src/stm32f10x_rtc.o
LOAD StdPeriph_Driver/src/stm32f10x_sdio.o
LOAD StdPeriph_Driver/src/stm32f10x_spi.o
LOAD StdPeriph_Driver/src/stm32f10x_tim.o
LOAD StdPeriph_Driver/src/stm32f10x_usart.o
LOAD StdPeriph_Driver/src/stm32f10x_wwdg.o
LOAD src/lcd.o
LOAD src/main.o
LOAD src/stm32f10x_it.o
LOAD src/syscalls.o
LOAD startup/startup_stm32.o
LOAD c:/ac6/systemworkbench/plugins/fr.ac6.mcu.externaltools.arm-none.win32_1.17.0.201812190825/tools/compiler/bin/../lib/gcc/arm-none-eabi/7.3.1/../../../../arm-none-eabi/lib/thumb/v7-m\libm.a
START GROUP
LOAD c:/ac6/systemworkbench/plugins/fr.ac6.mcu.externaltools.arm-none.win32_1.17.0.201812190825/tools/compiler/bin/../lib/gcc/arm-none-eabi/7.3.1/thumb/v7-m\libgcc.a
LOAD c:/ac6/systemworkbench/plugins/fr.ac6.mcu.externaltools.arm-none.win32_1.17.0.201812190825/tools/compiler/bin/../lib/gcc/arm-none-eabi/7.3.1/../../../../arm-none-eabi/lib/thumb/v7-m\libc.a
END GROUP
LOAD c:/ac6/systemworkbench/plugins/fr.ac6.mcu.externaltools.arm-none.win32_1.17.0.201812190825/tools/compiler/bin/../lib/gcc/arm-none-eabi/7.3.1/thumb/v7-m/crtend.o
LOAD c:/ac6/systemworkbench/plugins/fr.ac6.mcu.externaltools.arm-none.win32_1.17.0.201812190825/tools/compiler/bin/../lib/gcc/arm-none-eabi/7.3.1/thumb/v7-m/crtn.o
                0x20005000                _estack = 0x20005000
                0x00000000                _Min_Heap_Size = 0x0
                0x00000400                _Min_Stack_Size = 0x400

.isr_vector     0x08000000      0x10c
                0x08000000                . = ALIGN (0x4)
 *(.isr_vector)
 .isr_vector    0x08000000      0x10c startup/startup_stm32.o
                0x08000000                g_pfnVectors
                0x0800010c                . = ALIGN (0x4)

.text           0x08000110     0x7308
                0x08000110                . = ALIGN (0x4)
 *(.text)
 .text          0x08000110       0x40 c:/ac6/systemworkbench/plugins/fr.ac6.mcu.externaltools.arm-none.win32_1.17.0.201812190825/tools/compiler/bin/../lib/gcc/arm-none-eabi/7.3.1/thumb/v7-m/crtbegin.o
 .text          0x08000150      0x378 c:/ac6/systemworkbench/plugins/fr.ac6.mcu.externaltools.arm-none.win32_1.17.0.201812190825/tools/compiler/bin/../lib/gcc/arm-none-eabi/7.3.1/thumb/v7-m\libgcc.a(_arm_addsubdf3.o)
                0x08000150                __aeabi_drsub
                0x08000158                __aeabi_dsub
                0x08000158                __subdf3
                0x0800015c                __aeabi_dadd
                0x0800015c                __adddf3
                0x080003d4                __floatunsidf
                0x080003d4                __aeabi_ui2d
                0x080003f4                __floatsidf
                0x080003f4                __aeabi_i2d
                0x08000418                __aeabi_f2d
                0x08000418                __extendsfdf2
                0x0800045c                __floatundidf
                0x0800045c                __aeabi_ul2d
                0x0800046c                __floatdidf
                0x0800046c                __aeabi_l2d
 .text          0x080004c8      0x424 c:/ac6/systemworkbench/plugins/fr.ac6.mcu.externaltools.arm-none.win32_1.17.0.201812190825/tools/compiler/bin/../lib/gcc/arm-none-eabi/7.3.1/thumb/v7-m\libgcc.a(_arm_muldivdf3.o)
                0x080004c8                __aeabi_dmul
                0x080004c8                __muldf3
                0x0800071c                __divdf3
                0x0800071c                __aeabi_ddiv
 .text          0x080008ec       0xec c:/ac6/systemworkbench/plugins/fr.ac6.mcu.externaltools.arm-none.win32_1.17.0.201812190825/tools/compiler/bin/../lib/gcc/arm-none-eabi/7.3.1/../../../../arm-none-eabi/lib/thumb/v7-m\libc.a(lib_a-memcpy.o)
                0x080008ec                memcpy
 .text          0x080009d8      0x110 c:/ac6/systemworkbench/plugins/fr.ac6.mcu.externaltools.arm-none.win32_1.17.0.201812190825/tools/compiler/bin/../lib/gcc/arm-none-eabi/7.3.1/thumb/v7-m\libgcc.a(_arm_cmpdf2.o)
                0x080009d8                __gtdf2
                0x080009d8                __gedf2
                0x080009e0                __ltdf2
                0x080009e0                __ledf2
                0x080009e8                __nedf2
                0x080009e8                __eqdf2
                0x080009e8                __cmpdf2
                0x08000a64                __aeabi_cdrcmple
                0x08000a74                __aeabi_cdcmpeq
                0x08000a74                __aeabi_cdcmple
                0x08000a84                __aeabi_dcmpeq
                0x08000a98                __aeabi_dcmplt
                0x08000aac                __aeabi_dcmple
                0x08000ac0                __aeabi_dcmpge
                0x08000ad4                __aeabi_dcmpgt
 .text          0x08000ae8       0x2c c:/ac6/systemworkbench/plugins/fr.ac6.mcu.externaltools.arm-none.win32_1.17.0.201812190825/tools/compiler/bin/../lib/gcc/arm-none-eabi/7.3.1/thumb/v7-m\libgcc.a(_arm_unorddf2.o)
                0x08000ae8                __unorddf2
                0x08000ae8                __aeabi_dcmpun
 .text          0x08000b14       0x50 c:/ac6/systemworkbench/plugins/fr.ac6.mcu.externaltools.arm-none.win32_1.17.0.201812190825/tools/compiler/bin/../lib/gcc/arm-none-eabi/7.3.1/thumb/v7-m\libgcc.a(_arm_fixdfsi.o)
                0x08000b14                __aeabi_d2iz
                0x08000b14                __fixdfsi
 .text          0x08000b64       0x30 c:/ac6/systemworkbench/plugins/fr.ac6.mcu.externaltools.arm-none.win32_1.17.0.201812190825/tools/compiler/bin/../lib/gcc/arm-none-eabi/7.3.1/thumb/v7-m\libgcc.a(_aeabi_uldivmod.o)
                0x08000b64                __aeabi_uldivmod
 .text          0x08000b94      0x2d0 c:/ac6/systemworkbench/plugins/fr.ac6.mcu.externaltools.arm-none.win32_1.17.0.201812190825/tools/compiler/bin/../lib/gcc/arm-none-eabi/7.3.1/thumb/v7-m\libgcc.a(_udivmoddi4.o)
                0x08000b94                __udivmoddi4
 .text          0x08000e64        0x4 c:/ac6/systemworkbench/plugins/fr.ac6.mcu.externaltools.arm-none.win32_1.17.0.201812190825/tools/compiler/bin/../lib/gcc/arm-none-eabi/7.3.1/thumb/v7-m\libgcc.a(_dvmd_tls.o)
                0x08000e64                __aeabi_idiv0
                0x08000e64                __aeabi_ldiv0
 *(.text*)
 .text.pvPortMalloc
                0x08000e68       0xb0 FreeRTOS/heap_2.o
                0x08000e68                pvPortMalloc
 .text.vPortFree
                0x08000f18       0x40 FreeRTOS/heap_2.o
                0x08000f18                vPortFree
 .text.vListInitialise
                0x08000f58       0x16 FreeRTOS/list.o
                0x08000f58                vListInitialise
 .text.vListInitialiseItem
                0x08000f6e        0x6 FreeRTOS/list.o
                0x08000f6e                vListInitialiseItem
 .text.vListInsertEnd
                0x08000f74       0x18 FreeRTOS/list.o
                0x08000f74                vListInsertEnd
 .text.vListInsert
                0x08000f8c       0x2e FreeRTOS/list.o
                0x08000f8c                vListInsert
 .text.uxListRemove
                0x08000fba       0x22 FreeRTOS/list.o
                0x08000fba                uxListRemove
 .text.prvTaskExitError
                0x08000fdc       0x20 FreeRTOS/port.o
 .text.prvPortStartFirstTask
                0x08000ffc       0x20 FreeRTOS/port.o
 .text.pxPortInitialiseStack
                0x0800101c       0x24 FreeRTOS/port.o
                0x0800101c                pxPortInitialiseStack
 .text.SVC_Handler
                0x08001040       0x24 FreeRTOS/port.o
                0x08001040                SVC_Handler
 .text.vPortEnterCritical
                0x08001064       0x20 FreeRTOS/port.o
                0x08001064                vPortEnterCritical
 .text.vPortExitCritical
                0x08001084       0x14 FreeRTOS/port.o
                0x08001084                vPortExitCritical
 *fill*         0x08001098        0x8 
 .text.PendSV_Handler
                0x080010a0       0x44 FreeRTOS/port.o
                0x080010a0                PendSV_Handler
 .text.SysTick_Handler
                0x080010e4       0x2c FreeRTOS/port.o
                0x080010e4                SysTick_Handler
 .text.vPortSetupTimerInterrupt
                0x08001110       0x24 FreeRTOS/port.o
                0x08001110                vPortSetupTimerInterrupt
 .text.xPortStartScheduler
                0x08001134       0x38 FreeRTOS/port.o
                0x08001134                xPortStartScheduler
 .text.prvIsQueueEmpty
                0x0800116c       0x16 FreeRTOS/queue.o
 .text.prvCopyDataToQueue
                0x08001182       0x66 FreeRTOS/queue.o
 .text.prvCopyDataFromQueue
                0x080011e8       0x28 FreeRTOS/queue.o
 .text.prvUnlockQueue
                0x08001210       0x70 FreeRTOS/queue.o
 .text.xQueueGenericReset
                0x08001280       0x6c FreeRTOS/queue.o
                0x08001280                xQueueGenericReset
 .text.xQueueGenericCreate
                0x080012ec       0x2e FreeRTOS/queue.o
                0x080012ec                xQueueGenericCreate
 .text.xQueueGenericSendFromISR
                0x0800131a       0x68 FreeRTOS/queue.o
                0x0800131a                xQueueGenericSendFromISR
 *fill*         0x08001382        0x2 
 .text.xQueueReceive
                0x08001384       0xf0 FreeRTOS/queue.o
                0x08001384                xQueueReceive
 .text.uxQueueMessagesWaiting
                0x08001474       0x12 FreeRTOS/queue.o
                0x08001474                uxQueueMessagesWaiting
 *fill*         0x08001486        0x2 
 .text.prvResetNextTaskUnblockTime
                0x08001488       0x20 FreeRTOS/tasks.o
 .text.prvAddCurrentTaskToDelayedList
                0x080014a8       0x6c FreeRTOS/tasks.o
 .text.prvIdleTask
                0x08001514       0x54 FreeRTOS/tasks.o
 .text.xTaskCreate
                0x08001568      0x188 FreeRTOS/tasks.o
                0x08001568                xTaskCreate
 .text.vTaskResume
                0x080016f0       0x78 FreeRTOS/tasks.o
                0x080016f0                vTaskResume
 .text.xTaskResumeFromISR
                0x08001768       0x84 FreeRTOS/tasks.o
                0x08001768                xTaskResumeFromISR
 .text.vTaskStartScheduler
                0x080017ec       0x54 FreeRTOS/tasks.o
                0x080017ec                vTaskStartScheduler
 .text.vTaskSuspendAll
                0x08001840       0x14 FreeRTOS/tasks.o
                0x08001840                vTaskSuspendAll
 .text.xTaskIncrementTick
                0x08001854       0xcc FreeRTOS/tasks.o
                0x08001854                xTaskIncrementTick
 .text.xTaskResumeAll
                0x08001920       0xc0 FreeRTOS/tasks.o
                0x08001920                xTaskResumeAll
 .text.vTaskDelay
                0x080019e0       0x30 FreeRTOS/tasks.o
                0x080019e0                vTaskDelay
 .text.vTaskSwitchContext
                0x08001a10       0x50 FreeRTOS/tasks.o
                0x08001a10                vTaskSwitchContext
 .text.vTaskSuspend
                0x08001a60       0xa8 FreeRTOS/tasks.o
                0x08001a60                vTaskSuspend
 .text.vTaskPlaceOnEventList
                0x08001b08       0x20 FreeRTOS/tasks.o
                0x08001b08                vTaskPlaceOnEventList
 .text.xTaskRemoveFromEventList
                0x08001b28       0x5c FreeRTOS/tasks.o
                0x08001b28                xTaskRemoveFromEventList
 .text.vTaskInternalSetTimeOutState
                0x08001b84       0x14 FreeRTOS/tasks.o
                0x08001b84                vTaskInternalSetTimeOutState
 .text.xTaskCheckForTimeOut
                0x08001b98       0x4c FreeRTOS/tasks.o
                0x08001b98                xTaskCheckForTimeOut
 .text.vTaskMissedYield
                0x08001be4       0x10 FreeRTOS/tasks.o
                0x08001be4                vTaskMissedYield
 .text.xTaskPriorityDisinherit
                0x08001bf4       0x70 FreeRTOS/tasks.o
                0x08001bf4                xTaskPriorityDisinherit
 .text.NVIC_PriorityGroupConfig
                0x08001c64       0x14 StdPeriph_Driver/src/misc.o
                0x08001c64                NVIC_PriorityGroupConfig
 .text.NVIC_Init
                0x08001c78       0x58 StdPeriph_Driver/src/misc.o
                0x08001c78                NVIC_Init
 .text.FLASH_SetLatency
                0x08001cd0       0x14 StdPeriph_Driver/src/stm32f10x_flash.o
                0x08001cd0                FLASH_SetLatency
 .text.GPIO_Init
                0x08001ce4       0xa6 StdPeriph_Driver/src/stm32f10x_gpio.o
                0x08001ce4                GPIO_Init
 *fill*         0x08001d8a        0x2 
 .text.I2C_Init
                0x08001d8c       0xc8 StdPeriph_Driver/src/stm32f10x_i2c.o
                0x08001d8c                I2C_Init
 .text.I2C_Cmd  0x08001e54       0x16 StdPeriph_Driver/src/stm32f10x_i2c.o
                0x08001e54                I2C_Cmd
 .text.I2C_GenerateSTART
                0x08001e6a       0x16 StdPeriph_Driver/src/stm32f10x_i2c.o
                0x08001e6a                I2C_GenerateSTART
 .text.I2C_GenerateSTOP
                0x08001e80       0x16 StdPeriph_Driver/src/stm32f10x_i2c.o
                0x08001e80                I2C_GenerateSTOP
 .text.I2C_AcknowledgeConfig
                0x08001e96       0x16 StdPeriph_Driver/src/stm32f10x_i2c.o
                0x08001e96                I2C_AcknowledgeConfig
 .text.I2C_SendData
                0x08001eac        0x4 StdPeriph_Driver/src/stm32f10x_i2c.o
                0x08001eac                I2C_SendData
 .text.I2C_ReceiveData
                0x08001eb0        0x6 StdPeriph_Driver/src/stm32f10x_i2c.o
                0x08001eb0                I2C_ReceiveData
 .text.I2C_Send7bitAddress
                0x08001eb6       0x12 StdPeriph_Driver/src/stm32f10x_i2c.o
                0x08001eb6                I2C_Send7bitAddress
 .text.I2C_CheckEvent
                0x08001ec8       0x16 StdPeriph_Driver/src/stm32f10x_i2c.o
                0x08001ec8                I2C_CheckEvent
 .text.I2C_GetFlagStatus
                0x08001ede       0x34 StdPeriph_Driver/src/stm32f10x_i2c.o
                0x08001ede                I2C_GetFlagStatus
 *fill*         0x08001f12        0x2 
 .text.PWR_BackupAccessCmd
                0x08001f14        0xc StdPeriph_Driver/src/stm32f10x_pwr.o
                0x08001f14                PWR_BackupAccessCmd
 .text.RCC_HSICmd
                0x08001f20        0xc StdPeriph_Driver/src/stm32f10x_rcc.o
                0x08001f20                RCC_HSICmd
 .text.RCC_PLLConfig
                0x08001f2c       0x14 StdPeriph_Driver/src/stm32f10x_rcc.o
                0x08001f2c                RCC_PLLConfig
 .text.RCC_PLLCmd
                0x08001f40        0xc StdPeriph_Driver/src/stm32f10x_rcc.o
                0x08001f40                RCC_PLLCmd
 .text.RCC_SYSCLKConfig
                0x08001f4c       0x14 StdPeriph_Driver/src/stm32f10x_rcc.o
                0x08001f4c                RCC_SYSCLKConfig
 .text.RCC_GetSYSCLKSource
                0x08001f60       0x10 StdPeriph_Driver/src/stm32f10x_rcc.o
                0x08001f60                RCC_GetSYSCLKSource
 .text.RCC_HCLKConfig
                0x08001f70       0x14 StdPeriph_Driver/src/stm32f10x_rcc.o
                0x08001f70                RCC_HCLKConfig
 .text.RCC_PCLK1Config
                0x08001f84       0x14 StdPeriph_Driver/src/stm32f10x_rcc.o
                0x08001f84                RCC_PCLK1Config
 .text.RCC_PCLK2Config
                0x08001f98       0x14 StdPeriph_Driver/src/stm32f10x_rcc.o
                0x08001f98                RCC_PCLK2Config
 .text.RCC_LSEConfig
                0x08001fac       0x20 StdPeriph_Driver/src/stm32f10x_rcc.o
                0x08001fac                RCC_LSEConfig
 .text.RCC_RTCCLKConfig
                0x08001fcc       0x10 StdPeriph_Driver/src/stm32f10x_rcc.o
                0x08001fcc                RCC_RTCCLKConfig
 .text.RCC_RTCCLKCmd
                0x08001fdc        0xc StdPeriph_Driver/src/stm32f10x_rcc.o
                0x08001fdc                RCC_RTCCLKCmd
 .text.RCC_GetClocksFreq
                0x08001fe8       0x90 StdPeriph_Driver/src/stm32f10x_rcc.o
                0x08001fe8                RCC_GetClocksFreq
 .text.RCC_APB2PeriphClockCmd
                0x08002078       0x18 StdPeriph_Driver/src/stm32f10x_rcc.o
                0x08002078                RCC_APB2PeriphClockCmd
 .text.RCC_APB1PeriphClockCmd
                0x08002090       0x18 StdPeriph_Driver/src/stm32f10x_rcc.o
                0x08002090                RCC_APB1PeriphClockCmd
 .text.RCC_BackupResetCmd
                0x080020a8        0xc StdPeriph_Driver/src/stm32f10x_rcc.o
                0x080020a8                RCC_BackupResetCmd
 .text.RTC_EnterConfigMode
                0x080020b4       0x10 StdPeriph_Driver/src/stm32f10x_rtc.o
                0x080020b4                RTC_EnterConfigMode
 .text.RTC_ExitConfigMode
                0x080020c4       0x14 StdPeriph_Driver/src/stm32f10x_rtc.o
                0x080020c4                RTC_ExitConfigMode
 .text.RTC_GetCounter
                0x080020d8       0x10 StdPeriph_Driver/src/stm32f10x_rtc.o
                0x080020d8                RTC_GetCounter
 .text.RTC_SetCounter
                0x080020e8       0x1c StdPeriph_Driver/src/stm32f10x_rtc.o
                0x080020e8                RTC_SetCounter
 .text.RTC_SetPrescaler
                0x08002104       0x20 StdPeriph_Driver/src/stm32f10x_rtc.o
                0x08002104                RTC_SetPrescaler
 .text.RTC_WaitForSynchro
                0x08002124       0x1c StdPeriph_Driver/src/stm32f10x_rtc.o
                0x08002124                RTC_WaitForSynchro
 .text.TIM_TimeBaseInit
                0x08002140       0x94 StdPeriph_Driver/src/stm32f10x_tim.o
                0x08002140                TIM_TimeBaseInit
 .text.TIM_Cmd  0x080021d4       0x16 StdPeriph_Driver/src/stm32f10x_tim.o
                0x080021d4                TIM_Cmd
 .text.TIM_ITConfig
                0x080021ea       0x10 StdPeriph_Driver/src/stm32f10x_tim.o
                0x080021ea                TIM_ITConfig
 .text.TIM_InternalClockConfig
                0x080021fa        0xe StdPeriph_Driver/src/stm32f10x_tim.o
                0x080021fa                TIM_InternalClockConfig
 .text.TIM_ClearITPendingBit
                0x08002208        0x8 StdPeriph_Driver/src/stm32f10x_tim.o
                0x08002208                TIM_ClearITPendingBit
 .text.USART_Init
                0x08002210       0xa0 StdPeriph_Driver/src/stm32f10x_usart.o
                0x08002210                USART_Init
 .text.USART_Cmd
                0x080022b0       0x16 StdPeriph_Driver/src/stm32f10x_usart.o
                0x080022b0                USART_Cmd
 .text.USART_ITConfig
                0x080022c6       0x30 StdPeriph_Driver/src/stm32f10x_usart.o
                0x080022c6                USART_ITConfig
 .text.USART_SendData
                0x080022f6        0x8 StdPeriph_Driver/src/stm32f10x_usart.o
                0x080022f6                USART_SendData
 .text.USART_ReceiveData
                0x080022fe        0x8 StdPeriph_Driver/src/stm32f10x_usart.o
                0x080022fe                USART_ReceiveData
 .text.USART_GetFlagStatus
                0x08002306        0xc StdPeriph_Driver/src/stm32f10x_usart.o
                0x08002306                USART_GetFlagStatus
 .text.USART_GetITStatus
                0x08002312       0x3e StdPeriph_Driver/src/stm32f10x_usart.o
                0x08002312                USART_GetITStatus
 .text.USART_ClearITPendingBit
                0x08002350        0xe StdPeriph_Driver/src/stm32f10x_usart.o
                0x08002350                USART_ClearITPendingBit
 *fill*         0x0800235e        0x2 
 .text.prvSendMessageUSART2
                0x08002360       0x34 src/main.o
 .text.prvSystemchange
                0x08002394       0x88 src/main.o
 .text.prvFlashTask1
                0x0800241c       0x40 src/main.o
 .text.verificar_comando
                0x0800245c       0x54 src/main.o
                0x0800245c                verificar_comando
 .text.verificar_comando_port
                0x080024b0       0xc0 src/main.o
                0x080024b0                verificar_comando_port
 .text.verify_date
                0x08002570      0x120 src/main.o
                0x08002570                verify_date
 .text.i2c_send
                0x08002690       0x74 src/main.o
                0x08002690                i2c_send
 .text.i2c_received_int_8
                0x08002704       0x5c src/main.o
                0x08002704                i2c_received_int_8
 .text.i2c_end_com
                0x08002760       0x2c src/main.o
                0x08002760                i2c_end_com
 .text.prvSendTemp
                0x0800278c      0x4ac src/main.o
 .text.i2c_init
                0x08002c38       0x70 src/main.o
                0x08002c38                i2c_init
 .text.startup.main
                0x08002ca8      0x284 src/main.o
                0x08002ca8                main
 .text.WWDG_IRQHandler
                0x08002f2c        0x2 src/stm32f10x_it.o
                0x08002f2c                WWDG_IRQHandler
 .text.PVD_IRQHandler
                0x08002f2e        0x2 src/stm32f10x_it.o
                0x08002f2e                PVD_IRQHandler
 .text.TAMPER_IRQHandler
                0x08002f30        0x2 src/stm32f10x_it.o
                0x08002f30                TAMPER_IRQHandler
 .text.RTC_IRQHandler
                0x08002f32        0x2 src/stm32f10x_it.o
                0x08002f32                RTC_IRQHandler
 .text.FLASH_IRQHandler
                0x08002f34        0x2 src/stm32f10x_it.o
                0x08002f34                FLASH_IRQHandler
 .text.RCC_IRQHandler
                0x08002f36        0x2 src/stm32f10x_it.o
                0x08002f36                RCC_IRQHandler
 .text.EXTI0_IRQHandler
                0x08002f38        0x2 src/stm32f10x_it.o
                0x08002f38                EXTI0_IRQHandler
 .text.EXTI1_IRQHandler
                0x08002f3a        0x2 src/stm32f10x_it.o
                0x08002f3a                EXTI1_IRQHandler
 .text.EXTI2_IRQHandler
                0x08002f3c        0x2 src/stm32f10x_it.o
                0x08002f3c                EXTI2_IRQHandler
 .text.EXTI3_IRQHandler
                0x08002f3e        0x2 src/stm32f10x_it.o
                0x08002f3e                EXTI3_IRQHandler
 .text.EXTI4_IRQHandler
                0x08002f40        0x2 src/stm32f10x_it.o
                0x08002f40                EXTI4_IRQHandler
 .text.DMA1_Channel1_IRQHandler
                0x08002f42        0x2 src/stm32f10x_it.o
                0x08002f42                DMA1_Channel1_IRQHandler
 .text.DMA1_Channel2_IRQHandler
                0x08002f44        0x2 src/stm32f10x_it.o
                0x08002f44                DMA1_Channel2_IRQHandler
 .text.DMA1_Channel3_IRQHandler
                0x08002f46        0x2 src/stm32f10x_it.o
                0x08002f46                DMA1_Channel3_IRQHandler
 .text.DMA1_Channel4_IRQHandler
                0x08002f48        0x2 src/stm32f10x_it.o
                0x08002f48                DMA1_Channel4_IRQHandler
 .text.DMA1_Channel5_IRQHandler
                0x08002f4a        0x2 src/stm32f10x_it.o
                0x08002f4a                DMA1_Channel5_IRQHandler
 .text.DMA1_Channel6_IRQHandler
                0x08002f4c        0x2 src/stm32f10x_it.o
                0x08002f4c                DMA1_Channel6_IRQHandler
 .text.DMA1_Channel7_IRQHandler
                0x08002f4e        0x2 src/stm32f10x_it.o
                0x08002f4e                DMA1_Channel7_IRQHandler
 .text.ADC1_2_IRQHandler
                0x08002f50        0x2 src/stm32f10x_it.o
                0x08002f50                ADC1_2_IRQHandler
 .text.EXTI9_5_IRQHandler
                0x08002f52        0x2 src/stm32f10x_it.o
                0x08002f52                EXTI9_5_IRQHandler
 .text.TIM1_BRK_IRQHandler
                0x08002f54        0x2 src/stm32f10x_it.o
                0x08002f54                TIM1_BRK_IRQHandler
 .text.TIM1_UP_IRQHandler
                0x08002f56        0x2 src/stm32f10x_it.o
                0x08002f56                TIM1_UP_IRQHandler
 .text.TIM1_TRG_COM_IRQHandler
                0x08002f58        0x2 src/stm32f10x_it.o
                0x08002f58                TIM1_TRG_COM_IRQHandler
 .text.TIM1_CC_IRQHandler
                0x08002f5a        0x2 src/stm32f10x_it.o
                0x08002f5a                TIM1_CC_IRQHandler
 .text.TIM2_IRQHandler
                0x08002f5c        0x2 src/stm32f10x_it.o
                0x08002f5c                TIM2_IRQHandler
 *fill*         0x08002f5e        0x2 
 .text.TIM3_IRQHandler
                0x08002f60       0x20 src/stm32f10x_it.o
                0x08002f60                TIM3_IRQHandler
 .text.TIM4_IRQHandler
                0x08002f80        0x2 src/stm32f10x_it.o
                0x08002f80                TIM4_IRQHandler
 .text.I2C1_EV_IRQHandler
                0x08002f82        0x2 src/stm32f10x_it.o
                0x08002f82                I2C1_EV_IRQHandler
 .text.I2C1_ER_IRQHandler
                0x08002f84        0x2 src/stm32f10x_it.o
                0x08002f84                I2C1_ER_IRQHandler
 .text.I2C2_EV_IRQHandler
                0x08002f86        0x2 src/stm32f10x_it.o
                0x08002f86                I2C2_EV_IRQHandler
 .text.I2C2_ER_IRQHandler
                0x08002f88        0x2 src/stm32f10x_it.o
                0x08002f88                I2C2_ER_IRQHandler
 .text.SPI1_IRQHandler
                0x08002f8a        0x2 src/stm32f10x_it.o
                0x08002f8a                SPI1_IRQHandler
 .text.SPI2_IRQHandler
                0x08002f8c        0x2 src/stm32f10x_it.o
                0x08002f8c                SPI2_IRQHandler
 .text.USART1_IRQHandler
                0x08002f8e        0x2 src/stm32f10x_it.o
                0x08002f8e                USART1_IRQHandler
 .text.USART2_IRQHandler
                0x08002f90       0x7c src/stm32f10x_it.o
                0x08002f90                USART2_IRQHandler
 .text.USART3_IRQHandler
                0x0800300c        0x2 src/stm32f10x_it.o
                0x0800300c                USART3_IRQHandler
 .text.EXTI15_10_IRQHandler
                0x0800300e        0x2 src/stm32f10x_it.o
                0x0800300e                EXTI15_10_IRQHandler
 .text.RTCAlarm_IRQHandler
                0x08003010        0x2 src/stm32f10x_it.o
                0x08003010                RTCAlarm_IRQHandler
 .text.USBWakeUp_IRQHandler
                0x08003012        0x2 src/stm32f10x_it.o
                0x08003012                USBWakeUp_IRQHandler
 .text._sbrk    0x08003014       0x34 src/syscalls.o
                0x08003014                _sbrk
 .text.Reset_Handler
                0x08003048       0x44 startup/startup_stm32.o
                0x08003048                Reset_Handler
 .text.Default_Handler
                0x0800308c        0x2 startup/startup_stm32.o
                0x0800308c                DebugMon_Handler
                0x0800308c                HardFault_Handler
                0x0800308c                NMI_Handler
                0x0800308c                UsageFault_Handler
                0x0800308c                CAN1_RX1_IRQHandler
                0x0800308c                Default_Handler
                0x0800308c                MemManage_Handler
                0x0800308c                USB_LP_CAN1_RX0_IRQHandler
                0x0800308c                USB_HP_CAN1_TX_IRQHandler
                0x0800308c                CAN1_SCE_IRQHandler
                0x0800308c                BusFault_Handler
 *fill*         0x0800308e        0x2 
 .text.atoi     0x08003090        0x8 c:/ac6/systemworkbench/plugins/fr.ac6.mcu.externaltools.arm-none.win32_1.17.0.201812190825/tools/compiler/bin/../lib/gcc/arm-none-eabi/7.3.1/../../../../arm-none-eabi/lib/thumb/v7-m\libc.a(lib_a-atoi.o)
                0x08003090                atoi
 .text.__errno  0x08003098        0xc c:/ac6/systemworkbench/plugins/fr.ac6.mcu.externaltools.arm-none.win32_1.17.0.201812190825/tools/compiler/bin/../lib/gcc/arm-none-eabi/7.3.1/../../../../arm-none-eabi/lib/thumb/v7-m\libc.a(lib_a-errno.o)
                0x08003098                __errno
 .text.__libc_init_array
                0x080030a4       0x48 c:/ac6/systemworkbench/plugins/fr.ac6.mcu.externaltools.arm-none.win32_1.17.0.201812190825/tools/compiler/bin/../lib/gcc/arm-none-eabi/7.3.1/../../../../arm-none-eabi/lib/thumb/v7-m\libc.a(lib_a-init.o)
                0x080030a4                __libc_init_array
 .text.memset   0x080030ec       0x94 c:/ac6/systemworkbench/plugins/fr.ac6.mcu.externaltools.arm-none.win32_1.17.0.201812190825/tools/compiler/bin/../lib/gcc/arm-none-eabi/7.3.1/../../../../arm-none-eabi/lib/thumb/v7-m\libc.a(lib_a-memset.o)
                0x080030ec                memset
 .text.sprintf  0x08003180       0x44 c:/ac6/systemworkbench/plugins/fr.ac6.mcu.externaltools.arm-none.win32_1.17.0.201812190825/tools/compiler/bin/../lib/gcc/arm-none-eabi/7.3.1/../../../../arm-none-eabi/lib/thumb/v7-m\libc.a(lib_a-sprintf.o)
                0x08003180                sprintf
 .text.strcpy   0x080031c4       0xbc c:/ac6/systemworkbench/plugins/fr.ac6.mcu.externaltools.arm-none.win32_1.17.0.201812190825/tools/compiler/bin/../lib/gcc/arm-none-eabi/7.3.1/../../../../arm-none-eabi/lib/thumb/v7-m\libc.a(lib_a-strcpy.o)
                0x080031c4                strcpy
 .text.strlen   0x08003280       0x5c c:/ac6/systemworkbench/plugins/fr.ac6.mcu.externaltools.arm-none.win32_1.17.0.201812190825/tools/compiler/bin/../lib/gcc/arm-none-eabi/7.3.1/../../../../arm-none-eabi/lib/thumb/v7-m\libc.a(lib_a-strlen-stub.o)
                0x08003280                strlen
 .text._strtol_l.isra.0
                0x080032dc      0x124 c:/ac6/systemworkbench/plugins/fr.ac6.mcu.externaltools.arm-none.win32_1.17.0.201812190825/tools/compiler/bin/../lib/gcc/arm-none-eabi/7.3.1/../../../../arm-none-eabi/lib/thumb/v7-m\libc.a(lib_a-strtol.o)
 .text.strtol   0x08003400       0x2c c:/ac6/systemworkbench/plugins/fr.ac6.mcu.externaltools.arm-none.win32_1.17.0.201812190825/tools/compiler/bin/../lib/gcc/arm-none-eabi/7.3.1/../../../../arm-none-eabi/lib/thumb/v7-m\libc.a(lib_a-strtol.o)
                0x08003400                strtol
 .text._svfprintf_r
                0x0800342c     0x1a04 c:/ac6/systemworkbench/plugins/fr.ac6.mcu.externaltools.arm-none.win32_1.17.0.201812190825/tools/compiler/bin/../lib/gcc/arm-none-eabi/7.3.1/../../../../arm-none-eabi/lib/thumb/v7-m\libc.a(lib_a-svfprintf.o)
                0x0800342c                _svfprintf_r
 .text.startup.register_fini
                0x08004e30       0x14 c:/ac6/systemworkbench/plugins/fr.ac6.mcu.externaltools.arm-none.win32_1.17.0.201812190825/tools/compiler/bin/../lib/gcc/arm-none-eabi/7.3.1/../../../../arm-none-eabi/lib/thumb/v7-m\libc.a(lib_a-__call_atexit.o)
 .text.atexit   0x08004e44        0xc c:/ac6/systemworkbench/plugins/fr.ac6.mcu.externaltools.arm-none.win32_1.17.0.201812190825/tools/compiler/bin/../lib/gcc/arm-none-eabi/7.3.1/../../../../arm-none-eabi/lib/thumb/v7-m\libc.a(lib_a-atexit.o)
                0x08004e44                atexit
 .text.quorem   0x08004e50      0x124 c:/ac6/systemworkbench/plugins/fr.ac6.mcu.externaltools.arm-none.win32_1.17.0.201812190825/tools/compiler/bin/../lib/gcc/arm-none-eabi/7.3.1/../../../../arm-none-eabi/lib/thumb/v7-m\libc.a(lib_a-dtoa.o)
 *fill*         0x08004f74        0x4 
 .text._dtoa_r  0x08004f78      0xe30 c:/ac6/systemworkbench/plugins/fr.ac6.mcu.externaltools.arm-none.win32_1.17.0.201812190825/tools/compiler/bin/../lib/gcc/arm-none-eabi/7.3.1/../../../../arm-none-eabi/lib/thumb/v7-m\libc.a(lib_a-dtoa.o)
                0x08004f78                _dtoa_r
 .text.__libc_fini_array
                0x08005da8       0x34 c:/ac6/systemworkbench/plugins/fr.ac6.mcu.externaltools.arm-none.win32_1.17.0.201812190825/tools/compiler/bin/../lib/gcc/arm-none-eabi/7.3.1/../../../../arm-none-eabi/lib/thumb/v7-m\libc.a(lib_a-fini.o)
                0x08005da8                __libc_fini_array
 .text._malloc_trim_r
                0x08005ddc       0xa0 c:/ac6/systemworkbench/plugins/fr.ac6.mcu.externaltools.arm-none.win32_1.17.0.201812190825/tools/compiler/bin/../lib/gcc/arm-none-eabi/7.3.1/../../../../arm-none-eabi/lib/thumb/v7-m\libc.a(lib_a-freer.o)
                0x08005ddc                _malloc_trim_r
 .text._free_r  0x08005e7c      0x1e8 c:/ac6/systemworkbench/plugins/fr.ac6.mcu.externaltools.arm-none.win32_1.17.0.201812190825/tools/compiler/bin/../lib/gcc/arm-none-eabi/7.3.1/../../../../arm-none-eabi/lib/thumb/v7-m\libc.a(lib_a-freer.o)
                0x08005e7c                _free_r
 .text.__locale_ctype_ptr_l
                0x08006064        0x8 c:/ac6/systemworkbench/plugins/fr.ac6.mcu.externaltools.arm-none.win32_1.17.0.201812190825/tools/compiler/bin/../lib/gcc/arm-none-eabi/7.3.1/../../../../arm-none-eabi/lib/thumb/v7-m\libc.a(lib_a-locale.o)
                0x08006064                __locale_ctype_ptr_l
 .text._localeconv_r
                0x0800606c       0x1c c:/ac6/systemworkbench/plugins/fr.ac6.mcu.externaltools.arm-none.win32_1.17.0.201812190825/tools/compiler/bin/../lib/gcc/arm-none-eabi/7.3.1/../../../../arm-none-eabi/lib/thumb/v7-m\libc.a(lib_a-localeconv.o)
                0x0800606c                _localeconv_r
 .text.__retarget_lock_acquire_recursive
                0x08006088        0x4 c:/ac6/systemworkbench/plugins/fr.ac6.mcu.externaltools.arm-none.win32_1.17.0.201812190825/tools/compiler/bin/../lib/gcc/arm-none-eabi/7.3.1/../../../../arm-none-eabi/lib/thumb/v7-m\libc.a(lib_a-lock.o)
                0x08006088                __retarget_lock_acquire_recursive
 .text.__retarget_lock_release_recursive
                0x0800608c        0x4 c:/ac6/systemworkbench/plugins/fr.ac6.mcu.externaltools.arm-none.win32_1.17.0.201812190825/tools/compiler/bin/../lib/gcc/arm-none-eabi/7.3.1/../../../../arm-none-eabi/lib/thumb/v7-m\libc.a(lib_a-lock.o)
                0x0800608c                __retarget_lock_release_recursive
 .text._malloc_r
                0x08006090      0x524 c:/ac6/systemworkbench/plugins/fr.ac6.mcu.externaltools.arm-none.win32_1.17.0.201812190825/tools/compiler/bin/../lib/gcc/arm-none-eabi/7.3.1/../../../../arm-none-eabi/lib/thumb/v7-m\libc.a(lib_a-mallocr.o)
                0x08006090                _malloc_r
 .text.__ascii_mbtowc
                0x080065b4       0x2c c:/ac6/systemworkbench/plugins/fr.ac6.mcu.externaltools.arm-none.win32_1.17.0.201812190825/tools/compiler/bin/../lib/gcc/arm-none-eabi/7.3.1/../../../../arm-none-eabi/lib/thumb/v7-m\libc.a(lib_a-mbtowc_r.o)
                0x080065b4                __ascii_mbtowc
 .text.memchr   0x080065e0       0x8c c:/ac6/systemworkbench/plugins/fr.ac6.mcu.externaltools.arm-none.win32_1.17.0.201812190825/tools/compiler/bin/../lib/gcc/arm-none-eabi/7.3.1/../../../../arm-none-eabi/lib/thumb/v7-m\libc.a(lib_a-memchr-stub.o)
                0x080065e0                memchr
 .text.__malloc_lock
                0x0800666c        0xc c:/ac6/systemworkbench/plugins/fr.ac6.mcu.externaltools.arm-none.win32_1.17.0.201812190825/tools/compiler/bin/../lib/gcc/arm-none-eabi/7.3.1/../../../../arm-none-eabi/lib/thumb/v7-m\libc.a(lib_a-mlock.o)
                0x0800666c                __malloc_lock
 .text.__malloc_unlock
                0x08006678        0xc c:/ac6/systemworkbench/plugins/fr.ac6.mcu.externaltools.arm-none.win32_1.17.0.201812190825/tools/compiler/bin/../lib/gcc/arm-none-eabi/7.3.1/../../../../arm-none-eabi/lib/thumb/v7-m\libc.a(lib_a-mlock.o)
                0x08006678                __malloc_unlock
 .text._Balloc  0x08006684       0x4c c:/ac6/systemworkbench/plugins/fr.ac6.mcu.externaltools.arm-none.win32_1.17.0.201812190825/tools/compiler/bin/../lib/gcc/arm-none-eabi/7.3.1/../../../../arm-none-eabi/lib/thumb/v7-m\libc.a(lib_a-mprec.o)
                0x08006684                _Balloc
 .text._Bfree   0x080066d0       0x14 c:/ac6/systemworkbench/plugins/fr.ac6.mcu.externaltools.arm-none.win32_1.17.0.201812190825/tools/compiler/bin/../lib/gcc/arm-none-eabi/7.3.1/../../../../arm-none-eabi/lib/thumb/v7-m\libc.a(lib_a-mprec.o)
                0x080066d0                _Bfree
 .text.__multadd
                0x080066e4       0x84 c:/ac6/systemworkbench/plugins/fr.ac6.mcu.externaltools.arm-none.win32_1.17.0.201812190825/tools/compiler/bin/../lib/gcc/arm-none-eabi/7.3.1/../../../../arm-none-eabi/lib/thumb/v7-m\libc.a(lib_a-mprec.o)
                0x080066e4                __multadd
 .text.__hi0bits
                0x08006768       0x40 c:/ac6/systemworkbench/plugins/fr.ac6.mcu.externaltools.arm-none.win32_1.17.0.201812190825/tools/compiler/bin/../lib/gcc/arm-none-eabi/7.3.1/../../../../arm-none-eabi/lib/thumb/v7-m\libc.a(lib_a-mprec.o)
                0x08006768                __hi0bits
 .text.__lo0bits
                0x080067a8       0x60 c:/ac6/systemworkbench/plugins/fr.ac6.mcu.externaltools.arm-none.win32_1.17.0.201812190825/tools/compiler/bin/../lib/gcc/arm-none-eabi/7.3.1/../../../../arm-none-eabi/lib/thumb/v7-m\libc.a(lib_a-mprec.o)
                0x080067a8                __lo0bits
 .text.__i2b    0x08006808       0x14 c:/ac6/systemworkbench/plugins/fr.ac6.mcu.externaltools.arm-none.win32_1.17.0.201812190825/tools/compiler/bin/../lib/gcc/arm-none-eabi/7.3.1/../../../../arm-none-eabi/lib/thumb/v7-m\libc.a(lib_a-mprec.o)
                0x08006808                __i2b
 .text.__multiply
                0x0800681c      0x14c c:/ac6/systemworkbench/plugins/fr.ac6.mcu.externaltools.arm-none.win32_1.17.0.201812190825/tools/compiler/bin/../lib/gcc/arm-none-eabi/7.3.1/../../../../arm-none-eabi/lib/thumb/v7-m\libc.a(lib_a-mprec.o)
                0x0800681c                __multiply
 .text.__pow5mult
                0x08006968       0xa0 c:/ac6/systemworkbench/plugins/fr.ac6.mcu.externaltools.arm-none.win32_1.17.0.201812190825/tools/compiler/bin/../lib/gcc/arm-none-eabi/7.3.1/../../../../arm-none-eabi/lib/thumb/v7-m\libc.a(lib_a-mprec.o)
                0x08006968                __pow5mult
 .text.__lshift
                0x08006a08       0xb4 c:/ac6/systemworkbench/plugins/fr.ac6.mcu.externaltools.arm-none.win32_1.17.0.201812190825/tools/compiler/bin/../lib/gcc/arm-none-eabi/7.3.1/../../../../arm-none-eabi/lib/thumb/v7-m\libc.a(lib_a-mprec.o)
                0x08006a08                __lshift
 .text.__mcmp   0x08006abc       0x38 c:/ac6/systemworkbench/plugins/fr.ac6.mcu.externaltools.arm-none.win32_1.17.0.201812190825/tools/compiler/bin/../lib/gcc/arm-none-eabi/7.3.1/../../../../arm-none-eabi/lib/thumb/v7-m\libc.a(lib_a-mprec.o)
                0x08006abc                __mcmp
 .text.__mdiff  0x08006af4      0x100 c:/ac6/systemworkbench/plugins/fr.ac6.mcu.externaltools.arm-none.win32_1.17.0.201812190825/tools/compiler/bin/../lib/gcc/arm-none-eabi/7.3.1/../../../../arm-none-eabi/lib/thumb/v7-m\libc.a(lib_a-mprec.o)
                0x08006af4                __mdiff
 .text.__d2b    0x08006bf4       0xb0 c:/ac6/systemworkbench/plugins/fr.ac6.mcu.externaltools.arm-none.win32_1.17.0.201812190825/tools/compiler/bin/../lib/gcc/arm-none-eabi/7.3.1/../../../../arm-none-eabi/lib/thumb/v7-m\libc.a(lib_a-mprec.o)
                0x08006bf4                __d2b
 .text.frexp    0x08006ca4       0x64 c:/ac6/systemworkbench/plugins/fr.ac6.mcu.externaltools.arm-none.win32_1.17.0.201812190825/tools/compiler/bin/../lib/gcc/arm-none-eabi/7.3.1/../../../../arm-none-eabi/lib/thumb/v7-m\libc.a(lib_a-s_frexp.o)
                0x08006ca4                frexp
 .text._sbrk_r  0x08006d08       0x24 c:/ac6/systemworkbench/plugins/fr.ac6.mcu.externaltools.arm-none.win32_1.17.0.201812190825/tools/compiler/bin/../lib/gcc/arm-none-eabi/7.3.1/../../../../arm-none-eabi/lib/thumb/v7-m\libc.a(lib_a-sbrkr.o)
                0x08006d08                _sbrk_r
 .text.strncpy  0x08006d2c       0x64 c:/ac6/systemworkbench/plugins/fr.ac6.mcu.externaltools.arm-none.win32_1.17.0.201812190825/tools/compiler/bin/../lib/gcc/arm-none-eabi/7.3.1/../../../../arm-none-eabi/lib/thumb/v7-m\libc.a(lib_a-strncpy.o)
                0x08006d2c                strncpy
 .text.__ssprint_r
                0x08006d90       0xf4 c:/ac6/systemworkbench/plugins/fr.ac6.mcu.externaltools.arm-none.win32_1.17.0.201812190825/tools/compiler/bin/../lib/gcc/arm-none-eabi/7.3.1/../../../../arm-none-eabi/lib/thumb/v7-m\libc.a(lib_a-svfiprintf.o)
                0x08006d90                __ssprint_r
 .text.__ascii_wctomb
                0x08006e84       0x18 c:/ac6/systemworkbench/plugins/fr.ac6.mcu.externaltools.arm-none.win32_1.17.0.201812190825/tools/compiler/bin/../lib/gcc/arm-none-eabi/7.3.1/../../../../arm-none-eabi/lib/thumb/v7-m\libc.a(lib_a-wctomb_r.o)
                0x08006e84                __ascii_wctomb
 .text.__register_exitproc
                0x08006e9c       0xc0 c:/ac6/systemworkbench/plugins/fr.ac6.mcu.externaltools.arm-none.win32_1.17.0.201812190825/tools/compiler/bin/../lib/gcc/arm-none-eabi/7.3.1/../../../../arm-none-eabi/lib/thumb/v7-m\libc.a(lib_a-__atexit.o)
                0x08006e9c                __register_exitproc
 .text._calloc_r
                0x08006f5c       0x6c c:/ac6/systemworkbench/plugins/fr.ac6.mcu.externaltools.arm-none.win32_1.17.0.201812190825/tools/compiler/bin/../lib/gcc/arm-none-eabi/7.3.1/../../../../arm-none-eabi/lib/thumb/v7-m\libc.a(lib_a-callocr.o)
                0x08006f5c                _calloc_r
 .text.memmove  0x08006fc8       0xc4 c:/ac6/systemworkbench/plugins/fr.ac6.mcu.externaltools.arm-none.win32_1.17.0.201812190825/tools/compiler/bin/../lib/gcc/arm-none-eabi/7.3.1/../../../../arm-none-eabi/lib/thumb/v7-m\libc.a(lib_a-memmove.o)
                0x08006fc8                memmove
 .text._realloc_r
                0x0800708c      0x374 c:/ac6/systemworkbench/plugins/fr.ac6.mcu.externaltools.arm-none.win32_1.17.0.201812190825/tools/compiler/bin/../lib/gcc/arm-none-eabi/7.3.1/../../../../arm-none-eabi/lib/thumb/v7-m\libc.a(lib_a-reallocr.o)
                0x0800708c                _realloc_r
 *(.glue_7)
 .glue_7        0x08007400        0x0 linker stubs
 *(.glue_7t)
 .glue_7t       0x08007400        0x0 linker stubs
 *(.eh_frame)
 .eh_frame      0x08007400        0x0 c:/ac6/systemworkbench/plugins/fr.ac6.mcu.externaltools.arm-none.win32_1.17.0.201812190825/tools/compiler/bin/../lib/gcc/arm-none-eabi/7.3.1/thumb/v7-m/crtbegin.o
 *(.init)
 .init          0x08007400        0x4 c:/ac6/systemworkbench/plugins/fr.ac6.mcu.externaltools.arm-none.win32_1.17.0.201812190825/tools/compiler/bin/../lib/gcc/arm-none-eabi/7.3.1/thumb/v7-m/crti.o
                0x08007400                _init
 .init          0x08007404        0x8 c:/ac6/systemworkbench/plugins/fr.ac6.mcu.externaltools.arm-none.win32_1.17.0.201812190825/tools/compiler/bin/../lib/gcc/arm-none-eabi/7.3.1/thumb/v7-m/crtn.o
 *(.fini)
 .fini          0x0800740c        0x4 c:/ac6/systemworkbench/plugins/fr.ac6.mcu.externaltools.arm-none.win32_1.17.0.201812190825/tools/compiler/bin/../lib/gcc/arm-none-eabi/7.3.1/thumb/v7-m/crti.o
                0x0800740c                _fini
 .fini          0x08007410        0x8 c:/ac6/systemworkbench/plugins/fr.ac6.mcu.externaltools.arm-none.win32_1.17.0.201812190825/tools/compiler/bin/../lib/gcc/arm-none-eabi/7.3.1/thumb/v7-m/crtn.o
                0x08007418                . = ALIGN (0x4)
                0x08007418                _etext = .

.vfp11_veneer   0x08007418        0x0
 .vfp11_veneer  0x08007418        0x0 linker stubs

.v4_bx          0x08007418        0x0
 .v4_bx         0x08007418        0x0 linker stubs

.iplt           0x08007418        0x0
 .iplt          0x08007418        0x0 c:/ac6/systemworkbench/plugins/fr.ac6.mcu.externaltools.arm-none.win32_1.17.0.201812190825/tools/compiler/bin/../lib/gcc/arm-none-eabi/7.3.1/thumb/v7-m/crtbegin.o

.rodata         0x08007418      0x450
                0x08007418                . = ALIGN (0x4)
 *(.rodata)
 *(.rodata*)
 .rodata.str1.1
                0x08007418        0x5 FreeRTOS/tasks.o
 .rodata.str1.1
                0x0800741d      0x1bd src/main.o
                                0x1cc (size before relaxing)
 *fill*         0x080075da        0x2 
 .rodata._global_impure_ptr
                0x080075dc        0x4 c:/ac6/systemworkbench/plugins/fr.ac6.mcu.externaltools.arm-none.win32_1.17.0.201812190825/tools/compiler/bin/../lib/gcc/arm-none-eabi/7.3.1/../../../../arm-none-eabi/lib/thumb/v7-m\libc.a(lib_a-impure.o)
                0x080075dc                _global_impure_ptr
 .rodata._svfprintf_r.str1.4
                0x080075e0       0x42 c:/ac6/systemworkbench/plugins/fr.ac6.mcu.externaltools.arm-none.win32_1.17.0.201812190825/tools/compiler/bin/../lib/gcc/arm-none-eabi/7.3.1/../../../../arm-none-eabi/lib/thumb/v7-m\libc.a(lib_a-svfprintf.o)
 *fill*         0x08007622        0x2 
 .rodata.blanks.7315
                0x08007624       0x10 c:/ac6/systemworkbench/plugins/fr.ac6.mcu.externaltools.arm-none.win32_1.17.0.201812190825/tools/compiler/bin/../lib/gcc/arm-none-eabi/7.3.1/../../../../arm-none-eabi/lib/thumb/v7-m\libc.a(lib_a-svfprintf.o)
 .rodata.zeroes.7316
                0x08007634       0x10 c:/ac6/systemworkbench/plugins/fr.ac6.mcu.externaltools.arm-none.win32_1.17.0.201812190825/tools/compiler/bin/../lib/gcc/arm-none-eabi/7.3.1/../../../../arm-none-eabi/lib/thumb/v7-m\libc.a(lib_a-svfprintf.o)
 .rodata._dtoa_r.str1.4
                0x08007644       0x10 c:/ac6/systemworkbench/plugins/fr.ac6.mcu.externaltools.arm-none.win32_1.17.0.201812190825/tools/compiler/bin/../lib/gcc/arm-none-eabi/7.3.1/../../../../arm-none-eabi/lib/thumb/v7-m\libc.a(lib_a-dtoa.o)
                                 0x12 (size before relaxing)
 .rodata._setlocale_r.str1.4
                0x08007654        0xa c:/ac6/systemworkbench/plugins/fr.ac6.mcu.externaltools.arm-none.win32_1.17.0.201812190825/tools/compiler/bin/../lib/gcc/arm-none-eabi/7.3.1/../../../../arm-none-eabi/lib/thumb/v7-m\libc.a(lib_a-locale.o)
                                  0xd (size before relaxing)
 *fill*         0x0800765e        0x2 
 .rodata.str1.4
                0x08007660        0x4 c:/ac6/systemworkbench/plugins/fr.ac6.mcu.externaltools.arm-none.win32_1.17.0.201812190825/tools/compiler/bin/../lib/gcc/arm-none-eabi/7.3.1/../../../../arm-none-eabi/lib/thumb/v7-m\libc.a(lib_a-locale.o)
                                  0x2 (size before relaxing)
 *fill*         0x08007664        0x4 
 .rodata.__mprec_bigtens
                0x08007668       0x28 c:/ac6/systemworkbench/plugins/fr.ac6.mcu.externaltools.arm-none.win32_1.17.0.201812190825/tools/compiler/bin/../lib/gcc/arm-none-eabi/7.3.1/../../../../arm-none-eabi/lib/thumb/v7-m\libc.a(lib_a-mprec.o)
                0x08007668                __mprec_bigtens
 .rodata.__mprec_tens
                0x08007690       0xc8 c:/ac6/systemworkbench/plugins/fr.ac6.mcu.externaltools.arm-none.win32_1.17.0.201812190825/tools/compiler/bin/../lib/gcc/arm-none-eabi/7.3.1/../../../../arm-none-eabi/lib/thumb/v7-m\libc.a(lib_a-mprec.o)
                0x08007690                __mprec_tens
 .rodata.p05.6092
                0x08007758        0xc c:/ac6/systemworkbench/plugins/fr.ac6.mcu.externaltools.arm-none.win32_1.17.0.201812190825/tools/compiler/bin/../lib/gcc/arm-none-eabi/7.3.1/../../../../arm-none-eabi/lib/thumb/v7-m\libc.a(lib_a-mprec.o)
 .rodata._ctype_
                0x08007764      0x101 c:/ac6/systemworkbench/plugins/fr.ac6.mcu.externaltools.arm-none.win32_1.17.0.201812190825/tools/compiler/bin/../lib/gcc/arm-none-eabi/7.3.1/../../../../arm-none-eabi/lib/thumb/v7-m\libc.a(lib_a-ctype_.o)
                0x08007764                _ctype_
                0x08007868                . = ALIGN (0x4)
 *fill*         0x08007865        0x3 

.ARM.extab      0x08007868        0x0
                0x08007868                . = ALIGN (0x4)
 *(.ARM.extab* .gnu.linkonce.armextab.*)
                0x08007868                . = ALIGN (0x4)

.ARM            0x08007868        0x8
                0x08007868                . = ALIGN (0x4)
                0x08007868                __exidx_start = .
 *(.ARM.exidx*)
 .ARM.exidx     0x08007868        0x8 c:/ac6/systemworkbench/plugins/fr.ac6.mcu.externaltools.arm-none.win32_1.17.0.201812190825/tools/compiler/bin/../lib/gcc/arm-none-eabi/7.3.1/thumb/v7-m\libgcc.a(_udivmoddi4.o)
                0x08007870                __exidx_end = .
                0x08007870                . = ALIGN (0x4)

.rel.dyn        0x08007870        0x0
 .rel.iplt      0x08007870        0x0 c:/ac6/systemworkbench/plugins/fr.ac6.mcu.externaltools.arm-none.win32_1.17.0.201812190825/tools/compiler/bin/../lib/gcc/arm-none-eabi/7.3.1/thumb/v7-m/crtbegin.o

.preinit_array  0x08007870        0x0
                0x08007870                . = ALIGN (0x4)
                0x08007870                PROVIDE (__preinit_array_start = .)
 *(.preinit_array*)
                0x08007870                PROVIDE (__preinit_array_end = .)
                0x08007870                . = ALIGN (0x4)

.init_array     0x08007870        0x8
                0x08007870                . = ALIGN (0x4)
                0x08007870                PROVIDE (__init_array_start = .)
 *(SORT_BY_NAME(.init_array.*))
 .init_array.00000
                0x08007870        0x4 c:/ac6/systemworkbench/plugins/fr.ac6.mcu.externaltools.arm-none.win32_1.17.0.201812190825/tools/compiler/bin/../lib/gcc/arm-none-eabi/7.3.1/../../../../arm-none-eabi/lib/thumb/v7-m\libc.a(lib_a-__call_atexit.o)
 *(.init_array*)
 .init_array    0x08007874        0x4 c:/ac6/systemworkbench/plugins/fr.ac6.mcu.externaltools.arm-none.win32_1.17.0.201812190825/tools/compiler/bin/../lib/gcc/arm-none-eabi/7.3.1/thumb/v7-m/crtbegin.o
                0x08007878                PROVIDE (__init_array_end = .)
                0x08007878                . = ALIGN (0x4)

.fini_array     0x08007878        0x4
                0x08007878                . = ALIGN (0x4)
                0x08007878                PROVIDE (__fini_array_start = .)
 *(SORT_BY_NAME(.fini_array.*))
 *(.fini_array*)
 .fini_array    0x08007878        0x4 c:/ac6/systemworkbench/plugins/fr.ac6.mcu.externaltools.arm-none.win32_1.17.0.201812190825/tools/compiler/bin/../lib/gcc/arm-none-eabi/7.3.1/thumb/v7-m/crtbegin.o
                0x0800787c                PROVIDE (__fini_array_end = .)
                0x0800787c                . = ALIGN (0x4)
                0x0800787c                _sidata = LOADADDR (.data)

.data           0x20000000      0x9c8 load address 0x0800787c
                0x20000000                . = ALIGN (0x4)
                0x20000000                _sdata = .
 *(.data)
 .data          0x20000000        0x4 FreeRTOS/heap_2.o
 .data          0x20000004        0x4 FreeRTOS/port.o
 .data          0x20000008       0x14 StdPeriph_Driver/src/stm32f10x_rcc.o
 *(.data*)
 .data._impure_ptr
                0x2000001c        0x4 c:/ac6/systemworkbench/plugins/fr.ac6.mcu.externaltools.arm-none.win32_1.17.0.201812190825/tools/compiler/bin/../lib/gcc/arm-none-eabi/7.3.1/../../../../arm-none-eabi/lib/thumb/v7-m\libc.a(lib_a-impure.o)
                0x2000001c                _impure_ptr
 .data.impure_data
                0x20000020      0x428 c:/ac6/systemworkbench/plugins/fr.ac6.mcu.externaltools.arm-none.win32_1.17.0.201812190825/tools/compiler/bin/../lib/gcc/arm-none-eabi/7.3.1/../../../../arm-none-eabi/lib/thumb/v7-m\libc.a(lib_a-impure.o)
 .data.__atexit_recursive_mutex
                0x20000448        0x4 c:/ac6/systemworkbench/plugins/fr.ac6.mcu.externaltools.arm-none.win32_1.17.0.201812190825/tools/compiler/bin/../lib/gcc/arm-none-eabi/7.3.1/../../../../arm-none-eabi/lib/thumb/v7-m\libc.a(lib_a-__call_atexit.o)
                0x20000448                __atexit_recursive_mutex
 .data.__global_locale
                0x2000044c      0x16c c:/ac6/systemworkbench/plugins/fr.ac6.mcu.externaltools.arm-none.win32_1.17.0.201812190825/tools/compiler/bin/../lib/gcc/arm-none-eabi/7.3.1/../../../../arm-none-eabi/lib/thumb/v7-m\libc.a(lib_a-locale.o)
                0x2000044c                __global_locale
 .data.__malloc_av_
                0x200005b8      0x408 c:/ac6/systemworkbench/plugins/fr.ac6.mcu.externaltools.arm-none.win32_1.17.0.201812190825/tools/compiler/bin/../lib/gcc/arm-none-eabi/7.3.1/../../../../arm-none-eabi/lib/thumb/v7-m\libc.a(lib_a-mallocr.o)
                0x200005b8                __malloc_av_
 .data.__malloc_sbrk_base
                0x200009c0        0x4 c:/ac6/systemworkbench/plugins/fr.ac6.mcu.externaltools.arm-none.win32_1.17.0.201812190825/tools/compiler/bin/../lib/gcc/arm-none-eabi/7.3.1/../../../../arm-none-eabi/lib/thumb/v7-m\libc.a(lib_a-mallocr.o)
                0x200009c0                __malloc_sbrk_base
 .data.__malloc_trim_threshold
                0x200009c4        0x4 c:/ac6/systemworkbench/plugins/fr.ac6.mcu.externaltools.arm-none.win32_1.17.0.201812190825/tools/compiler/bin/../lib/gcc/arm-none-eabi/7.3.1/../../../../arm-none-eabi/lib/thumb/v7-m\libc.a(lib_a-mallocr.o)
                0x200009c4                __malloc_trim_threshold
                0x200009c8                . = ALIGN (0x4)
                0x200009c8                _edata = .

.igot.plt       0x200009c8        0x0 load address 0x08008244
 .igot.plt      0x200009c8        0x0 c:/ac6/systemworkbench/plugins/fr.ac6.mcu.externaltools.arm-none.win32_1.17.0.201812190825/tools/compiler/bin/../lib/gcc/arm-none-eabi/7.3.1/thumb/v7-m/crtbegin.o
                0x200009c8                . = ALIGN (0x4)

.bss            0x200009c8     0x4074 load address 0x08008244
                0x200009c8                _sbss = .
                0x200009c8                __bss_start__ = _sbss
 *(.bss)
 .bss           0x200009c8       0x1c c:/ac6/systemworkbench/plugins/fr.ac6.mcu.externaltools.arm-none.win32_1.17.0.201812190825/tools/compiler/bin/../lib/gcc/arm-none-eabi/7.3.1/thumb/v7-m/crtbegin.o
 .bss           0x200009e4     0x3c14 FreeRTOS/heap_2.o
 .bss           0x200045f8      0x104 FreeRTOS/tasks.o
                0x20004604                pxCurrentTCB
 .bss           0x200046fc        0x4 src/stm32f10x_it.o
 .bss           0x20004700        0x8 src/syscalls.o
                0x20004704                __env
 *(.bss*)
 .bss.__malloc_current_mallinfo
                0x20004708       0x28 c:/ac6/systemworkbench/plugins/fr.ac6.mcu.externaltools.arm-none.win32_1.17.0.201812190825/tools/compiler/bin/../lib/gcc/arm-none-eabi/7.3.1/../../../../arm-none-eabi/lib/thumb/v7-m\libc.a(lib_a-mallocr.o)
                0x20004708                __malloc_current_mallinfo
 .bss.__malloc_max_sbrked_mem
                0x20004730        0x4 c:/ac6/systemworkbench/plugins/fr.ac6.mcu.externaltools.arm-none.win32_1.17.0.201812190825/tools/compiler/bin/../lib/gcc/arm-none-eabi/7.3.1/../../../../arm-none-eabi/lib/thumb/v7-m\libc.a(lib_a-mallocr.o)
                0x20004730                __malloc_max_sbrked_mem
 .bss.__malloc_max_total_mem
                0x20004734        0x4 c:/ac6/systemworkbench/plugins/fr.ac6.mcu.externaltools.arm-none.win32_1.17.0.201812190825/tools/compiler/bin/../lib/gcc/arm-none-eabi/7.3.1/../../../../arm-none-eabi/lib/thumb/v7-m\libc.a(lib_a-mallocr.o)
                0x20004734                __malloc_max_total_mem
 .bss.__malloc_top_pad
                0x20004738        0x4 c:/ac6/systemworkbench/plugins/fr.ac6.mcu.externaltools.arm-none.win32_1.17.0.201812190825/tools/compiler/bin/../lib/gcc/arm-none-eabi/7.3.1/../../../../arm-none-eabi/lib/thumb/v7-m\libc.a(lib_a-mallocr.o)
                0x20004738                __malloc_top_pad
 *(COMMON)
 COMMON         0x2000473c      0x2d6 src/main.o
                0x2000473c                MyConfig
                0x20004890                HandleTask2
                0x20004894                HandleTask3
                0x20004898                xQueue
                0x2000489c                RxData
                0x200048a0                HandleTask1
                0x200048a4                Runing_Config
                0x200049f8                bsd
 *fill*         0x20004a12        0x2 
 COMMON         0x20004a14       0x21 c:/ac6/systemworkbench/plugins/fr.ac6.mcu.externaltools.arm-none.win32_1.17.0.201812190825/tools/compiler/bin/../lib/gcc/arm-none-eabi/7.3.1/../../../../arm-none-eabi/lib/thumb/v7-m\libc.a(lib_a-lock.o)
                0x20004a14                __lock___atexit_recursive_mutex
                0x20004a18                __lock___arc4random_mutex
                0x20004a1c                __lock___env_recursive_mutex
                0x20004a20                __lock___sinit_recursive_mutex
                0x20004a24                __lock___malloc_recursive_mutex
                0x20004a28                __lock___at_quick_exit_mutex
                0x20004a2c                __lock___dd_hash_mutex
                0x20004a30                __lock___tz_mutex
                0x20004a34                __lock___sfp_recursive_mutex
 *fill*         0x20004a35        0x3 
 COMMON         0x20004a38        0x4 c:/ac6/systemworkbench/plugins/fr.ac6.mcu.externaltools.arm-none.win32_1.17.0.201812190825/tools/compiler/bin/../lib/gcc/arm-none-eabi/7.3.1/../../../../arm-none-eabi/lib/thumb/v7-m\libc.a(lib_a-reent.o)
                0x20004a38                errno
                0x20004a3c                . = ALIGN (0x4)
                0x20004a3c                _ebss = .
                0x20004a3c                __bss_end__ = _ebss

._user_heap_stack
                0x20004a3c      0x404 load address 0x08008244
                0x20004a40                . = ALIGN (0x8)
 *fill*         0x20004a3c        0x4 
                0x20004a40                PROVIDE (end = .)
                [!provide]                PROVIDE (_end = .)
                0x20004a40                . = (. + _Min_Heap_Size)
                0x20004e40                . = (. + _Min_Stack_Size)
 *fill*         0x20004a40      0x400 
                0x20004e40                . = ALIGN (0x8)

/DISCARD/
 libc.a(*)
 libm.a(*)
 libgcc.a(*)

.ARM.attributes
                0x00000000       0x29
 *(.ARM.attributes)
 .ARM.attributes
                0x00000000       0x1d c:/ac6/systemworkbench/plugins/fr.ac6.mcu.externaltools.arm-none.win32_1.17.0.201812190825/tools/compiler/bin/../lib/gcc/arm-none-eabi/7.3.1/thumb/v7-m/crti.o
 .ARM.attributes
                0x0000001d       0x2d c:/ac6/systemworkbench/plugins/fr.ac6.mcu.externaltools.arm-none.win32_1.17.0.201812190825/tools/compiler/bin/../lib/gcc/arm-none-eabi/7.3.1/thumb/v7-m/crtbegin.o
 .ARM.attributes
                0x0000004a       0x33 FreeRTOS/heap_2.o
 .ARM.attributes
                0x0000007d       0x33 FreeRTOS/list.o
 .ARM.attributes
                0x000000b0       0x33 FreeRTOS/port.o
 .ARM.attributes
                0x000000e3       0x33 FreeRTOS/queue.o
 .ARM.attributes
                0x00000116       0x33 FreeRTOS/tasks.o
 .ARM.attributes
                0x00000149       0x33 StdPeriph_Driver/src/misc.o
 .ARM.attributes
                0x0000017c       0x33 StdPeriph_Driver/src/stm32f10x_flash.o
 .ARM.attributes
                0x000001af       0x33 StdPeriph_Driver/src/stm32f10x_gpio.o
 .ARM.attributes
                0x000001e2       0x33 StdPeriph_Driver/src/stm32f10x_i2c.o
 .ARM.attributes
                0x00000215       0x33 StdPeriph_Driver/src/stm32f10x_pwr.o
 .ARM.attributes
                0x00000248       0x33 StdPeriph_Driver/src/stm32f10x_rcc.o
 .ARM.attributes
                0x0000027b       0x33 StdPeriph_Driver/src/stm32f10x_rtc.o
 .ARM.attributes
                0x000002ae       0x33 StdPeriph_Driver/src/stm32f10x_tim.o
 .ARM.attributes
                0x000002e1       0x33 StdPeriph_Driver/src/stm32f10x_usart.o
 .ARM.attributes
                0x00000314       0x33 src/main.o
 .ARM.attributes
                0x00000347       0x33 src/stm32f10x_it.o
 .ARM.attributes
                0x0000037a       0x33 src/syscalls.o
 .ARM.attributes
                0x000003ad       0x21 startup/startup_stm32.o
 .ARM.attributes
                0x000003ce       0x1d c:/ac6/systemworkbench/plugins/fr.ac6.mcu.externaltools.arm-none.win32_1.17.0.201812190825/tools/compiler/bin/../lib/gcc/arm-none-eabi/7.3.1/thumb/v7-m\libgcc.a(_arm_addsubdf3.o)
 .ARM.attributes
                0x000003eb       0x1d c:/ac6/systemworkbench/plugins/fr.ac6.mcu.externaltools.arm-none.win32_1.17.0.201812190825/tools/compiler/bin/../lib/gcc/arm-none-eabi/7.3.1/thumb/v7-m\libgcc.a(_arm_muldivdf3.o)
 .ARM.attributes
                0x00000408       0x2d c:/ac6/systemworkbench/plugins/fr.ac6.mcu.externaltools.arm-none.win32_1.17.0.201812190825/tools/compiler/bin/../lib/gcc/arm-none-eabi/7.3.1/../../../../arm-none-eabi/lib/thumb/v7-m\libc.a(lib_a-atoi.o)
 .ARM.attributes
                0x00000435       0x2d c:/ac6/systemworkbench/plugins/fr.ac6.mcu.externaltools.arm-none.win32_1.17.0.201812190825/tools/compiler/bin/../lib/gcc/arm-none-eabi/7.3.1/../../../../arm-none-eabi/lib/thumb/v7-m\libc.a(lib_a-errno.o)
 .ARM.attributes
                0x00000462       0x2d c:/ac6/systemworkbench/plugins/fr.ac6.mcu.externaltools.arm-none.win32_1.17.0.201812190825/tools/compiler/bin/../lib/gcc/arm-none-eabi/7.3.1/../../../../arm-none-eabi/lib/thumb/v7-m\libc.a(lib_a-impure.o)
 .ARM.attributes
                0x0000048f       0x2d c:/ac6/systemworkbench/plugins/fr.ac6.mcu.externaltools.arm-none.win32_1.17.0.201812190825/tools/compiler/bin/../lib/gcc/arm-none-eabi/7.3.1/../../../../arm-none-eabi/lib/thumb/v7-m\libc.a(lib_a-init.o)
 .ARM.attributes
                0x000004bc       0x1b c:/ac6/systemworkbench/plugins/fr.ac6.mcu.externaltools.arm-none.win32_1.17.0.201812190825/tools/compiler/bin/../lib/gcc/arm-none-eabi/7.3.1/../../../../arm-none-eabi/lib/thumb/v7-m\libc.a(lib_a-memcpy.o)
 .ARM.attributes
                0x000004d7       0x2d c:/ac6/systemworkbench/plugins/fr.ac6.mcu.externaltools.arm-none.win32_1.17.0.201812190825/tools/compiler/bin/../lib/gcc/arm-none-eabi/7.3.1/../../../../arm-none-eabi/lib/thumb/v7-m\libc.a(lib_a-memset.o)
 .ARM.attributes
                0x00000504       0x2d c:/ac6/systemworkbench/plugins/fr.ac6.mcu.externaltools.arm-none.win32_1.17.0.201812190825/tools/compiler/bin/../lib/gcc/arm-none-eabi/7.3.1/../../../../arm-none-eabi/lib/thumb/v7-m\libc.a(lib_a-sprintf.o)
 .ARM.attributes
                0x00000531       0x2d c:/ac6/systemworkbench/plugins/fr.ac6.mcu.externaltools.arm-none.win32_1.17.0.201812190825/tools/compiler/bin/../lib/gcc/arm-none-eabi/7.3.1/../../../../arm-none-eabi/lib/thumb/v7-m\libc.a(lib_a-strcpy.o)
 .ARM.attributes
                0x0000055e       0x2d c:/ac6/systemworkbench/plugins/fr.ac6.mcu.externaltools.arm-none.win32_1.17.0.201812190825/tools/compiler/bin/../lib/gcc/arm-none-eabi/7.3.1/../../../../arm-none-eabi/lib/thumb/v7-m\libc.a(lib_a-strlen-stub.o)
 .ARM.attributes
                0x0000058b       0x2d c:/ac6/systemworkbench/plugins/fr.ac6.mcu.externaltools.arm-none.win32_1.17.0.201812190825/tools/compiler/bin/../lib/gcc/arm-none-eabi/7.3.1/../../../../arm-none-eabi/lib/thumb/v7-m\libc.a(lib_a-strtol.o)
 .ARM.attributes
                0x000005b8       0x2d c:/ac6/systemworkbench/plugins/fr.ac6.mcu.externaltools.arm-none.win32_1.17.0.201812190825/tools/compiler/bin/../lib/gcc/arm-none-eabi/7.3.1/../../../../arm-none-eabi/lib/thumb/v7-m\libc.a(lib_a-svfprintf.o)
 .ARM.attributes
                0x000005e5       0x2d c:/ac6/systemworkbench/plugins/fr.ac6.mcu.externaltools.arm-none.win32_1.17.0.201812190825/tools/compiler/bin/../lib/gcc/arm-none-eabi/7.3.1/../../../../arm-none-eabi/lib/thumb/v7-m\libc.a(lib_a-__call_atexit.o)
 .ARM.attributes
                0x00000612       0x2d c:/ac6/systemworkbench/plugins/fr.ac6.mcu.externaltools.arm-none.win32_1.17.0.201812190825/tools/compiler/bin/../lib/gcc/arm-none-eabi/7.3.1/../../../../arm-none-eabi/lib/thumb/v7-m\libc.a(lib_a-atexit.o)
 .ARM.attributes
                0x0000063f       0x2d c:/ac6/systemworkbench/plugins/fr.ac6.mcu.externaltools.arm-none.win32_1.17.0.201812190825/tools/compiler/bin/../lib/gcc/arm-none-eabi/7.3.1/../../../../arm-none-eabi/lib/thumb/v7-m\libc.a(lib_a-dtoa.o)
 .ARM.attributes
                0x0000066c       0x2d c:/ac6/systemworkbench/plugins/fr.ac6.mcu.externaltools.arm-none.win32_1.17.0.201812190825/tools/compiler/bin/../lib/gcc/arm-none-eabi/7.3.1/../../../../arm-none-eabi/lib/thumb/v7-m\libc.a(lib_a-fini.o)
 .ARM.attributes
                0x00000699       0x2d c:/ac6/systemworkbench/plugins/fr.ac6.mcu.externaltools.arm-none.win32_1.17.0.201812190825/tools/compiler/bin/../lib/gcc/arm-none-eabi/7.3.1/../../../../arm-none-eabi/lib/thumb/v7-m\libc.a(lib_a-freer.o)
 .ARM.attributes
                0x000006c6       0x2d c:/ac6/systemworkbench/plugins/fr.ac6.mcu.externaltools.arm-none.win32_1.17.0.201812190825/tools/compiler/bin/../lib/gcc/arm-none-eabi/7.3.1/../../../../arm-none-eabi/lib/thumb/v7-m\libc.a(lib_a-locale.o)
 .ARM.attributes
                0x000006f3       0x2d c:/ac6/systemworkbench/plugins/fr.ac6.mcu.externaltools.arm-none.win32_1.17.0.201812190825/tools/compiler/bin/../lib/gcc/arm-none-eabi/7.3.1/../../../../arm-none-eabi/lib/thumb/v7-m\libc.a(lib_a-localeconv.o)
 .ARM.attributes
                0x00000720       0x2d c:/ac6/systemworkbench/plugins/fr.ac6.mcu.externaltools.arm-none.win32_1.17.0.201812190825/tools/compiler/bin/../lib/gcc/arm-none-eabi/7.3.1/../../../../arm-none-eabi/lib/thumb/v7-m\libc.a(lib_a-lock.o)
 .ARM.attributes
                0x0000074d       0x2d c:/ac6/systemworkbench/plugins/fr.ac6.mcu.externaltools.arm-none.win32_1.17.0.201812190825/tools/compiler/bin/../lib/gcc/arm-none-eabi/7.3.1/../../../../arm-none-eabi/lib/thumb/v7-m\libc.a(lib_a-mallocr.o)
 .ARM.attributes
                0x0000077a       0x2d c:/ac6/systemworkbench/plugins/fr.ac6.mcu.externaltools.arm-none.win32_1.17.0.201812190825/tools/compiler/bin/../lib/gcc/arm-none-eabi/7.3.1/../../../../arm-none-eabi/lib/thumb/v7-m\libc.a(lib_a-mbtowc_r.o)
 .ARM.attributes
                0x000007a7       0x2d c:/ac6/systemworkbench/plugins/fr.ac6.mcu.externaltools.arm-none.win32_1.17.0.201812190825/tools/compiler/bin/../lib/gcc/arm-none-eabi/7.3.1/../../../../arm-none-eabi/lib/thumb/v7-m\libc.a(lib_a-memchr-stub.o)
 .ARM.attributes
                0x000007d4       0x2d c:/ac6/systemworkbench/plugins/fr.ac6.mcu.externaltools.arm-none.win32_1.17.0.201812190825/tools/compiler/bin/../lib/gcc/arm-none-eabi/7.3.1/../../../../arm-none-eabi/lib/thumb/v7-m\libc.a(lib_a-mlock.o)
 .ARM.attributes
                0x00000801       0x2d c:/ac6/systemworkbench/plugins/fr.ac6.mcu.externaltools.arm-none.win32_1.17.0.201812190825/tools/compiler/bin/../lib/gcc/arm-none-eabi/7.3.1/../../../../arm-none-eabi/lib/thumb/v7-m\libc.a(lib_a-mprec.o)
 .ARM.attributes
                0x0000082e       0x2d c:/ac6/systemworkbench/plugins/fr.ac6.mcu.externaltools.arm-none.win32_1.17.0.201812190825/tools/compiler/bin/../lib/gcc/arm-none-eabi/7.3.1/../../../../arm-none-eabi/lib/thumb/v7-m\libc.a(lib_a-s_frexp.o)
 .ARM.attributes
                0x0000085b       0x2d c:/ac6/systemworkbench/plugins/fr.ac6.mcu.externaltools.arm-none.win32_1.17.0.201812190825/tools/compiler/bin/../lib/gcc/arm-none-eabi/7.3.1/../../../../arm-none-eabi/lib/thumb/v7-m\libc.a(lib_a-sbrkr.o)
 .ARM.attributes
                0x00000888       0x2d c:/ac6/systemworkbench/plugins/fr.ac6.mcu.externaltools.arm-none.win32_1.17.0.201812190825/tools/compiler/bin/../lib/gcc/arm-none-eabi/7.3.1/../../../../arm-none-eabi/lib/thumb/v7-m\libc.a(lib_a-strncpy.o)
 .ARM.attributes
                0x000008b5       0x2d c:/ac6/systemworkbench/plugins/fr.ac6.mcu.externaltools.arm-none.win32_1.17.0.201812190825/tools/compiler/bin/../lib/gcc/arm-none-eabi/7.3.1/../../../../arm-none-eabi/lib/thumb/v7-m\libc.a(lib_a-svfiprintf.o)
 .ARM.attributes
                0x000008e2       0x2d c:/ac6/systemworkbench/plugins/fr.ac6.mcu.externaltools.arm-none.win32_1.17.0.201812190825/tools/compiler/bin/../lib/gcc/arm-none-eabi/7.3.1/../../../../arm-none-eabi/lib/thumb/v7-m\libc.a(lib_a-wctomb_r.o)
 .ARM.attributes
                0x0000090f       0x2d c:/ac6/systemworkbench/plugins/fr.ac6.mcu.externaltools.arm-none.win32_1.17.0.201812190825/tools/compiler/bin/../lib/gcc/arm-none-eabi/7.3.1/../../../../arm-none-eabi/lib/thumb/v7-m\libc.a(lib_a-__atexit.o)
 .ARM.attributes
                0x0000093c       0x2d c:/ac6/systemworkbench/plugins/fr.ac6.mcu.externaltools.arm-none.win32_1.17.0.201812190825/tools/compiler/bin/../lib/gcc/arm-none-eabi/7.3.1/../../../../arm-none-eabi/lib/thumb/v7-m\libc.a(lib_a-callocr.o)
 .ARM.attributes
                0x00000969       0x2d c:/ac6/systemworkbench/plugins/fr.ac6.mcu.externaltools.arm-none.win32_1.17.0.201812190825/tools/compiler/bin/../lib/gcc/arm-none-eabi/7.3.1/../../../../arm-none-eabi/lib/thumb/v7-m\libc.a(lib_a-ctype_.o)
 .ARM.attributes
                0x00000996       0x2d c:/ac6/systemworkbench/plugins/fr.ac6.mcu.externaltools.arm-none.win32_1.17.0.201812190825/tools/compiler/bin/../lib/gcc/arm-none-eabi/7.3.1/../../../../arm-none-eabi/lib/thumb/v7-m\libc.a(lib_a-memmove.o)
 .ARM.attributes
                0x000009c3       0x2d c:/ac6/systemworkbench/plugins/fr.ac6.mcu.externaltools.arm-none.win32_1.17.0.201812190825/tools/compiler/bin/../lib/gcc/arm-none-eabi/7.3.1/../../../../arm-none-eabi/lib/thumb/v7-m\libc.a(lib_a-reallocr.o)
 .ARM.attributes
                0x000009f0       0x2d c:/ac6/systemworkbench/plugins/fr.ac6.mcu.externaltools.arm-none.win32_1.17.0.201812190825/tools/compiler/bin/../lib/gcc/arm-none-eabi/7.3.1/../../../../arm-none-eabi/lib/thumb/v7-m\libc.a(lib_a-reent.o)
 .ARM.attributes
                0x00000a1d       0x1d c:/ac6/systemworkbench/plugins/fr.ac6.mcu.externaltools.arm-none.win32_1.17.0.201812190825/tools/compiler/bin/../lib/gcc/arm-none-eabi/7.3.1/thumb/v7-m\libgcc.a(_arm_cmpdf2.o)
 .ARM.attributes
                0x00000a3a       0x1d c:/ac6/systemworkbench/plugins/fr.ac6.mcu.externaltools.arm-none.win32_1.17.0.201812190825/tools/compiler/bin/../lib/gcc/arm-none-eabi/7.3.1/thumb/v7-m\libgcc.a(_arm_unorddf2.o)
 .ARM.attributes
                0x00000a57       0x1d c:/ac6/systemworkbench/plugins/fr.ac6.mcu.externaltools.arm-none.win32_1.17.0.201812190825/tools/compiler/bin/../lib/gcc/arm-none-eabi/7.3.1/thumb/v7-m\libgcc.a(_arm_fixdfsi.o)
 .ARM.attributes
                0x00000a74       0x1d c:/ac6/systemworkbench/plugins/fr.ac6.mcu.externaltools.arm-none.win32_1.17.0.201812190825/tools/compiler/bin/../lib/gcc/arm-none-eabi/7.3.1/thumb/v7-m\libgcc.a(_aeabi_uldivmod.o)
 .ARM.attributes
                0x00000a91       0x2d c:/ac6/systemworkbench/plugins/fr.ac6.mcu.externaltools.arm-none.win32_1.17.0.201812190825/tools/compiler/bin/../lib/gcc/arm-none-eabi/7.3.1/thumb/v7-m\libgcc.a(_udivmoddi4.o)
 .ARM.attributes
                0x00000abe       0x1d c:/ac6/systemworkbench/plugins/fr.ac6.mcu.externaltools.arm-none.win32_1.17.0.201812190825/tools/compiler/bin/../lib/gcc/arm-none-eabi/7.3.1/thumb/v7-m\libgcc.a(_dvmd_tls.o)
 .ARM.attributes
                0x00000adb       0x1d c:/ac6/systemworkbench/plugins/fr.ac6.mcu.externaltools.arm-none.win32_1.17.0.201812190825/tools/compiler/bin/../lib/gcc/arm-none-eabi/7.3.1/thumb/v7-m/crtn.o
OUTPUT(3SO_FreeRTOS.elf elf32-littlearm)

.debug_info     0x00000000    0x10fa5
 .debug_info    0x00000000      0xb79 FreeRTOS/heap_2.o
 .debug_info    0x00000b79      0xae9 FreeRTOS/list.o
 .debug_info    0x00001662      0x347 FreeRTOS/port.o
 .debug_info    0x000019a9     0x1ee1 FreeRTOS/queue.o
 .debug_info    0x0000388a     0x2745 FreeRTOS/tasks.o
 .debug_info    0x00005fcf      0x4eb StdPeriph_Driver/src/misc.o
 .debug_info    0x000064ba      0x9b4 StdPeriph_Driver/src/stm32f10x_flash.o
 .debug_info    0x00006e6e      0x7e3 StdPeriph_Driver/src/stm32f10x_gpio.o
 .debug_info    0x00007651      0xb4f StdPeriph_Driver/src/stm32f10x_i2c.o
 .debug_info    0x000081a0      0x49c StdPeriph_Driver/src/stm32f10x_pwr.o
 .debug_info    0x0000863c      0x8ce StdPeriph_Driver/src/stm32f10x_rcc.o
 .debug_info    0x00008f0a      0x463 StdPeriph_Driver/src/stm32f10x_rtc.o
 .debug_info    0x0000936d     0x2040 StdPeriph_Driver/src/stm32f10x_tim.o
 .debug_info    0x0000b3ad      0xabd StdPeriph_Driver/src/stm32f10x_usart.o
 .debug_info    0x0000be6a     0x31c2 src/main.o
 .debug_info    0x0000f02c      0xf5e src/stm32f10x_it.o
 .debug_info    0x0000ff8a      0xff9 src/syscalls.o
 .debug_info    0x00010f83       0x22 startup/startup_stm32.o

.debug_abbrev   0x00000000     0x2d36
 .debug_abbrev  0x00000000      0x2d6 FreeRTOS/heap_2.o
 .debug_abbrev  0x000002d6      0x223 FreeRTOS/list.o
 .debug_abbrev  0x000004f9      0x1ef FreeRTOS/port.o
 .debug_abbrev  0x000006e8      0x3d7 FreeRTOS/queue.o
 .debug_abbrev  0x00000abf      0x495 FreeRTOS/tasks.o
 .debug_abbrev  0x00000f54      0x195 StdPeriph_Driver/src/misc.o
 .debug_abbrev  0x000010e9      0x245 StdPeriph_Driver/src/stm32f10x_flash.o
 .debug_abbrev  0x0000132e      0x223 StdPeriph_Driver/src/stm32f10x_gpio.o
 .debug_abbrev  0x00001551      0x259 StdPeriph_Driver/src/stm32f10x_i2c.o
 .debug_abbrev  0x000017aa      0x1e2 StdPeriph_Driver/src/stm32f10x_pwr.o
 .debug_abbrev  0x0000198c      0x1fa StdPeriph_Driver/src/stm32f10x_rcc.o
 .debug_abbrev  0x00001b86      0x1eb StdPeriph_Driver/src/stm32f10x_rtc.o
 .debug_abbrev  0x00001d71      0x2f1 StdPeriph_Driver/src/stm32f10x_tim.o
 .debug_abbrev  0x00002062      0x1fc StdPeriph_Driver/src/stm32f10x_usart.o
 .debug_abbrev  0x0000225e      0x4fe src/main.o
 .debug_abbrev  0x0000275c      0x2b6 src/stm32f10x_it.o
 .debug_abbrev  0x00002a12      0x312 src/syscalls.o
 .debug_abbrev  0x00002d24       0x12 startup/startup_stm32.o

.debug_loc      0x00000000     0x7747
 .debug_loc     0x00000000      0x294 FreeRTOS/heap_2.o
 .debug_loc     0x00000294       0x94 FreeRTOS/list.o
 .debug_loc     0x00000328       0xa8 FreeRTOS/port.o
 .debug_loc     0x000003d0      0xef9 FreeRTOS/queue.o
 .debug_loc     0x000012c9     0x1516 FreeRTOS/tasks.o
 .debug_loc     0x000027df      0x16c StdPeriph_Driver/src/misc.o
 .debug_loc     0x0000294b      0x7b4 StdPeriph_Driver/src/stm32f10x_flash.o
 .debug_loc     0x000030ff      0x577 StdPeriph_Driver/src/stm32f10x_gpio.o
 .debug_loc     0x00003676      0x627 StdPeriph_Driver/src/stm32f10x_i2c.o
 .debug_loc     0x00003c9d      0x111 StdPeriph_Driver/src/stm32f10x_pwr.o
 .debug_loc     0x00003dae      0x6c3 StdPeriph_Driver/src/stm32f10x_rcc.o
 .debug_loc     0x00004471      0x1ed StdPeriph_Driver/src/stm32f10x_rtc.o
 .debug_loc     0x0000465e     0x19c3 StdPeriph_Driver/src/stm32f10x_tim.o
 .debug_loc     0x00006021      0x793 StdPeriph_Driver/src/stm32f10x_usart.o
 .debug_loc     0x000067b4      0xba4 src/main.o
 .debug_loc     0x00007358      0x3ef src/syscalls.o

.debug_aranges  0x00000000      0xd98
 .debug_aranges
                0x00000000       0x38 FreeRTOS/heap_2.o
 .debug_aranges
                0x00000038       0x40 FreeRTOS/list.o
 .debug_aranges
                0x00000078       0x70 FreeRTOS/port.o
 .debug_aranges
                0x000000e8       0xc0 FreeRTOS/queue.o
 .debug_aranges
                0x000001a8      0x168 FreeRTOS/tasks.o
 .debug_aranges
                0x00000310       0x40 StdPeriph_Driver/src/misc.o
 .debug_aranges
                0x00000350       0xd8 StdPeriph_Driver/src/stm32f10x_flash.o
 .debug_aranges
                0x00000428       0xa8 StdPeriph_Driver/src/stm32f10x_gpio.o
 .debug_aranges
                0x000004d0      0x110 StdPeriph_Driver/src/stm32f10x_i2c.o
 .debug_aranges
                0x000005e0       0x60 StdPeriph_Driver/src/stm32f10x_pwr.o
 .debug_aranges
                0x00000640      0x118 StdPeriph_Driver/src/stm32f10x_rcc.o
 .debug_aranges
                0x00000758       0x80 StdPeriph_Driver/src/stm32f10x_rtc.o
 .debug_aranges
                0x000007d8      0x2d0 StdPeriph_Driver/src/stm32f10x_tim.o
 .debug_aranges
                0x00000aa8      0x100 StdPeriph_Driver/src/stm32f10x_usart.o
 .debug_aranges
                0x00000ba8       0xc8 src/main.o
 .debug_aranges
                0x00000c70       0x50 src/stm32f10x_it.o
 .debug_aranges
                0x00000cc0       0xb0 src/syscalls.o
 .debug_aranges
                0x00000d70       0x28 startup/startup_stm32.o

.debug_ranges   0x00000000     0x1020
 .debug_ranges  0x00000000       0x70 FreeRTOS/heap_2.o
 .debug_ranges  0x00000070       0x30 FreeRTOS/list.o
 .debug_ranges  0x000000a0       0x60 FreeRTOS/port.o
 .debug_ranges  0x00000100      0x1e8 FreeRTOS/queue.o
 .debug_ranges  0x000002e8      0x2a0 FreeRTOS/tasks.o
 .debug_ranges  0x00000588       0x30 StdPeriph_Driver/src/misc.o
 .debug_ranges  0x000005b8       0xc8 StdPeriph_Driver/src/stm32f10x_flash.o
 .debug_ranges  0x00000680       0x98 StdPeriph_Driver/src/stm32f10x_gpio.o
 .debug_ranges  0x00000718      0x100 StdPeriph_Driver/src/stm32f10x_i2c.o
 .debug_ranges  0x00000818       0x50 StdPeriph_Driver/src/stm32f10x_pwr.o
 .debug_ranges  0x00000868      0x108 StdPeriph_Driver/src/stm32f10x_rcc.o
 .debug_ranges  0x00000970       0x70 StdPeriph_Driver/src/stm32f10x_rtc.o
 .debug_ranges  0x000009e0      0x308 StdPeriph_Driver/src/stm32f10x_tim.o
 .debug_ranges  0x00000ce8       0xf0 StdPeriph_Driver/src/stm32f10x_usart.o
 .debug_ranges  0x00000dd8      0x148 src/main.o
 .debug_ranges  0x00000f20       0x40 src/stm32f10x_it.o
 .debug_ranges  0x00000f60       0xa0 src/syscalls.o
 .debug_ranges  0x00001000       0x20 startup/startup_stm32.o

.debug_macro    0x00000000     0x4e95
 .debug_macro   0x00000000      0x2c0 FreeRTOS/heap_2.o
 .debug_macro   0x000002c0      0x293 FreeRTOS/list.o
 .debug_macro   0x00000553      0x28b FreeRTOS/port.o
 .debug_macro   0x000007de      0x31d FreeRTOS/queue.o
 .debug_macro   0x00000afb       0x16 FreeRTOS/queue.o
 .debug_macro   0x00000b11       0x35 FreeRTOS/queue.o
 .debug_macro   0x00000b46       0x80 FreeRTOS/queue.o
 .debug_macro   0x00000bc6      0x387 FreeRTOS/tasks.o
 .debug_macro   0x00000f4d       0x10 FreeRTOS/tasks.o
 .debug_macro   0x00000f5d      0x18b StdPeriph_Driver/src/misc.o
 .debug_macro   0x000010e8       0x22 StdPeriph_Driver/src/misc.o
 .debug_macro   0x0000110a      0x69f StdPeriph_Driver/src/misc.o
 .debug_macro   0x000017a9       0x85 StdPeriph_Driver/src/misc.o
 .debug_macro   0x0000182e      0x22d StdPeriph_Driver/src/stm32f10x_flash.o
 .debug_macro   0x00001a5b      0x2c9 StdPeriph_Driver/src/stm32f10x_flash.o
 .debug_macro   0x00001d24      0x1d7 StdPeriph_Driver/src/stm32f10x_gpio.o
 .debug_macro   0x00001efb      0x2a6 StdPeriph_Driver/src/stm32f10x_gpio.o
 .debug_macro   0x000021a1      0x25b StdPeriph_Driver/src/stm32f10x_i2c.o
 .debug_macro   0x000023fc      0x2ab StdPeriph_Driver/src/stm32f10x_i2c.o
 .debug_macro   0x000026a7      0x1cb StdPeriph_Driver/src/stm32f10x_pwr.o
 .debug_macro   0x00002872       0x7c StdPeriph_Driver/src/stm32f10x_pwr.o
 .debug_macro   0x000028ee      0x2a1 StdPeriph_Driver/src/stm32f10x_rcc.o
 .debug_macro   0x00002b8f      0x3dc StdPeriph_Driver/src/stm32f10x_rcc.o
 .debug_macro   0x00002f6b      0x191 StdPeriph_Driver/src/stm32f10x_rtc.o
 .debug_macro   0x000030fc       0x52 StdPeriph_Driver/src/stm32f10x_rtc.o
 .debug_macro   0x0000314e      0x1a1 StdPeriph_Driver/src/stm32f10x_tim.o
 .debug_macro   0x000032ef      0x70b StdPeriph_Driver/src/stm32f10x_tim.o
 .debug_macro   0x000039fa      0x23d StdPeriph_Driver/src/stm32f10x_usart.o
 .debug_macro   0x00003c37      0x21a StdPeriph_Driver/src/stm32f10x_usart.o
 .debug_macro   0x00003e51      0x392 src/main.o
 .debug_macro   0x000041e3       0x1c src/main.o
 .debug_macro   0x000041ff       0xb6 src/main.o
 .debug_macro   0x000042b5      0x38e src/stm32f10x_it.o
 .debug_macro   0x00004643      0x243 src/syscalls.o
 .debug_macro   0x00004886       0x10 src/syscalls.o
 .debug_macro   0x00004896       0x10 src/syscalls.o
 .debug_macro   0x000048a6       0x10 src/syscalls.o
 .debug_macro   0x000048b6       0x35 src/syscalls.o
 .debug_macro   0x000048eb      0x122 src/syscalls.o
 .debug_macro   0x00004a0d       0x10 src/syscalls.o
 .debug_macro   0x00004a1d      0x241 src/syscalls.o
 .debug_macro   0x00004c5e       0x10 src/syscalls.o
 .debug_macro   0x00004c6e      0x189 src/syscalls.o
 .debug_macro   0x00004df7       0x16 src/syscalls.o
 .debug_macro   0x00004e0d       0x88 src/syscalls.o

.debug_line     0x00000000     0x92f5
 .debug_line    0x00000000      0x756 FreeRTOS/heap_2.o
 .debug_line    0x00000756      0x71a FreeRTOS/list.o
 .debug_line    0x00000e70      0x737 FreeRTOS/port.o
 .debug_line    0x000015a7      0xaf8 FreeRTOS/queue.o
 .debug_line    0x0000209f      0xece FreeRTOS/tasks.o
 .debug_line    0x00002f6d      0x5ad StdPeriph_Driver/src/misc.o
 .debug_line    0x0000351a      0x817 StdPeriph_Driver/src/stm32f10x_flash.o
 .debug_line    0x00003d31      0x727 StdPeriph_Driver/src/stm32f10x_gpio.o
 .debug_line    0x00004458      0x849 StdPeriph_Driver/src/stm32f10x_i2c.o
 .debug_line    0x00004ca1      0x619 StdPeriph_Driver/src/stm32f10x_pwr.o
 .debug_line    0x000052ba      0x827 StdPeriph_Driver/src/stm32f10x_rcc.o
 .debug_line    0x00005ae1      0x667 StdPeriph_Driver/src/stm32f10x_rtc.o
 .debug_line    0x00006148      0xee7 StdPeriph_Driver/src/stm32f10x_tim.o
 .debug_line    0x0000702f      0x827 StdPeriph_Driver/src/stm32f10x_usart.o
 .debug_line    0x00007856      0xc51 src/main.o
 .debug_line    0x000084a7      0x80f src/stm32f10x_it.o
 .debug_line    0x00008cb6      0x5c9 src/syscalls.o
 .debug_line    0x0000927f       0x76 startup/startup_stm32.o

.debug_str      0x00000000    0x5d874
 .debug_str     0x00000000    0x53c37 FreeRTOS/heap_2.o
                              0x53eac (size before relaxing)
 .debug_str     0x00053c37      0x11e FreeRTOS/list.o
                              0x53661 (size before relaxing)
 .debug_str     0x00053d55      0x678 FreeRTOS/port.o
                              0x51549 (size before relaxing)
 .debug_str     0x000543cd      0xf1c FreeRTOS/queue.o
                              0x54bfe (size before relaxing)
 .debug_str     0x000552e9     0x182a FreeRTOS/tasks.o
                              0x557a9 (size before relaxing)
 .debug_str     0x00056b13      0x283 StdPeriph_Driver/src/misc.o
                              0x4d43b (size before relaxing)
 .debug_str     0x00056d96      0x7ff StdPeriph_Driver/src/stm32f10x_flash.o
                              0x4da25 (size before relaxing)
 .debug_str     0x00057595      0x5bb StdPeriph_Driver/src/stm32f10x_gpio.o
                              0x4d7ca (size before relaxing)
 .debug_str     0x00057b50      0x90c StdPeriph_Driver/src/stm32f10x_i2c.o
                              0x4db7e (size before relaxing)
 .debug_str     0x0005845c      0x2ba StdPeriph_Driver/src/stm32f10x_pwr.o
                              0x4d535 (size before relaxing)
 .debug_str     0x00058716      0xaa2 StdPeriph_Driver/src/stm32f10x_rcc.o
                              0x4dd99 (size before relaxing)
 .debug_str     0x000591b8      0x1d2 StdPeriph_Driver/src/stm32f10x_rtc.o
                              0x4d444 (size before relaxing)
 .debug_str     0x0005938a      0xbe3 StdPeriph_Driver/src/stm32f10x_tim.o
                              0x4dee5 (size before relaxing)
 .debug_str     0x00059f6d      0x7f0 StdPeriph_Driver/src/stm32f10x_usart.o
                              0x4db03 (size before relaxing)
 .debug_str     0x0005a75d     0x1d4f src/main.o
                              0x56776 (size before relaxing)
 .debug_str     0x0005c4ac      0x3f4 src/stm32f10x_it.o
                              0x55d10 (size before relaxing)
 .debug_str     0x0005c8a0      0xfab src/syscalls.o
                               0x8599 (size before relaxing)
 .debug_str     0x0005d84b       0x29 startup/startup_stm32.o
                                 0x49 (size before relaxing)

.comment        0x00000000       0x7f
 .comment       0x00000000       0x7f FreeRTOS/heap_2.o
                                 0x80 (size before relaxing)
 .comment       0x0000007f       0x80 FreeRTOS/list.o
 .comment       0x0000007f       0x80 FreeRTOS/port.o
 .comment       0x0000007f       0x80 FreeRTOS/queue.o
 .comment       0x0000007f       0x80 FreeRTOS/tasks.o
 .comment       0x0000007f       0x80 StdPeriph_Driver/src/misc.o
 .comment       0x0000007f       0x80 StdPeriph_Driver/src/stm32f10x_flash.o
 .comment       0x0000007f       0x80 StdPeriph_Driver/src/stm32f10x_gpio.o
 .comment       0x0000007f       0x80 StdPeriph_Driver/src/stm32f10x_i2c.o
 .comment       0x0000007f       0x80 StdPeriph_Driver/src/stm32f10x_pwr.o
 .comment       0x0000007f       0x80 StdPeriph_Driver/src/stm32f10x_rcc.o
 .comment       0x0000007f       0x80 StdPeriph_Driver/src/stm32f10x_rtc.o
 .comment       0x0000007f       0x80 StdPeriph_Driver/src/stm32f10x_tim.o
 .comment       0x0000007f       0x80 StdPeriph_Driver/src/stm32f10x_usart.o
 .comment       0x0000007f       0x80 src/main.o
 .comment       0x0000007f       0x80 src/stm32f10x_it.o
 .comment       0x0000007f       0x80 src/syscalls.o

.debug_frame    0x00000000     0x3194
 .debug_frame   0x00000000       0x74 FreeRTOS/heap_2.o
 .debug_frame   0x00000074       0x6c FreeRTOS/list.o
 .debug_frame   0x000000e0       0xd8 FreeRTOS/port.o
 .debug_frame   0x000001b8      0x278 FreeRTOS/queue.o
 .debug_frame   0x00000430      0x4c0 FreeRTOS/tasks.o
 .debug_frame   0x000008f0       0x6c StdPeriph_Driver/src/misc.o
 .debug_frame   0x0000095c      0x244 StdPeriph_Driver/src/stm32f10x_flash.o
 .debug_frame   0x00000ba0      0x170 StdPeriph_Driver/src/stm32f10x_gpio.o
 .debug_frame   0x00000d10      0x258 StdPeriph_Driver/src/stm32f10x_i2c.o
 .debug_frame   0x00000f68       0xac StdPeriph_Driver/src/stm32f10x_pwr.o
 .debug_frame   0x00001014      0x220 StdPeriph_Driver/src/stm32f10x_rcc.o
 .debug_frame   0x00001234      0x114 StdPeriph_Driver/src/stm32f10x_rtc.o
 .debug_frame   0x00001348      0x6b0 StdPeriph_Driver/src/stm32f10x_tim.o
 .debug_frame   0x000019f8      0x224 StdPeriph_Driver/src/stm32f10x_usart.o
 .debug_frame   0x00001c1c      0x298 src/main.o
 .debug_frame   0x00001eb4      0x374 src/stm32f10x_it.o
 .debug_frame   0x00002228      0x1a8 src/syscalls.o
 .debug_frame   0x000023d0       0xac c:/ac6/systemworkbench/plugins/fr.ac6.mcu.externaltools.arm-none.win32_1.17.0.201812190825/tools/compiler/bin/../lib/gcc/arm-none-eabi/7.3.1/thumb/v7-m\libgcc.a(_arm_addsubdf3.o)
 .debug_frame   0x0000247c       0x50 c:/ac6/systemworkbench/plugins/fr.ac6.mcu.externaltools.arm-none.win32_1.17.0.201812190825/tools/compiler/bin/../lib/gcc/arm-none-eabi/7.3.1/thumb/v7-m\libgcc.a(_arm_muldivdf3.o)
 .debug_frame   0x000024cc       0x30 c:/ac6/systemworkbench/plugins/fr.ac6.mcu.externaltools.arm-none.win32_1.17.0.201812190825/tools/compiler/bin/../lib/gcc/arm-none-eabi/7.3.1/../../../../arm-none-eabi/lib/thumb/v7-m\libc.a(lib_a-atoi.o)
 .debug_frame   0x000024fc       0x20 c:/ac6/systemworkbench/plugins/fr.ac6.mcu.externaltools.arm-none.win32_1.17.0.201812190825/tools/compiler/bin/../lib/gcc/arm-none-eabi/7.3.1/../../../../arm-none-eabi/lib/thumb/v7-m\libc.a(lib_a-errno.o)
 .debug_frame   0x0000251c       0x2c c:/ac6/systemworkbench/plugins/fr.ac6.mcu.externaltools.arm-none.win32_1.17.0.201812190825/tools/compiler/bin/../lib/gcc/arm-none-eabi/7.3.1/../../../../arm-none-eabi/lib/thumb/v7-m\libc.a(lib_a-init.o)
 .debug_frame   0x00002548       0x38 c:/ac6/systemworkbench/plugins/fr.ac6.mcu.externaltools.arm-none.win32_1.17.0.201812190825/tools/compiler/bin/../lib/gcc/arm-none-eabi/7.3.1/../../../../arm-none-eabi/lib/thumb/v7-m\libc.a(lib_a-memset.o)
 .debug_frame   0x00002580       0x80 c:/ac6/systemworkbench/plugins/fr.ac6.mcu.externaltools.arm-none.win32_1.17.0.201812190825/tools/compiler/bin/../lib/gcc/arm-none-eabi/7.3.1/../../../../arm-none-eabi/lib/thumb/v7-m\libc.a(lib_a-sprintf.o)
 .debug_frame   0x00002600       0x20 c:/ac6/systemworkbench/plugins/fr.ac6.mcu.externaltools.arm-none.win32_1.17.0.201812190825/tools/compiler/bin/../lib/gcc/arm-none-eabi/7.3.1/../../../../arm-none-eabi/lib/thumb/v7-m\libc.a(lib_a-strcpy.o)
 .debug_frame   0x00002620       0x20 c:/ac6/systemworkbench/plugins/fr.ac6.mcu.externaltools.arm-none.win32_1.17.0.201812190825/tools/compiler/bin/../lib/gcc/arm-none-eabi/7.3.1/../../../../arm-none-eabi/lib/thumb/v7-m\libc.a(lib_a-strlen-stub.o)
 .debug_frame   0x00002640       0x9c c:/ac6/systemworkbench/plugins/fr.ac6.mcu.externaltools.arm-none.win32_1.17.0.201812190825/tools/compiler/bin/../lib/gcc/arm-none-eabi/7.3.1/../../../../arm-none-eabi/lib/thumb/v7-m\libc.a(lib_a-strtol.o)
 .debug_frame   0x000026dc       0x40 c:/ac6/systemworkbench/plugins/fr.ac6.mcu.externaltools.arm-none.win32_1.17.0.201812190825/tools/compiler/bin/../lib/gcc/arm-none-eabi/7.3.1/../../../../arm-none-eabi/lib/thumb/v7-m\libc.a(lib_a-svfprintf.o)
 .debug_frame   0x0000271c       0x5c c:/ac6/systemworkbench/plugins/fr.ac6.mcu.externaltools.arm-none.win32_1.17.0.201812190825/tools/compiler/bin/../lib/gcc/arm-none-eabi/7.3.1/../../../../arm-none-eabi/lib/thumb/v7-m\libc.a(lib_a-__call_atexit.o)
 .debug_frame   0x00002778       0x20 c:/ac6/systemworkbench/plugins/fr.ac6.mcu.externaltools.arm-none.win32_1.17.0.201812190825/tools/compiler/bin/../lib/gcc/arm-none-eabi/7.3.1/../../../../arm-none-eabi/lib/thumb/v7-m\libc.a(lib_a-atexit.o)
 .debug_frame   0x00002798       0x88 c:/ac6/systemworkbench/plugins/fr.ac6.mcu.externaltools.arm-none.win32_1.17.0.201812190825/tools/compiler/bin/../lib/gcc/arm-none-eabi/7.3.1/../../../../arm-none-eabi/lib/thumb/v7-m\libc.a(lib_a-dtoa.o)
 .debug_frame   0x00002820       0x34 c:/ac6/systemworkbench/plugins/fr.ac6.mcu.externaltools.arm-none.win32_1.17.0.201812190825/tools/compiler/bin/../lib/gcc/arm-none-eabi/7.3.1/../../../../arm-none-eabi/lib/thumb/v7-m\libc.a(lib_a-fini.o)
 .debug_frame   0x00002854       0x80 c:/ac6/systemworkbench/plugins/fr.ac6.mcu.externaltools.arm-none.win32_1.17.0.201812190825/tools/compiler/bin/../lib/gcc/arm-none-eabi/7.3.1/../../../../arm-none-eabi/lib/thumb/v7-m\libc.a(lib_a-freer.o)
 .debug_frame   0x000028d4       0x6c c:/ac6/systemworkbench/plugins/fr.ac6.mcu.externaltools.arm-none.win32_1.17.0.201812190825/tools/compiler/bin/../lib/gcc/arm-none-eabi/7.3.1/../../../../arm-none-eabi/lib/thumb/v7-m\libc.a(lib_a-locale.o)
 .debug_frame   0x00002940       0x40 c:/ac6/systemworkbench/plugins/fr.ac6.mcu.externaltools.arm-none.win32_1.17.0.201812190825/tools/compiler/bin/../lib/gcc/arm-none-eabi/7.3.1/../../../../arm-none-eabi/lib/thumb/v7-m\libc.a(lib_a-localeconv.o)
 .debug_frame   0x00002980       0xb0 c:/ac6/systemworkbench/plugins/fr.ac6.mcu.externaltools.arm-none.win32_1.17.0.201812190825/tools/compiler/bin/../lib/gcc/arm-none-eabi/7.3.1/../../../../arm-none-eabi/lib/thumb/v7-m\libc.a(lib_a-lock.o)
 .debug_frame   0x00002a30       0x4c c:/ac6/systemworkbench/plugins/fr.ac6.mcu.externaltools.arm-none.win32_1.17.0.201812190825/tools/compiler/bin/../lib/gcc/arm-none-eabi/7.3.1/../../../../arm-none-eabi/lib/thumb/v7-m\libc.a(lib_a-mallocr.o)
 .debug_frame   0x00002a7c       0x4c c:/ac6/systemworkbench/plugins/fr.ac6.mcu.externaltools.arm-none.win32_1.17.0.201812190825/tools/compiler/bin/../lib/gcc/arm-none-eabi/7.3.1/../../../../arm-none-eabi/lib/thumb/v7-m\libc.a(lib_a-mbtowc_r.o)
 .debug_frame   0x00002ac8       0x34 c:/ac6/systemworkbench/plugins/fr.ac6.mcu.externaltools.arm-none.win32_1.17.0.201812190825/tools/compiler/bin/../lib/gcc/arm-none-eabi/7.3.1/../../../../arm-none-eabi/lib/thumb/v7-m\libc.a(lib_a-memchr-stub.o)
 .debug_frame   0x00002afc       0x30 c:/ac6/systemworkbench/plugins/fr.ac6.mcu.externaltools.arm-none.win32_1.17.0.201812190825/tools/compiler/bin/../lib/gcc/arm-none-eabi/7.3.1/../../../../arm-none-eabi/lib/thumb/v7-m\libc.a(lib_a-mlock.o)
 .debug_frame   0x00002b2c      0x264 c:/ac6/systemworkbench/plugins/fr.ac6.mcu.externaltools.arm-none.win32_1.17.0.201812190825/tools/compiler/bin/../lib/gcc/arm-none-eabi/7.3.1/../../../../arm-none-eabi/lib/thumb/v7-m\libc.a(lib_a-mprec.o)
 .debug_frame   0x00002d90       0x30 c:/ac6/systemworkbench/plugins/fr.ac6.mcu.externaltools.arm-none.win32_1.17.0.201812190825/tools/compiler/bin/../lib/gcc/arm-none-eabi/7.3.1/../../../../arm-none-eabi/lib/thumb/v7-m\libc.a(lib_a-s_frexp.o)
 .debug_frame   0x00002dc0       0x2c c:/ac6/systemworkbench/plugins/fr.ac6.mcu.externaltools.arm-none.win32_1.17.0.201812190825/tools/compiler/bin/../lib/gcc/arm-none-eabi/7.3.1/../../../../arm-none-eabi/lib/thumb/v7-m\libc.a(lib_a-sbrkr.o)
 .debug_frame   0x00002dec       0x34 c:/ac6/systemworkbench/plugins/fr.ac6.mcu.externaltools.arm-none.win32_1.17.0.201812190825/tools/compiler/bin/../lib/gcc/arm-none-eabi/7.3.1/../../../../arm-none-eabi/lib/thumb/v7-m\libc.a(lib_a-strncpy.o)