Archive member included to satisfy reference by file (symbol)

/home/joao/Ac6/SystemWorkbench/plugins/fr.ac6.mcu.externaltools.arm-none.linux64_1.17.0.201812190825/tools/compiler/bin/../lib/gcc/arm-none-eabi/7.3.1/../../../../arm-none-eabi/lib/thumb/v7-m/libc.a(lib_a-errno.o)
                              src/syscalls.o (__errno)
/home/joao/Ac6/SystemWorkbench/plugins/fr.ac6.mcu.externaltools.arm-none.linux64_1.17.0.201812190825/tools/compiler/bin/../lib/gcc/arm-none-eabi/7.3.1/../../../../arm-none-eabi/lib/thumb/v7-m/libc.a(lib_a-exit.o)
                              /home/joao/Ac6/SystemWorkbench/plugins/fr.ac6.mcu.externaltools.arm-none.linux64_1.17.0.201812190825/tools/compiler/bin/../lib/gcc/arm-none-eabi/7.3.1/../../../../arm-none-eabi/lib/thumb/v7-m/crt0.o (exit)
/home/joao/Ac6/SystemWorkbench/plugins/fr.ac6.mcu.externaltools.arm-none.linux64_1.17.0.201812190825/tools/compiler/bin/../lib/gcc/arm-none-eabi/7.3.1/../../../../arm-none-eabi/lib/thumb/v7-m/libc.a(lib_a-impure.o)
                              /home/joao/Ac6/SystemWorkbench/plugins/fr.ac6.mcu.externaltools.arm-none.linux64_1.17.0.201812190825/tools/compiler/bin/../lib/gcc/arm-none-eabi/7.3.1/../../../../arm-none-eabi/lib/thumb/v7-m/libc.a(lib_a-exit.o) (_global_impure_ptr)
/home/joao/Ac6/SystemWorkbench/plugins/fr.ac6.mcu.externaltools.arm-none.linux64_1.17.0.201812190825/tools/compiler/bin/../lib/gcc/arm-none-eabi/7.3.1/../../../../arm-none-eabi/lib/thumb/v7-m/libc.a(lib_a-init.o)
                              /home/joao/Ac6/SystemWorkbench/plugins/fr.ac6.mcu.externaltools.arm-none.linux64_1.17.0.201812190825/tools/compiler/bin/../lib/gcc/arm-none-eabi/7.3.1/../../../../arm-none-eabi/lib/thumb/v7-m/crt0.o (__libc_init_array)
/home/joao/Ac6/SystemWorkbench/plugins/fr.ac6.mcu.externaltools.arm-none.linux64_1.17.0.201812190825/tools/compiler/bin/../lib/gcc/arm-none-eabi/7.3.1/../../../../arm-none-eabi/lib/thumb/v7-m/libc.a(lib_a-memcpy.o)
                              FreeRTOS/queue.o (memcpy)
/home/joao/Ac6/SystemWorkbench/plugins/fr.ac6.mcu.externaltools.arm-none.linux64_1.17.0.201812190825/tools/compiler/bin/../lib/gcc/arm-none-eabi/7.3.1/../../../../arm-none-eabi/lib/thumb/v7-m/libc.a(lib_a-memset.o)
                              /home/joao/Ac6/SystemWorkbench/plugins/fr.ac6.mcu.externaltools.arm-none.linux64_1.17.0.201812190825/tools/compiler/bin/../lib/gcc/arm-none-eabi/7.3.1/../../../../arm-none-eabi/lib/thumb/v7-m/crt0.o (memset)
/home/joao/Ac6/SystemWorkbench/plugins/fr.ac6.mcu.externaltools.arm-none.linux64_1.17.0.201812190825/tools/compiler/bin/../lib/gcc/arm-none-eabi/7.3.1/../../../../arm-none-eabi/lib/thumb/v7-m/libc.a(lib_a-sprintf.o)
                              FreeRTOS/tasks.o (sprintf)
/home/joao/Ac6/SystemWorkbench/plugins/fr.ac6.mcu.externaltools.arm-none.linux64_1.17.0.201812190825/tools/compiler/bin/../lib/gcc/arm-none-eabi/7.3.1/../../../../arm-none-eabi/lib/thumb/v7-m/libc.a(lib_a-strcat.o)
                              src/lcd.o (strcat)
/home/joao/Ac6/SystemWorkbench/plugins/fr.ac6.mcu.externaltools.arm-none.linux64_1.17.0.201812190825/tools/compiler/bin/../lib/gcc/arm-none-eabi/7.3.1/../../../../arm-none-eabi/lib/thumb/v7-m/libc.a(lib_a-strcpy.o)
                              FreeRTOS/tasks.o (strcpy)
/home/joao/Ac6/SystemWorkbench/plugins/fr.ac6.mcu.externaltools.arm-none.linux64_1.17.0.201812190825/tools/compiler/bin/../lib/gcc/arm-none-eabi/7.3.1/../../../../arm-none-eabi/lib/thumb/v7-m/libc.a(lib_a-strlen-stub.o)
                              FreeRTOS/tasks.o (strlen)
/home/joao/Ac6/SystemWorkbench/plugins/fr.ac6.mcu.externaltools.arm-none.linux64_1.17.0.201812190825/tools/compiler/bin/../lib/gcc/arm-none-eabi/7.3.1/../../../../arm-none-eabi/lib/thumb/v7-m/libc.a(lib_a-svfprintf.o)
                              /home/joao/Ac6/SystemWorkbench/plugins/fr.ac6.mcu.externaltools.arm-none.linux64_1.17.0.201812190825/tools/compiler/bin/../lib/gcc/arm-none-eabi/7.3.1/../../../../arm-none-eabi/lib/thumb/v7-m/libc.a(lib_a-sprintf.o) (_svfprintf_r)
/home/joao/Ac6/SystemWorkbench/plugins/fr.ac6.mcu.externaltools.arm-none.linux64_1.17.0.201812190825/tools/compiler/bin/../lib/gcc/arm-none-eabi/7.3.1/../../../../arm-none-eabi/lib/thumb/v7-m/libc.a(lib_a-__call_atexit.o)
                              /home/joao/Ac6/SystemWorkbench/plugins/fr.ac6.mcu.externaltools.arm-none.linux64_1.17.0.201812190825/tools/compiler/bin/../lib/gcc/arm-none-eabi/7.3.1/../../../../arm-none-eabi/lib/thumb/v7-m/libc.a(lib_a-exit.o) (__call_exitprocs)
/home/joao/Ac6/SystemWorkbench/plugins/fr.ac6.mcu.externaltools.arm-none.linux64_1.17.0.201812190825/tools/compiler/bin/../lib/gcc/arm-none-eabi/7.3.1/../../../../arm-none-eabi/lib/thumb/v7-m/libc.a(lib_a-atexit.o)
                              /home/joao/Ac6/SystemWorkbench/plugins/fr.ac6.mcu.externaltools.arm-none.linux64_1.17.0.201812190825/tools/compiler/bin/../lib/gcc/arm-none-eabi/7.3.1/../../../../arm-none-eabi/lib/thumb/v7-m/libc.a(lib_a-__call_atexit.o) (atexit)
[...]
Memory Configuration

Name             Origin             Length             Attributes
RAM              0x0000000020000000 0x0000000000005000 xrw
ROM              0x0000000008000000 0x0000000000020000 xr
*default*        0x0000000000000000 0xffffffffffffffff

Linker script and memory map

LOAD /home/joao/Ac6/SystemWorkbench/plugins/fr.ac6.mcu.externaltools.arm-none.linux64_1.17.0.201812190825/tools/compiler/bin/../lib/gcc/arm-none-eabi/7.3.1/thumb/v7-m/crti.o
LOAD /home/joao/Ac6/SystemWorkbench/plugins/fr.ac6.mcu.externaltools.arm-none.linux64_1.17.0.201812190825/tools/compiler/bin/../lib/gcc/arm-none-eabi/7.3.1/thumb/v7-m/crtbegin.o
LOAD /home/joao/Ac6/SystemWorkbench/plugins/fr.ac6.mcu.externaltools.arm-none.linux64_1.17.0.201812190825/tools/compiler/bin/../lib/gcc/arm-none-eabi/7.3.1/../../../../arm-none-eabi/lib/thumb/v7-m/crt0.o
LOAD CMSIS/core/core_cm3.o
LOAD FreeRTOS/croutine.o
LOAD FreeRTOS/event_groups.o
LOAD FreeRTOS/heap_2.o
LOAD FreeRTOS/list.o
LOAD FreeRTOS/port.o
LOAD FreeRTOS/queue.o
LOAD FreeRTOS/stream_buffer.o
LOAD FreeRTOS/tasks.o
LOAD FreeRTOS/timers.o
LOAD StdPeriph_Driver/src/misc.o
LOAD StdPeriph_Driver/src/stm32f10x_adc.o
LOAD StdPeriph_Driver/src/stm32f10x_bkp.o
LOAD StdPeriph_Driver/src/stm32f10x_can.o
LOAD StdPeriph_Driver/src/stm32f10x_cec.o
LOAD StdPeriph_Driver/src/stm32f10x_crc.o
LOAD StdPeriph_Driver/src/stm32f10x_dac.o
LOAD StdPeriph_Driver/src/stm32f10x_dbgmcu.o
LOAD StdPeriph_Driver/src/stm32f10x_dma.o
LOAD StdPeriph_Driver/src/stm32f10x_exti.o
LOAD StdPeriph_Driver/src/stm32f10x_flash.o
LOAD StdPeriph_Driver/src/stm32f10x_fsmc.o
LOAD StdPeriph_Driver/src/stm32f10x_gpio.o
LOAD StdPeriph_Driver/src/stm32f10x_i2c.o
LOAD StdPeriph_Driver/src/stm32f10x_iwdg.o
LOAD StdPeriph_Driver/src/stm32f10x_pwr.o
LOAD StdPeriph_Driver/src/stm32f10x_rcc.o
LOAD StdPeriph_Driver/src/stm32f10x_rtc.o
LOAD StdPeriph_Driver/src/stm32f10x_sdio.o
LOAD StdPeriph_Driver/src/stm32f10x_spi.o
LOAD StdPeriph_Driver/src/stm32f10x_tim.o
LOAD StdPeriph_Driver/src/stm32f10x_usart.o
LOAD StdPeriph_Driver/src/stm32f10x_wwdg.o
LOAD src/lcd.o
LOAD src/main.o
LOAD src/stm32f10x_it.o
LOAD src/syscalls.o
LOAD startup/startup_stm32.o
LOAD /home/joao/Ac6/SystemWorkbench/plugins/fr.ac6.mcu.externaltools.arm-none.linux64_1.17.0.201812190825/tools/compiler/bin/../lib/gcc/arm-none-eabi/7.3.1/../../../../arm-none-eabi/lib/thumb/v7-m/libm.a
START GROUP
LOAD /home/joao/Ac6/SystemWorkbench/plugins/fr.ac6.mcu.externaltools.arm-none.linux64_1.17.0.201812190825/tools/compiler/bin/../lib/gcc/arm-none-eabi/7.3.1/thumb/v7-m/libgcc.a
LOAD /home/joao/Ac6/SystemWorkbench/plugins/fr.ac6.mcu.externaltools.arm-none.linux64_1.17.0.201812190825/tools/compiler/bin/../lib/gcc/arm-none-eabi/7.3.1/../../../../arm-none-eabi/lib/thumb/v7-m/libc.a
END GROUP
LOAD /home/joao/Ac6/SystemWorkbench/plugins/fr.ac6.mcu.externaltools.arm-none.linux64_1.17.0.201812190825/tools/compiler/bin/../lib/gcc/arm-none-eabi/7.3.1/thumb/v7-m/crtend.o
LOAD /home/joao/Ac6/SystemWorkbench/plugins/fr.ac6.mcu.externaltools.arm-none.linux64_1.17.0.201812190825/tools/compiler/bin/../lib/gcc/arm-none-eabi/7.3.1/thumb/v7-m/crtn.o
                0x0000000020005000                _estack = 0x20005000
                0x0000000000000000                _Min_Heap_Size = 0x0
                0x0000000000000400                _Min_Stack_Size = 0x400

.isr_vector     0x0000000008000000      0x10c
                0x0000000008000000                . = ALIGN (0x4)
 *(.isr_vector)
 .isr_vector    0x0000000008000000      0x10c startup/startup_stm32.o
                0x0000000008000000                g_pfnVectors
                0x000000000800010c                . = ALIGN (0x4)

.text           0x0000000008000110     0x2398
                0x0000000008000110                . = ALIGN (0x4)
 *(.text)
 .text          0x0000000008000110       0x40 /home/joao/Ac6/SystemWorkbench/plugins/fr.ac6.mcu.externaltools.arm-none.linux64_1.17.0.201812190825/tools/compiler/bin/../lib/gcc/arm-none-eabi/7.3.1/thumb/v7-m/crtbegin.o
 .text          0x0000000008000150       0xec /home/joao/Ac6/SystemWorkbench/plugins/fr.ac6.mcu.externaltools.arm-none.linux64_1.17.0.201812190825/tools/compiler/bin/../lib/gcc/arm-none-eabi/7.3.1/../../../../arm-none-eabi/lib/thumb/v7-m/libc.a(lib_a-memcpy.o)
                0x0000000008000150                memcpy
 *(.text*)
 .text.pvPortMalloc
                0x000000000800023c       0xb0 FreeRTOS/heap_2.o
                0x000000000800023c                pvPortMalloc
 .text.vPortFree
                0x00000000080002ec       0x40 FreeRTOS/heap_2.o
                0x00000000080002ec                vPortFree
 .text.vListInitialise
                0x000000000800032c       0x16 FreeRTOS/list.o
                0x000000000800032c                vListInitialise
 .text.vListInitialiseItem
                0x0000000008000342        0x6 FreeRTOS/list.o
                0x0000000008000342                vListInitialiseItem
 .text.vListInsertEnd
                0x0000000008000348       0x18 FreeRTOS/list.o
                0x0000000008000348                vListInsertEnd
 .text.vListInsert
                0x0000000008000360       0x2e FreeRTOS/list.o
                0x0000000008000360                vListInsert
 .text.uxListRemove
                0x000000000800038e       0x22 FreeRTOS/list.o
                0x000000000800038e                uxListRemove
 .text.prvTaskExitError
                0x00000000080003b0       0x20 FreeRTOS/port.o
 .text.prvPortStartFirstTask
                0x00000000080003d0       0x20 FreeRTOS/port.o
 .text.pxPortInitialiseStack
                0x00000000080003f0       0x24 FreeRTOS/port.o
                0x00000000080003f0                pxPortInitialiseStack
 *fill*         0x0000000008000414        0xc 
 .text.SVC_Handler
                0x0000000008000420       0x24 FreeRTOS/port.o
                0x0000000008000420                SVC_Handler
 .text.vPortEnterCritical
                0x0000000008000444       0x20 FreeRTOS/port.o
                0x0000000008000444                vPortEnterCritical
 .text.vPortExitCritical
                0x0000000008000464       0x14 FreeRTOS/port.o
                0x0000000008000464                vPortExitCritical
 *fill*         0x0000000008000478        0x8 
 .text.PendSV_Handler
                0x0000000008000480       0x44 FreeRTOS/port.o
                0x0000000008000480                PendSV_Handler
 .text.SysTick_Handler
                0x00000000080004c4       0x2c FreeRTOS/port.o
                0x00000000080004c4                SysTick_Handler
 .text.vPortSetupTimerInterrupt
                0x00000000080004f0       0x28 FreeRTOS/port.o
                0x00000000080004f0                vPortSetupTimerInterrupt
 .text.xPortStartScheduler
                0x0000000008000518       0x38 FreeRTOS/port.o
                0x0000000008000518                xPortStartScheduler
 .text.prvIsQueueEmpty
                0x0000000008000550       0x16 FreeRTOS/queue.o
 .text.prvCopyDataToQueue
                0x0000000008000566       0x66 FreeRTOS/queue.o
 .text.prvCopyDataFromQueue
                0x00000000080005cc       0x28 FreeRTOS/queue.o
 .text.prvUnlockQueue
                0x00000000080005f4       0x70 FreeRTOS/queue.o
 .text.xQueueGenericReset
                0x0000000008000664       0x54 FreeRTOS/queue.o
                0x0000000008000664                xQueueGenericReset
 .text.xQueueGenericCreate
                0x00000000080006b8       0x34 FreeRTOS/queue.o
                0x00000000080006b8                xQueueGenericCreate
 .text.xQueueGenericSend
                0x00000000080006ec       0xe8 FreeRTOS/queue.o
                0x00000000080006ec                xQueueGenericSend
 .text.xQueueGenericSendFromISR
                0x00000000080007d4       0x68 FreeRTOS/queue.o
                0x00000000080007d4                xQueueGenericSendFromISR
 .text.xQueueReceive
                0x000000000800083c       0xe0 FreeRTOS/queue.o
                0x000000000800083c                xQueueReceive
 .text.prvResetNextTaskUnblockTime
                0x000000000800091c       0x20 FreeRTOS/tasks.o
 .text.prvAddCurrentTaskToDelayedList
                0x000000000800093c       0x6c FreeRTOS/tasks.o
 .text.prvIdleTask
                0x00000000080009a8       0x50 FreeRTOS/tasks.o
 .text.xTaskCreate
                0x00000000080009f8      0x178 FreeRTOS/tasks.o
                0x00000000080009f8                xTaskCreate
 .text.vTaskStartScheduler
                0x0000000008000b70       0x54 FreeRTOS/tasks.o
                0x0000000008000b70                vTaskStartScheduler
 .text.vTaskSuspendAll
                0x0000000008000bc4       0x14 FreeRTOS/tasks.o
                0x0000000008000bc4                vTaskSuspendAll
 .text.xTaskGetTickCount
                0x0000000008000bd8        0xc FreeRTOS/tasks.o
                0x0000000008000bd8                xTaskGetTickCount
 .text.xTaskGetTickCountFromISR
                0x0000000008000be4        0xc FreeRTOS/tasks.o
                0x0000000008000be4                xTaskGetTickCountFromISR
 .text.xTaskIncrementTick
                0x0000000008000bf0       0xa0 FreeRTOS/tasks.o
                0x0000000008000bf0                xTaskIncrementTick
 .text.xTaskResumeAll
                0x0000000008000c90       0xa4 FreeRTOS/tasks.o
                0x0000000008000c90                xTaskResumeAll
 .text.vTaskDelayUntil
                0x0000000008000d34       0x4c FreeRTOS/tasks.o
                0x0000000008000d34                vTaskDelayUntil
 .text.vTaskDelay
                0x0000000008000d80       0x30 FreeRTOS/tasks.o
                0x0000000008000d80                vTaskDelay
 .text.vTaskSwitchContext
                0x0000000008000db0       0x50 FreeRTOS/tasks.o
                0x0000000008000db0                vTaskSwitchContext
 .text.vTaskPlaceOnEventList
                0x0000000008000e00       0x20 FreeRTOS/tasks.o
                0x0000000008000e00                vTaskPlaceOnEventList
 .text.xTaskRemoveFromEventList
                0x0000000008000e20       0x5c FreeRTOS/tasks.o
                0x0000000008000e20                xTaskRemoveFromEventList
 .text.vTaskInternalSetTimeOutState
                0x0000000008000e7c       0x14 FreeRTOS/tasks.o
                0x0000000008000e7c                vTaskInternalSetTimeOutState
 .text.xTaskCheckForTimeOut
                0x0000000008000e90       0x4c FreeRTOS/tasks.o
                0x0000000008000e90                xTaskCheckForTimeOut
 .text.vTaskMissedYield
                0x0000000008000edc       0x10 FreeRTOS/tasks.o
                0x0000000008000edc                vTaskMissedYield
 .text.xTaskPriorityDisinherit
                0x0000000008000eec       0x70 FreeRTOS/tasks.o
                0x0000000008000eec                xTaskPriorityDisinherit
 .text.NVIC_PriorityGroupConfig
                0x0000000008000f5c       0x14 StdPeriph_Driver/src/misc.o
                0x0000000008000f5c                NVIC_PriorityGroupConfig
 .text.NVIC_Init
                0x0000000008000f70       0x58 StdPeriph_Driver/src/misc.o
                0x0000000008000f70                NVIC_Init
 .text.ADC_Init
                0x0000000008000fc8       0x48 StdPeriph_Driver/src/stm32f10x_adc.o
                0x0000000008000fc8                ADC_Init
 .text.ADC_Cmd  0x0000000008001010       0x12 StdPeriph_Driver/src/stm32f10x_adc.o
                0x0000000008001010                ADC_Cmd
 .text.ADC_ResetCalibration
                0x0000000008001022        0xa StdPeriph_Driver/src/stm32f10x_adc.o
                0x0000000008001022                ADC_ResetCalibration
 .text.ADC_GetResetCalibrationStatus
                0x000000000800102c        0x8 StdPeriph_Driver/src/stm32f10x_adc.o
                0x000000000800102c                ADC_GetResetCalibrationStatus
 .text.ADC_StartCalibration
                0x0000000008001034        0xa StdPeriph_Driver/src/stm32f10x_adc.o
                0x0000000008001034                ADC_StartCalibration
 .text.ADC_GetCalibrationStatus
                0x000000000800103e        0x8 StdPeriph_Driver/src/stm32f10x_adc.o
                0x000000000800103e                ADC_GetCalibrationStatus
 .text.ADC_SoftwareStartConvCmd
                0x0000000008001046       0x12 StdPeriph_Driver/src/stm32f10x_adc.o
                0x0000000008001046                ADC_SoftwareStartConvCmd
 .text.ADC_RegularChannelConfig
                0x0000000008001058       0x8c StdPeriph_Driver/src/stm32f10x_adc.o
                0x0000000008001058                ADC_RegularChannelConfig
 .text.ADC_GetConversionValue
                0x00000000080010e4        0x6 StdPeriph_Driver/src/stm32f10x_adc.o
                0x00000000080010e4                ADC_GetConversionValue
 *fill*         0x00000000080010ea        0x2 
 .text.ADC_TempSensorVrefintCmd
                0x00000000080010ec       0x18 StdPeriph_Driver/src/stm32f10x_adc.o
                0x00000000080010ec                ADC_TempSensorVrefintCmd
 .text.ADC_GetFlagStatus
                0x0000000008001104        0xc StdPeriph_Driver/src/stm32f10x_adc.o
                0x0000000008001104                ADC_GetFlagStatus
 .text.ADC_ClearFlag
                0x0000000008001110        0x6 StdPeriph_Driver/src/stm32f10x_adc.o
                0x0000000008001110                ADC_ClearFlag
 *fill*         0x0000000008001116        0x2 
 .text.EXTI_Init
                0x0000000008001118       0x68 StdPeriph_Driver/src/stm32f10x_exti.o
                0x0000000008001118                EXTI_Init
 .text.EXTI_ClearITPendingBit
                0x0000000008001180        0xc StdPeriph_Driver/src/stm32f10x_exti.o
                0x0000000008001180                EXTI_ClearITPendingBit
 .text.FLASH_SetLatency
                0x000000000800118c       0x14 StdPeriph_Driver/src/stm32f10x_flash.o
                0x000000000800118c                FLASH_SetLatency
 .text.GPIO_Init
                0x00000000080011a0       0xa6 StdPeriph_Driver/src/stm32f10x_gpio.o
                0x00000000080011a0                GPIO_Init
 .text.GPIO_ReadOutputDataBit
                0x0000000008001246        0xc StdPeriph_Driver/src/stm32f10x_gpio.o
                0x0000000008001246                GPIO_ReadOutputDataBit
 .text.GPIO_WriteBit
                0x0000000008001252        0xa StdPeriph_Driver/src/stm32f10x_gpio.o
                0x0000000008001252                GPIO_WriteBit
 .text.GPIO_PinRemapConfig
                0x000000000800125c       0x60 StdPeriph_Driver/src/stm32f10x_gpio.o
                0x000000000800125c                GPIO_PinRemapConfig
 .text.GPIO_EXTILineConfig
                0x00000000080012bc       0x2a StdPeriph_Driver/src/stm32f10x_gpio.o
                0x00000000080012bc                GPIO_EXTILineConfig
 *fill*         0x00000000080012e6        0x2 
 .text.RCC_HSICmd
                0x00000000080012e8        0xc StdPeriph_Driver/src/stm32f10x_rcc.o
                0x00000000080012e8                RCC_HSICmd
 .text.RCC_PLLConfig
                0x00000000080012f4       0x14 StdPeriph_Driver/src/stm32f10x_rcc.o
                0x00000000080012f4                RCC_PLLConfig
 .text.RCC_PLLCmd
                0x0000000008001308        0xc StdPeriph_Driver/src/stm32f10x_rcc.o
                0x0000000008001308                RCC_PLLCmd
 .text.RCC_SYSCLKConfig
                0x0000000008001314       0x14 StdPeriph_Driver/src/stm32f10x_rcc.o
                0x0000000008001314                RCC_SYSCLKConfig
 .text.RCC_GetSYSCLKSource
                0x0000000008001328       0x10 StdPeriph_Driver/src/stm32f10x_rcc.o
                0x0000000008001328                RCC_GetSYSCLKSource
 .text.RCC_HCLKConfig
                0x0000000008001338       0x14 StdPeriph_Driver/src/stm32f10x_rcc.o
                0x0000000008001338                RCC_HCLKConfig
 .text.RCC_PCLK1Config
                0x000000000800134c       0x14 StdPeriph_Driver/src/stm32f10x_rcc.o
                0x000000000800134c                RCC_PCLK1Config
 .text.RCC_PCLK2Config
                0x0000000008001360       0x14 StdPeriph_Driver/src/stm32f10x_rcc.o
                0x0000000008001360                RCC_PCLK2Config
 .text.RCC_GetClocksFreq
                0x0000000008001374       0x90 StdPeriph_Driver/src/stm32f10x_rcc.o
                0x0000000008001374                RCC_GetClocksFreq
 .text.RCC_APB2PeriphClockCmd
                0x0000000008001404       0x18 StdPeriph_Driver/src/stm32f10x_rcc.o
                0x0000000008001404                RCC_APB2PeriphClockCmd
 .text.RCC_APB1PeriphClockCmd
                0x000000000800141c       0x18 StdPeriph_Driver/src/stm32f10x_rcc.o
                0x000000000800141c                RCC_APB1PeriphClockCmd
 .text.SPI_Init
                0x0000000008001434       0x3c StdPeriph_Driver/src/stm32f10x_spi.o
                0x0000000008001434                SPI_Init
 .text.SPI_Cmd  0x0000000008001470       0x16 StdPeriph_Driver/src/stm32f10x_spi.o
                0x0000000008001470                SPI_Cmd
 .text.SPI_I2S_SendData
                0x0000000008001486        0x4 StdPeriph_Driver/src/stm32f10x_spi.o
                0x0000000008001486                SPI_I2S_SendData
 .text.SPI_I2S_ReceiveData
                0x000000000800148a        0x4 StdPeriph_Driver/src/stm32f10x_spi.o
                0x000000000800148a                SPI_I2S_ReceiveData
 .text.SPI_I2S_GetFlagStatus
                0x000000000800148e        0xc StdPeriph_Driver/src/stm32f10x_spi.o
                0x000000000800148e                SPI_I2S_GetFlagStatus
 *fill*         0x000000000800149a        0x2 
 .text.USART_Init
                0x000000000800149c       0xa0 StdPeriph_Driver/src/stm32f10x_usart.o
                0x000000000800149c                USART_Init
 .text.USART_Cmd
                0x000000000800153c       0x16 StdPeriph_Driver/src/stm32f10x_usart.o
                0x000000000800153c                USART_Cmd
 .text.USART_ITConfig
                0x0000000008001552       0x30 StdPeriph_Driver/src/stm32f10x_usart.o
                0x0000000008001552                USART_ITConfig
 .text.USART_SendData
                0x0000000008001582        0x8 StdPeriph_Driver/src/stm32f10x_usart.o
                0x0000000008001582                USART_SendData
 .text.USART_ReceiveData
                0x000000000800158a        0x8 StdPeriph_Driver/src/stm32f10x_usart.o
                0x000000000800158a                USART_ReceiveData
 .text.USART_GetFlagStatus
                0x0000000008001592        0xc StdPeriph_Driver/src/stm32f10x_usart.o
                0x0000000008001592                USART_GetFlagStatus
 .text.USART_GetITStatus
                0x000000000800159e       0x3e StdPeriph_Driver/src/stm32f10x_usart.o
                0x000000000800159e                USART_GetITStatus
 .text.USART_ClearITPendingBit
                0x00000000080015dc        0xe StdPeriph_Driver/src/stm32f10x_usart.o
                0x00000000080015dc                USART_ClearITPendingBit
 .text.lcd_delay_pool
                0x00000000080015ea       0x1e src/lcd.o
                0x00000000080015ea                lcd_delay_pool
 .text.lcd_spi_send
                0x0000000008001608       0x38 src/lcd.o
                0x0000000008001608                lcd_spi_send
 .text.lcd_send_commnad
                0x0000000008001640       0x34 src/lcd.o
                0x0000000008001640                lcd_send_commnad
 .text.lcd_send_data
                0x0000000008001674       0x34 src/lcd.o
                0x0000000008001674                lcd_send_data
 .text.lcd_setAddrWindow
                0x00000000080016a8       0x50 src/lcd.o
                0x00000000080016a8                lcd_setAddrWindow
 .text.lcd_draw_fillrect
                0x00000000080016f8       0x6c src/lcd.o
                0x00000000080016f8                lcd_draw_fillrect
 .text.lcd_init
                0x0000000008001764      0x398 src/lcd.o
                0x0000000008001764                lcd_init
 .text.lcd_draw_pixelFromChar
                0x0000000008001afc       0x48 src/lcd.o
                0x0000000008001afc                lcd_draw_pixelFromChar
 .text.lcd_draw_char
                0x0000000008001b44       0xa4 src/lcd.o
                0x0000000008001b44                lcd_draw_char
 .text.prvSendTemp
                0x0000000008001be8       0x58 src/main.o
 .text.prvTickTask
                0x0000000008001c40       0x64 src/main.o
 .text.prvTempTask
                0x0000000008001ca4       0x74 src/main.o
 .text.prvFlashTask1
                0x0000000008001d18       0x34 src/main.o
 .text.prvLcdTask
                0x0000000008001d4c       0x3c src/main.o
 .text.startup.main
                0x0000000008001d88      0x2a0 src/main.o
                0x0000000008001d88                main
 .text.WWDG_IRQHandler
                0x0000000008002028        0x2 src/stm32f10x_it.o
                0x0000000008002028                WWDG_IRQHandler
 .text.PVD_IRQHandler
                0x000000000800202a        0x2 src/stm32f10x_it.o
                0x000000000800202a                PVD_IRQHandler
 .text.TAMPER_IRQHandler
                0x000000000800202c        0x2 src/stm32f10x_it.o
                0x000000000800202c                TAMPER_IRQHandler
 .text.RTC_IRQHandler
                0x000000000800202e        0x2 src/stm32f10x_it.o
                0x000000000800202e                RTC_IRQHandler
 .text.FLASH_IRQHandler
                0x0000000008002030        0x2 src/stm32f10x_it.o
                0x0000000008002030                FLASH_IRQHandler
 .text.RCC_IRQHandler
                0x0000000008002032        0x2 src/stm32f10x_it.o
                0x0000000008002032                RCC_IRQHandler
 .text.EXTI0_IRQHandler
                0x0000000008002034        0x2 src/stm32f10x_it.o
                0x0000000008002034                EXTI0_IRQHandler
 *fill*         0x0000000008002036        0x2 
 .text.EXTI1_IRQHandler
                0x0000000008002038       0x48 src/stm32f10x_it.o
                0x0000000008002038                EXTI1_IRQHandler
 .text.EXTI2_IRQHandler
                0x0000000008002080        0x2 src/stm32f10x_it.o
                0x0000000008002080                EXTI2_IRQHandler
 .text.EXTI3_IRQHandler
                0x0000000008002082        0x2 src/stm32f10x_it.o
                0x0000000008002082                EXTI3_IRQHandler
 .text.EXTI4_IRQHandler
                0x0000000008002084        0x2 src/stm32f10x_it.o
                0x0000000008002084                EXTI4_IRQHandler
 .text.DMA1_Channel1_IRQHandler
                0x0000000008002086        0x2 src/stm32f10x_it.o
                0x0000000008002086                DMA1_Channel1_IRQHandler
 .text.DMA1_Channel2_IRQHandler
                0x0000000008002088        0x2 src/stm32f10x_it.o
                0x0000000008002088                DMA1_Channel2_IRQHandler
 .text.DMA1_Channel3_IRQHandler
                0x000000000800208a        0x2 src/stm32f10x_it.o
                0x000000000800208a                DMA1_Channel3_IRQHandler
 .text.DMA1_Channel4_IRQHandler
                0x000000000800208c        0x2 src/stm32f10x_it.o
                0x000000000800208c                DMA1_Channel4_IRQHandler
 .text.DMA1_Channel5_IRQHandler
                0x000000000800208e        0x2 src/stm32f10x_it.o
                0x000000000800208e                DMA1_Channel5_IRQHandler
 .text.DMA1_Channel6_IRQHandler
                0x0000000008002090        0x2 src/stm32f10x_it.o
                0x0000000008002090                DMA1_Channel6_IRQHandler
 .text.DMA1_Channel7_IRQHandler
                0x0000000008002092        0x2 src/stm32f10x_it.o
                0x0000000008002092                DMA1_Channel7_IRQHandler
 .text.ADC1_2_IRQHandler
                0x0000000008002094        0x2 src/stm32f10x_it.o
                0x0000000008002094                ADC1_2_IRQHandler
 .text.EXTI9_5_IRQHandler
                0x0000000008002096        0x2 src/stm32f10x_it.o
                0x0000000008002096                EXTI9_5_IRQHandler
 .text.TIM1_BRK_IRQHandler
                0x0000000008002098        0x2 src/stm32f10x_it.o
                0x0000000008002098                TIM1_BRK_IRQHandler
 .text.TIM1_UP_IRQHandler
                0x000000000800209a        0x2 src/stm32f10x_it.o
                0x000000000800209a                TIM1_UP_IRQHandler
 .text.TIM1_TRG_COM_IRQHandler
                0x000000000800209c        0x2 src/stm32f10x_it.o
                0x000000000800209c                TIM1_TRG_COM_IRQHandler
 .text.TIM1_CC_IRQHandler
                0x000000000800209e        0x2 src/stm32f10x_it.o
                0x000000000800209e                TIM1_CC_IRQHandler
 .text.TIM2_IRQHandler
                0x00000000080020a0        0x2 src/stm32f10x_it.o
                0x00000000080020a0                TIM2_IRQHandler
 .text.TIM3_IRQHandler
                0x00000000080020a2        0x2 src/stm32f10x_it.o
                0x00000000080020a2                TIM3_IRQHandler
 .text.TIM4_IRQHandler
                0x00000000080020a4        0x2 src/stm32f10x_it.o
                0x00000000080020a4                TIM4_IRQHandler
 .text.I2C1_EV_IRQHandler
                0x00000000080020a6        0x2 src/stm32f10x_it.o
                0x00000000080020a6                I2C1_EV_IRQHandler
 .text.I2C1_ER_IRQHandler
                0x00000000080020a8        0x2 src/stm32f10x_it.o
                0x00000000080020a8                I2C1_ER_IRQHandler
 .text.I2C2_EV_IRQHandler
                0x00000000080020aa        0x2 src/stm32f10x_it.o
                0x00000000080020aa                I2C2_EV_IRQHandler
 .text.I2C2_ER_IRQHandler
                0x00000000080020ac        0x2 src/stm32f10x_it.o
                0x00000000080020ac                I2C2_ER_IRQHandler
 .text.SPI1_IRQHandler
                0x00000000080020ae        0x2 src/stm32f10x_it.o
                0x00000000080020ae                SPI1_IRQHandler
 .text.SPI2_IRQHandler
                0x00000000080020b0        0x2 src/stm32f10x_it.o
                0x00000000080020b0                SPI2_IRQHandler
 .text.USART1_IRQHandler
                0x00000000080020b2        0x2 src/stm32f10x_it.o
                0x00000000080020b2                USART1_IRQHandler
 .text.USART2_IRQHandler
                0x00000000080020b4       0x7c src/stm32f10x_it.o
                0x00000000080020b4                USART2_IRQHandler
 .text.USART3_IRQHandler
                0x0000000008002130        0x2 src/stm32f10x_it.o
                0x0000000008002130                USART3_IRQHandler
 .text.EXTI15_10_IRQHandler
                0x0000000008002132        0x2 src/stm32f10x_it.o
                0x0000000008002132                EXTI15_10_IRQHandler
 .text.RTCAlarm_IRQHandler
                0x0000000008002134        0x2 src/stm32f10x_it.o
                0x0000000008002134                RTCAlarm_IRQHandler
 .text.USBWakeUp_IRQHandler
                0x0000000008002136        0x2 src/stm32f10x_it.o
                0x0000000008002136                USBWakeUp_IRQHandler
 .text.Reset_Handler
                0x0000000008002138       0x44 startup/startup_stm32.o
                0x0000000008002138                Reset_Handler
 .text.Default_Handler
                0x000000000800217c        0x2 startup/startup_stm32.o
                0x000000000800217c                DebugMon_Handler
                0x000000000800217c                HardFault_Handler
                0x000000000800217c                NMI_Handler
                0x000000000800217c                UsageFault_Handler
                0x000000000800217c                CAN1_RX1_IRQHandler
                0x000000000800217c                Default_Handler
                0x000000000800217c                MemManage_Handler
                0x000000000800217c                USB_LP_CAN1_RX0_IRQHandler
                0x000000000800217c                USB_HP_CAN1_TX_IRQHandler
                0x000000000800217c                CAN1_SCE_IRQHandler
                0x000000000800217c                BusFault_Handler
 *fill*         0x000000000800217e        0x2 
 .text.__libc_init_array
                0x0000000008002180       0x48 /home/joao/Ac6/SystemWorkbench/plugins/fr.ac6.mcu.externaltools.arm-none.linux64_1.17.0.201812190825/tools/compiler/bin/../lib/gcc/arm-none-eabi/7.3.1/../../../../arm-none-eabi/lib/thumb/v7-m/libc.a(lib_a-init.o)
                0x0000000008002180                __libc_init_array
 .text.memset   0x00000000080021c8       0x94 /home/joao/Ac6/SystemWorkbench/plugins/fr.ac6.mcu.externaltools.arm-none.linux64_1.17.0.201812190825/tools/compiler/bin/../lib/gcc/arm-none-eabi/7.3.1/../../../../arm-none-eabi/lib/thumb/v7-m/libc.a(lib_a-memset.o)
                0x00000000080021c8                memset
 .text.strcpy   0x000000000800225c       0xbc /home/joao/Ac6/SystemWorkbench/plugins/fr.ac6.mcu.externaltools.arm-none.linux64_1.17.0.201812190825/tools/compiler/bin/../lib/gcc/arm-none-eabi/7.3.1/../../../../arm-none-eabi/lib/thumb/v7-m/libc.a(lib_a-strcpy.o)
                0x000000000800225c                strcpy
 .text.strlen   0x0000000008002318       0x5c /home/joao/Ac6/SystemWorkbench/plugins/fr.ac6.mcu.externaltools.arm-none.linux64_1.17.0.201812190825/tools/compiler/bin/../lib/gcc/arm-none-eabi/7.3.1/../../../../arm-none-eabi/lib/thumb/v7-m/libc.a(lib_a-strlen-stub.o)
                0x0000000008002318                strlen
 .text.startup.register_fini
                0x0000000008002374       0x14 /home/joao/Ac6/SystemWorkbench/plugins/fr.ac6.mcu.externaltools.arm-none.linux64_1.17.0.201812190825/tools/compiler/bin/../lib/gcc/arm-none-eabi/7.3.1/../../../../arm-none-eabi/lib/thumb/v7-m/libc.a(lib_a-__call_atexit.o)
 .text.atexit   0x0000000008002388        0xc /home/joao/Ac6/SystemWorkbench/plugins/fr.ac6.mcu.externaltools.arm-none.linux64_1.17.0.201812190825/tools/compiler/bin/../lib/gcc/arm-none-eabi/7.3.1/../../../../arm-none-eabi/lib/thumb/v7-m/libc.a(lib_a-atexit.o)
                0x0000000008002388                atexit
 .text.__libc_fini_array
                0x0000000008002394       0x34 /home/joao/Ac6/SystemWorkbench/plugins/fr.ac6.mcu.externaltools.arm-none.linux64_1.17.0.201812190825/tools/compiler/bin/../lib/gcc/arm-none-eabi/7.3.1/../../../../arm-none-eabi/lib/thumb/v7-m/libc.a(lib_a-fini.o)
                0x0000000008002394                __libc_fini_array
 .text.__retarget_lock_acquire_recursive
                0x00000000080023c8        0x4 /home/joao/Ac6/SystemWorkbench/plugins/fr.ac6.mcu.externaltools.arm-none.linux64_1.17.0.201812190825/tools/compiler/bin/../lib/gcc/arm-none-eabi/7.3.1/../../../../arm-none-eabi/lib/thumb/v7-m/libc.a(lib_a-lock.o)
                0x00000000080023c8                __retarget_lock_acquire_recursive
 .text.__retarget_lock_release_recursive
                0x00000000080023cc        0x4 /home/joao/Ac6/SystemWorkbench/plugins/fr.ac6.mcu.externaltools.arm-none.linux64_1.17.0.201812190825/tools/compiler/bin/../lib/gcc/arm-none-eabi/7.3.1/../../../../arm-none-eabi/lib/thumb/v7-m/libc.a(lib_a-lock.o)
                0x00000000080023cc                __retarget_lock_release_recursive
 .text.__register_exitproc
                0x00000000080023d0       0xc0 /home/joao/Ac6/SystemWorkbench/plugins/fr.ac6.mcu.externaltools.arm-none.linux64_1.17.0.201812190825/tools/compiler/bin/../lib/gcc/arm-none-eabi/7.3.1/../../../../arm-none-eabi/lib/thumb/v7-m/libc.a(lib_a-__atexit.o)
                0x00000000080023d0                __register_exitproc
 *(.glue_7)
 .glue_7        0x0000000008002490        0x0 linker stubs
 *(.glue_7t)
 .glue_7t       0x0000000008002490        0x0 linker stubs
 *(.eh_frame)
 .eh_frame      0x0000000008002490        0x0 /home/joao/Ac6/SystemWorkbench/plugins/fr.ac6.mcu.externaltools.arm-none.linux64_1.17.0.201812190825/tools/compiler/bin/../lib/gcc/arm-none-eabi/7.3.1/thumb/v7-m/crtbegin.o
 *(.init)
 .init          0x0000000008002490        0x4 /home/joao/Ac6/SystemWorkbench/plugins/fr.ac6.mcu.externaltools.arm-none.linux64_1.17.0.201812190825/tools/compiler/bin/../lib/gcc/arm-none-eabi/7.3.1/thumb/v7-m/crti.o
                0x0000000008002490                _init
 .init          0x0000000008002494        0x8 /home/joao/Ac6/SystemWorkbench/plugins/fr.ac6.mcu.externaltools.arm-none.linux64_1.17.0.201812190825/tools/compiler/bin/../lib/gcc/arm-none-eabi/7.3.1/thumb/v7-m/crtn.o
 *(.fini)
 .fini          0x000000000800249c        0x4 /home/joao/Ac6/SystemWorkbench/plugins/fr.ac6.mcu.externaltools.arm-none.linux64_1.17.0.201812190825/tools/compiler/bin/../lib/gcc/arm-none-eabi/7.3.1/thumb/v7-m/crti.o
                0x000000000800249c                _fini
 .fini          0x00000000080024a0        0x8 /home/joao/Ac6/SystemWorkbench/plugins/fr.ac6.mcu.externaltools.arm-none.linux64_1.17.0.201812190825/tools/compiler/bin/../lib/gcc/arm-none-eabi/7.3.1/thumb/v7-m/crtn.o
                0x00000000080024a8                . = ALIGN (0x4)
                0x00000000080024a8                _etext = .

.vfp11_veneer   0x00000000080024a8        0x0
 .vfp11_veneer  0x00000000080024a8        0x0 linker stubs

.v4_bx          0x00000000080024a8        0x0
 .v4_bx         0x00000000080024a8        0x0 linker stubs

.iplt           0x00000000080024a8        0x0
 .iplt          0x00000000080024a8        0x0 /home/joao/Ac6/SystemWorkbench/plugins/fr.ac6.mcu.externaltools.arm-none.linux64_1.17.0.201812190825/tools/compiler/bin/../lib/gcc/arm-none-eabi/7.3.1/thumb/v7-m/crtbegin.o

.rodata         0x00000000080024a8      0x538
                0x00000000080024a8                . = ALIGN (0x4)
 *(.rodata)
 .rodata        0x00000000080024a8      0x4fd src/lcd.o
                0x00000000080024a8                font
                0x00000000080029a3                height
                0x00000000080029a4                width
 *(.rodata*)
 .rodata.str1.1
                0x00000000080029a5       0x14 FreeRTOS/tasks.o
 .rodata.str1.1
                0x00000000080029b9       0x23 src/main.o
                                         0x28 (size before relaxing)
 .rodata._global_impure_ptr
                0x00000000080029dc        0x4 /home/joao/Ac6/SystemWorkbench/plugins/fr.ac6.mcu.externaltools.arm-none.linux64_1.17.0.201812190825/tools/compiler/bin/../lib/gcc/arm-none-eabi/7.3.1/../../../../arm-none-eabi/lib/thumb/v7-m/libc.a(lib_a-impure.o)
                0x00000000080029dc                _global_impure_ptr
                0x00000000080029e0                . = ALIGN (0x4)

.rel.dyn        0x00000000080029e0        0x0
 .rel.iplt      0x00000000080029e0        0x0 /home/joao/Ac6/SystemWorkbench/plugins/fr.ac6.mcu.externaltools.arm-none.linux64_1.17.0.201812190825/tools/compiler/bin/../lib/gcc/arm-none-eabi/7.3.1/thumb/v7-m/crtbegin.o

.ARM.extab      0x00000000080029e0        0x0
                0x00000000080029e0                . = ALIGN (0x4)
 *(.ARM.extab* .gnu.linkonce.armextab.*)
                0x00000000080029e0                . = ALIGN (0x4)

.ARM            0x00000000080029e0        0x0
                0x00000000080029e0                . = ALIGN (0x4)
                0x00000000080029e0                __exidx_start = .
 *(.ARM.exidx*)
                0x00000000080029e0                __exidx_end = .
                0x00000000080029e0                . = ALIGN (0x4)

.preinit_array  0x00000000080029e0        0x0
                0x00000000080029e0                . = ALIGN (0x4)
                0x00000000080029e0                PROVIDE (__preinit_array_start = .)
 *(.preinit_array*)
                0x00000000080029e0                PROVIDE (__preinit_array_end = .)
                0x00000000080029e0                . = ALIGN (0x4)

.init_array     0x00000000080029e0        0x8
                0x00000000080029e0                . = ALIGN (0x4)
                0x00000000080029e0                PROVIDE (__init_array_start = .)
 *(SORT_BY_NAME(.init_array.*))
 .init_array.00000
                0x00000000080029e0        0x4 /home/joao/Ac6/SystemWorkbench/plugins/fr.ac6.mcu.externaltools.arm-none.linux64_1.17.0.201812190825/tools/compiler/bin/../lib/gcc/arm-none-eabi/7.3.1/../../../../arm-none-eabi/lib/thumb/v7-m/libc.a(lib_a-__call_atexit.o)
 *(.init_array*)
 .init_array    0x00000000080029e4        0x4 /home/joao/Ac6/SystemWorkbench/plugins/fr.ac6.mcu.externaltools.arm-none.linux64_1.17.0.201812190825/tools/compiler/bin/../lib/gcc/arm-none-eabi/7.3.1/thumb/v7-m/crtbegin.o
                0x00000000080029e8                PROVIDE (__init_array_end = .)
                0x00000000080029e8                . = ALIGN (0x4)

.fini_array     0x00000000080029e8        0x4
                0x00000000080029e8                . = ALIGN (0x4)
                0x00000000080029e8                PROVIDE (__fini_array_start = .)
 *(SORT_BY_NAME(.fini_array.*))
 *(.fini_array*)
 .fini_array    0x00000000080029e8        0x4 /home/joao/Ac6/SystemWorkbench/plugins/fr.ac6.mcu.externaltools.arm-none.linux64_1.17.0.201812190825/tools/compiler/bin/../lib/gcc/arm-none-eabi/7.3.1/thumb/v7-m/crtbegin.o
                0x00000000080029ec                PROVIDE (__fini_array_end = .)
                0x00000000080029ec                . = ALIGN (0x4)
                0x00000000080029ec                _sidata = LOADADDR (.data)

.data           0x0000000020000000      0x44c load address 0x00000000080029ec
                0x0000000020000000                . = ALIGN (0x4)
                0x0000000020000000                _sdata = .
 *(.data)
 .data          0x0000000020000000        0x4 FreeRTOS/heap_2.o
 .data          0x0000000020000004        0x4 FreeRTOS/port.o
 .data          0x0000000020000008       0x14 StdPeriph_Driver/src/stm32f10x_rcc.o
 *(.data*)
 *fill*         0x000000002000001c        0x4 
 .data.impure_data
                0x0000000020000020      0x428 /home/joao/Ac6/SystemWorkbench/plugins/fr.ac6.mcu.externaltools.arm-none.linux64_1.17.0.201812190825/tools/compiler/bin/../lib/gcc/arm-none-eabi/7.3.1/../../../../arm-none-eabi/lib/thumb/v7-m/libc.a(lib_a-impure.o)
 .data.__atexit_recursive_mutex
                0x0000000020000448        0x4 /home/joao/Ac6/SystemWorkbench/plugins/fr.ac6.mcu.externaltools.arm-none.linux64_1.17.0.201812190825/tools/compiler/bin/../lib/gcc/arm-none-eabi/7.3.1/../../../../arm-none-eabi/lib/thumb/v7-m/libc.a(lib_a-__call_atexit.o)
                0x0000000020000448                __atexit_recursive_mutex
                0x000000002000044c                . = ALIGN (0x4)
                0x000000002000044c                _edata = .

.igot.plt       0x000000002000044c        0x0 load address 0x0000000008002e38
 .igot.plt      0x000000002000044c        0x0 /home/joao/Ac6/SystemWorkbench/plugins/fr.ac6.mcu.externaltools.arm-none.linux64_1.17.0.201812190825/tools/compiler/bin/../lib/gcc/arm-none-eabi/7.3.1/thumb/v7-m/crtbegin.o
                0x000000002000044c                . = ALIGN (0x4)

.bss            0x000000002000044c     0x3588 load address 0x0000000008002e38
                0x000000002000044c                _sbss = .
                0x000000002000044c                __bss_start__ = _sbss
 *(.bss)
 .bss           0x000000002000044c       0x1c /home/joao/Ac6/SystemWorkbench/plugins/fr.ac6.mcu.externaltools.arm-none.linux64_1.17.0.201812190825/tools/compiler/bin/../lib/gcc/arm-none-eabi/7.3.1/thumb/v7-m/crtbegin.o
 .bss           0x0000000020000468     0x3414 FreeRTOS/heap_2.o
 .bss           0x000000002000387c      0x104 FreeRTOS/tasks.o
                0x0000000020003888                pxCurrentTCB
 .bss           0x0000000020003980        0x3 src/lcd.o
                0x0000000020003980                background_color
                0x0000000020003982                lcd_initialized
 *fill*         0x0000000020003983        0x1 
 .bss           0x0000000020003984        0x8 src/stm32f10x_it.o
 *(.bss*)
 *(COMMON)
 COMMON         0x000000002000398c        0x1 src/lcd.o
                0x000000002000398c                madctl
 *fill*         0x000000002000398d        0x3 
 COMMON         0x0000000020003990       0x20 src/main.o
                0x0000000020003990                xTemptimeQueue
                0x0000000020003994                HandleTask2
                0x0000000020003998                HandleTask3
                0x000000002000399c                xQueue
                0x00000000200039a0                HandleTask5
                0x00000000200039a4                HandleTask1
                0x00000000200039a8                xTickQueue
                0x00000000200039ac                HandleTask4
 COMMON         0x00000000200039b0       0x21 /home/joao/Ac6/SystemWorkbench/plugins/fr.ac6.mcu.externaltools.arm-none.linux64_1.17.0.201812190825/tools/compiler/bin/../lib/gcc/arm-none-eabi/7.3.1/../../../../arm-none-eabi/lib/thumb/v7-m/libc.a(lib_a-lock.o)
                0x00000000200039b0                __lock___atexit_recursive_mutex
                0x00000000200039b4                __lock___arc4random_mutex
                0x00000000200039b8                __lock___env_recursive_mutex
                0x00000000200039bc                __lock___sinit_recursive_mutex
                0x00000000200039c0                __lock___malloc_recursive_mutex
                0x00000000200039c4                __lock___at_quick_exit_mutex
                0x00000000200039c8                __lock___dd_hash_mutex
                0x00000000200039cc                __lock___tz_mutex
                0x00000000200039d0                __lock___sfp_recursive_mutex
                0x00000000200039d4                . = ALIGN (0x4)
 *fill*         0x00000000200039d1        0x3 
                0x00000000200039d4                _ebss = .
                0x00000000200039d4                __bss_end__ = _ebss

._user_heap_stack
                0x00000000200039d4      0x404 load address 0x0000000008002e38
                0x00000000200039d8                . = ALIGN (0x8)
 *fill*         0x00000000200039d4        0x4 
                0x00000000200039d8                PROVIDE (end = .)
                [!provide]                        PROVIDE (_end = .)
                0x00000000200039d8                . = (. + _Min_Heap_Size)
                0x0000000020003dd8                . = (. + _Min_Stack_Size)
 *fill*         0x00000000200039d8      0x400 
                0x0000000020003dd8                . = ALIGN (0x8)

/DISCARD/
 libc.a(*)
 libm.a(*)
 libgcc.a(*)

.ARM.attributes
                0x0000000000000000       0x29
 *(.ARM.attributes)
 .ARM.attributes
                0x0000000000000000       0x1d /home/joao/Ac6/SystemWorkbench/plugins/fr.ac6.mcu.externaltools.arm-none.linux64_1.17.0.201812190825/tools/compiler/bin/../lib/gcc/arm-none-eabi/7.3.1/thumb/v7-m/crti.o
 .ARM.attributes
                0x000000000000001d       0x2d /home/joao/Ac6/SystemWorkbench/plugins/fr.ac6.mcu.externaltools.arm-none.linux64_1.17.0.201812190825/tools/compiler/bin/../lib/gcc/arm-none-eabi/7.3.1/thumb/v7-m/crtbegin.o
 .ARM.attributes
                0x000000000000004a       0x33 FreeRTOS/heap_2.o
 .ARM.attributes
                0x000000000000007d       0x33 FreeRTOS/list.o
 .ARM.attributes
                0x00000000000000b0       0x33 FreeRTOS/port.o
 .ARM.attributes
                0x00000000000000e3       0x33 FreeRTOS/queue.o
 .ARM.attributes
                0x0000000000000116       0x33 FreeRTOS/tasks.o
 .ARM.attributes
                0x0000000000000149       0x33 StdPeriph_Driver/src/misc.o
 .ARM.attributes
                0x000000000000017c       0x33 StdPeriph_Driver/src/stm32f10x_adc.o
 .ARM.attributes
                0x00000000000001af       0x33 StdPeriph_Driver/src/stm32f10x_exti.o
 .ARM.attributes
                0x00000000000001e2       0x33 StdPeriph_Driver/src/stm32f10x_flash.o
 .ARM.attributes
                0x0000000000000215       0x33 StdPeriph_Driver/src/stm32f10x_gpio.o
 .ARM.attributes
                0x0000000000000248       0x33 StdPeriph_Driver/src/stm32f10x_rcc.o
 .ARM.attributes
                0x000000000000027b       0x33 StdPeriph_Driver/src/stm32f10x_spi.o
 .ARM.attributes
                0x00000000000002ae       0x33 StdPeriph_Driver/src/stm32f10x_usart.o
 .ARM.attributes
                0x00000000000002e1       0x33 src/lcd.o
 .ARM.attributes
                0x0000000000000314       0x33 src/main.o
 .ARM.attributes
                0x0000000000000347       0x33 src/stm32f10x_it.o
 .ARM.attributes
                0x000000000000037a       0x21 startup/startup_stm32.o
 .ARM.attributes
                0x000000000000039b       0x2d /home/joao/Ac6/SystemWorkbench/plugins/fr.ac6.mcu.externaltools.arm-none.linux64_1.17.0.201812190825/tools/compiler/bin/../lib/gcc/arm-none-eabi/7.3.1/../../../../arm-none-eabi/lib/thumb/v7-m/libc.a(lib_a-impure.o)
 .ARM.attributes
                0x00000000000003c8       0x2d /home/joao/Ac6/SystemWorkbench/plugins/fr.ac6.mcu.externaltools.arm-none.linux64_1.17.0.201812190825/tools/compiler/bin/../lib/gcc/arm-none-eabi/7.3.1/../../../../arm-none-eabi/lib/thumb/v7-m/libc.a(lib_a-init.o)
 .ARM.attributes
                0x00000000000003f5       0x1b /home/joao/Ac6/SystemWorkbench/plugins/fr.ac6.mcu.externaltools.arm-none.linux64_1.17.0.201812190825/tools/compiler/bin/../lib/gcc/arm-none-eabi/7.3.1/../../../../arm-none-eabi/lib/thumb/v7-m/libc.a(lib_a-memcpy.o)
 .ARM.attributes
                0x0000000000000410       0x2d /home/joao/Ac6/SystemWorkbench/plugins/fr.ac6.mcu.externaltools.arm-none.linux64_1.17.0.201812190825/tools/compiler/bin/../lib/gcc/arm-none-eabi/7.3.1/../../../../arm-none-eabi/lib/thumb/v7-m/libc.a(lib_a-memset.o)
 .ARM.attributes
                0x000000000000043d       0x2d /home/joao/Ac6/SystemWorkbench/plugins/fr.ac6.mcu.externaltools.arm-none.linux64_1.17.0.201812190825/tools/compiler/bin/../lib/gcc/arm-none-eabi/7.3.1/../../../../arm-none-eabi/lib/thumb/v7-m/libc.a(lib_a-strcpy.o)
 .ARM.attributes
                0x000000000000046a       0x2d /home/joao/Ac6/SystemWorkbench/plugins/fr.ac6.mcu.externaltools.arm-none.linux64_1.17.0.201812190825/tools/compiler/bin/../lib/gcc/arm-none-eabi/7.3.1/../../../../arm-none-eabi/lib/thumb/v7-m/libc.a(lib_a-strlen-stub.o)
 .ARM.attributes
                0x0000000000000497       0x2d /home/joao/Ac6/SystemWorkbench/plugins/fr.ac6.mcu.externaltools.arm-none.linux64_1.17.0.201812190825/tools/compiler/bin/../lib/gcc/arm-none-eabi/7.3.1/../../../../arm-none-eabi/lib/thumb/v7-m/libc.a(lib_a-__call_atexit.o)
 .ARM.attributes
                0x00000000000004c4       0x2d /home/joao/Ac6/SystemWorkbench/plugins/fr.ac6.mcu.externaltools.arm-none.linux64_1.17.0.201812190825/tools/compiler/bin/../lib/gcc/arm-none-eabi/7.3.1/../../../../arm-none-eabi/lib/thumb/v7-m/libc.a(lib_a-atexit.o)
 .ARM.attributes
                0x00000000000004f1       0x2d /home/joao/Ac6/SystemWorkbench/plugins/fr.ac6.mcu.externaltools.arm-none.linux64_1.17.0.201812190825/tools/compiler/bin/../lib/gcc/arm-none-eabi/7.3.1/../../../../arm-none-eabi/lib/thumb/v7-m/libc.a(lib_a-fini.o)
 .ARM.attributes
                0x000000000000051e       0x2d /home/joao/Ac6/SystemWorkbench/plugins/fr.ac6.mcu.externaltools.arm-none.linux64_1.17.0.201812190825/tools/compiler/bin/../lib/gcc/arm-none-eabi/7.3.1/../../../../arm-none-eabi/lib/thumb/v7-m/libc.a(lib_a-lock.o)
 .ARM.attributes
                0x000000000000054b       0x2d /home/joao/Ac6/SystemWorkbench/plugins/fr.ac6.mcu.externaltools.arm-none.linux64_1.17.0.201812190825/tools/compiler/bin/../lib/gcc/arm-none-eabi/7.3.1/../../../../arm-none-eabi/lib/thumb/v7-m/libc.a(lib_a-__atexit.o)
 .ARM.attributes
                0x0000000000000578       0x1d /home/joao/Ac6/SystemWorkbench/plugins/fr.ac6.mcu.externaltools.arm-none.linux64_1.17.0.201812190825/tools/compiler/bin/../lib/gcc/arm-none-eabi/7.3.1/thumb/v7-m/crtn.o
OUTPUT(3SO_FreeRTOS.elf elf32-littlearm)

.debug_info     0x0000000000000000     0xf8bd
 .debug_info    0x0000000000000000      0xb79 FreeRTOS/heap_2.o
 .debug_info    0x0000000000000b79      0xae9 FreeRTOS/list.o
 .debug_info    0x0000000000001662      0x347 FreeRTOS/port.o
 .debug_info    0x00000000000019a9     0x1fe2 FreeRTOS/queue.o
 .debug_info    0x000000000000398b     0x2f14 FreeRTOS/tasks.o
 .debug_info    0x000000000000689f      0x4eb StdPeriph_Driver/src/misc.o
 .debug_info    0x0000000000006d8a      0xbdc StdPeriph_Driver/src/stm32f10x_adc.o
 .debug_info    0x0000000000007966      0x34e StdPeriph_Driver/src/stm32f10x_exti.o
 .debug_info    0x0000000000007cb4      0x9b4 StdPeriph_Driver/src/stm32f10x_flash.o
 .debug_info    0x0000000000008668      0x7e3 StdPeriph_Driver/src/stm32f10x_gpio.o
 .debug_info    0x0000000000008e4b      0x8ce StdPeriph_Driver/src/stm32f10x_rcc.o
 .debug_info    0x0000000000009719      0x996 StdPeriph_Driver/src/stm32f10x_spi.o
 .debug_info    0x000000000000a0af      0xabd StdPeriph_Driver/src/stm32f10x_usart.o
 .debug_info    0x000000000000ab6c     0x2b57 src/lcd.o
 .debug_info    0x000000000000d6c3     0x1c9c src/main.o
 .debug_info    0x000000000000f35f      0x53c src/stm32f10x_it.o
 .debug_info    0x000000000000f89b       0x22 startup/startup_stm32.o

.debug_abbrev   0x0000000000000000     0x287b
 .debug_abbrev  0x0000000000000000      0x2d6 FreeRTOS/heap_2.o
 .debug_abbrev  0x00000000000002d6      0x223 FreeRTOS/list.o
 .debug_abbrev  0x00000000000004f9      0x1ef FreeRTOS/port.o
 .debug_abbrev  0x00000000000006e8      0x3e6 FreeRTOS/queue.o
 .debug_abbrev  0x0000000000000ace      0x4c1 FreeRTOS/tasks.o
 .debug_abbrev  0x0000000000000f8f      0x195 StdPeriph_Driver/src/misc.o
 .debug_abbrev  0x0000000000001124      0x1f9 StdPeriph_Driver/src/stm32f10x_adc.o
 .debug_abbrev  0x000000000000131d      0x1c8 StdPeriph_Driver/src/stm32f10x_exti.o
 .debug_abbrev  0x00000000000014e5      0x245 StdPeriph_Driver/src/stm32f10x_flash.o
 .debug_abbrev  0x000000000000172a      0x223 StdPeriph_Driver/src/stm32f10x_gpio.o
 .debug_abbrev  0x000000000000194d      0x1fa StdPeriph_Driver/src/stm32f10x_rcc.o
 .debug_abbrev  0x0000000000001b47      0x1fe StdPeriph_Driver/src/stm32f10x_spi.o
 .debug_abbrev  0x0000000000001d45      0x1fc StdPeriph_Driver/src/stm32f10x_usart.o
 .debug_abbrev  0x0000000000001f41      0x3de src/lcd.o
 .debug_abbrev  0x000000000000231f      0x380 src/main.o
 .debug_abbrev  0x000000000000269f      0x1ca src/stm32f10x_it.o
 .debug_abbrev  0x0000000000002869       0x12 startup/startup_stm32.o

.debug_loc      0x0000000000000000     0x6831
 .debug_loc     0x0000000000000000      0x294 FreeRTOS/heap_2.o
 .debug_loc     0x0000000000000294       0x94 FreeRTOS/list.o
 .debug_loc     0x0000000000000328       0xa8 FreeRTOS/port.o
 .debug_loc     0x00000000000003d0      0xf61 FreeRTOS/queue.o
 .debug_loc     0x0000000000001331     0x1a1f FreeRTOS/tasks.o
 .debug_loc     0x0000000000002d50      0x16c StdPeriph_Driver/src/misc.o
 .debug_loc     0x0000000000002ebc      0xaaa StdPeriph_Driver/src/stm32f10x_adc.o
 .debug_loc     0x0000000000003966      0x188 StdPeriph_Driver/src/stm32f10x_exti.o
 .debug_loc     0x0000000000003aee      0x7b4 StdPeriph_Driver/src/stm32f10x_flash.o
 .debug_loc     0x00000000000042a2      0x577 StdPeriph_Driver/src/stm32f10x_gpio.o
 .debug_loc     0x0000000000004819      0x6c3 StdPeriph_Driver/src/stm32f10x_rcc.o
 .debug_loc     0x0000000000004edc      0x567 StdPeriph_Driver/src/stm32f10x_spi.o
 .debug_loc     0x0000000000005443      0x793 StdPeriph_Driver/src/stm32f10x_usart.o
 .debug_loc     0x0000000000005bd6      0xab5 src/lcd.o
 .debug_loc     0x000000000000668b      0x1a6 src/main.o

.debug_aranges  0x0000000000000000      0xb08
 .debug_aranges
                0x0000000000000000       0x38 FreeRTOS/heap_2.o
 .debug_aranges
                0x0000000000000038       0x40 FreeRTOS/list.o
 .debug_aranges
                0x0000000000000078       0x70 FreeRTOS/port.o
 .debug_aranges
                0x00000000000000e8       0xe0 FreeRTOS/queue.o
 .debug_aranges
                0x00000000000001c8      0x1a0 FreeRTOS/tasks.o
 .debug_aranges
                0x0000000000000368       0x40 StdPeriph_Driver/src/misc.o
 .debug_aranges
                0x00000000000003a8      0x138 StdPeriph_Driver/src/stm32f10x_adc.o
 .debug_aranges
                0x00000000000004e0       0x50 StdPeriph_Driver/src/stm32f10x_exti.o
 .debug_aranges
                0x0000000000000530       0xd8 StdPeriph_Driver/src/stm32f10x_flash.o
 .debug_aranges
                0x0000000000000608       0xa8 StdPeriph_Driver/src/stm32f10x_gpio.o
 .debug_aranges
                0x00000000000006b0      0x118 StdPeriph_Driver/src/stm32f10x_rcc.o
 .debug_aranges
                0x00000000000007c8       0xd0 StdPeriph_Driver/src/stm32f10x_spi.o
 .debug_aranges
                0x0000000000000898      0x100 StdPeriph_Driver/src/stm32f10x_usart.o
 .debug_aranges
                0x0000000000000998       0xb0 src/lcd.o
 .debug_aranges
                0x0000000000000a48       0x48 src/main.o
 .debug_aranges
                0x0000000000000a90       0x50 src/stm32f10x_it.o
 .debug_aranges
                0x0000000000000ae0       0x28 startup/startup_stm32.o

.debug_ranges   0x0000000000000000      0xdf0
 .debug_ranges  0x0000000000000000       0x70 FreeRTOS/heap_2.o
 .debug_ranges  0x0000000000000070       0x30 FreeRTOS/list.o
 .debug_ranges  0x00000000000000a0       0x60 FreeRTOS/port.o
 .debug_ranges  0x0000000000000100      0x208 FreeRTOS/queue.o
 .debug_ranges  0x0000000000000308      0x300 FreeRTOS/tasks.o
 .debug_ranges  0x0000000000000608       0x30 StdPeriph_Driver/src/misc.o
 .debug_ranges  0x0000000000000638      0x128 StdPeriph_Driver/src/stm32f10x_adc.o
 .debug_ranges  0x0000000000000760       0x40 StdPeriph_Driver/src/stm32f10x_exti.o
 .debug_ranges  0x00000000000007a0       0xc8 StdPeriph_Driver/src/stm32f10x_flash.o
 .debug_ranges  0x0000000000000868       0x98 StdPeriph_Driver/src/stm32f10x_gpio.o
 .debug_ranges  0x0000000000000900      0x108 StdPeriph_Driver/src/stm32f10x_rcc.o
 .debug_ranges  0x0000000000000a08       0xc0 StdPeriph_Driver/src/stm32f10x_spi.o
 .debug_ranges  0x0000000000000ac8       0xf0 StdPeriph_Driver/src/stm32f10x_usart.o
 .debug_ranges  0x0000000000000bb8      0x140 src/lcd.o
 .debug_ranges  0x0000000000000cf8       0x98 src/main.o
 .debug_ranges  0x0000000000000d90       0x40 src/stm32f10x_it.o
 .debug_ranges  0x0000000000000dd0       0x20 startup/startup_stm32.o

.debug_macro    0x0000000000000000     0x486f
 .debug_macro   0x0000000000000000      0x2c0 FreeRTOS/heap_2.o
 .debug_macro   0x00000000000002c0      0x293 FreeRTOS/list.o
 .debug_macro   0x0000000000000553      0x28b FreeRTOS/port.o
 .debug_macro   0x00000000000007de      0x31d FreeRTOS/queue.o
 .debug_macro   0x0000000000000afb       0x16 FreeRTOS/queue.o
 .debug_macro   0x0000000000000b11       0x35 FreeRTOS/queue.o
 .debug_macro   0x0000000000000b46       0x80 FreeRTOS/queue.o
 .debug_macro   0x0000000000000bc6      0x44c FreeRTOS/tasks.o
 .debug_macro   0x0000000000001012       0x10 FreeRTOS/tasks.o
 .debug_macro   0x0000000000001022       0x1c FreeRTOS/tasks.o
 .debug_macro   0x000000000000103e       0x10 FreeRTOS/tasks.o
 .debug_macro   0x000000000000104e       0x10 FreeRTOS/tasks.o
 .debug_macro   0x000000000000105e       0x1c FreeRTOS/tasks.o
 .debug_macro   0x000000000000107a       0x52 FreeRTOS/tasks.o
 .debug_macro   0x00000000000010cc       0x40 FreeRTOS/tasks.o
 .debug_macro   0x000000000000110c       0x10 FreeRTOS/tasks.o
 .debug_macro   0x000000000000111c       0x40 FreeRTOS/tasks.o
 .debug_macro   0x000000000000115c       0xd7 FreeRTOS/tasks.o
 .debug_macro   0x0000000000001233       0x1c FreeRTOS/tasks.o
 .debug_macro   0x000000000000124f       0x3d FreeRTOS/tasks.o
 .debug_macro   0x000000000000128c       0x16 FreeRTOS/tasks.o
 .debug_macro   0x00000000000012a2      0x16f FreeRTOS/tasks.o
 .debug_macro   0x0000000000001411      0x18b StdPeriph_Driver/src/misc.o
 .debug_macro   0x000000000000159c       0x22 StdPeriph_Driver/src/misc.o
 .debug_macro   0x00000000000015be      0x69f StdPeriph_Driver/src/misc.o
 .debug_macro   0x0000000000001c5d       0x85 StdPeriph_Driver/src/misc.o
 .debug_macro   0x0000000000001ce2      0x285 StdPeriph_Driver/src/stm32f10x_adc.o
 .debug_macro   0x0000000000001f67      0x13e StdPeriph_Driver/src/stm32f10x_adc.o
 .debug_macro   0x00000000000020a5      0x18b StdPeriph_Driver/src/stm32f10x_exti.o
 .debug_macro   0x0000000000002230       0x94 StdPeriph_Driver/src/stm32f10x_exti.o
 .debug_macro   0x00000000000022c4      0x22d StdPeriph_Driver/src/stm32f10x_flash.o
 .debug_macro   0x00000000000024f1      0x2c9 StdPeriph_Driver/src/stm32f10x_flash.o
 .debug_macro   0x00000000000027ba      0x1d7 StdPeriph_Driver/src/stm32f10x_gpio.o
 .debug_macro   0x0000000000002991      0x2a6 StdPeriph_Driver/src/stm32f10x_gpio.o
 .debug_macro   0x0000000000002c37      0x2a1 StdPeriph_Driver/src/stm32f10x_rcc.o
 .debug_macro   0x0000000000002ed8      0x3dc StdPeriph_Driver/src/stm32f10x_rcc.o
 .debug_macro   0x00000000000032b4      0x1ef StdPeriph_Driver/src/stm32f10x_spi.o
 .debug_macro   0x00000000000034a3      0x2be StdPeriph_Driver/src/stm32f10x_spi.o
 .debug_macro   0x0000000000003761      0x23d StdPeriph_Driver/src/stm32f10x_usart.o
 .debug_macro   0x000000000000399e      0x21a StdPeriph_Driver/src/stm32f10x_usart.o
 .debug_macro   0x0000000000003bb8      0x31e src/lcd.o
 .debug_macro   0x0000000000003ed6      0x112 src/lcd.o
 .debug_macro   0x0000000000003fe8       0x16 src/lcd.o
 .debug_macro   0x0000000000003ffe       0x97 src/lcd.o
 .debug_macro   0x0000000000004095       0xfd src/lcd.o
 .debug_macro   0x0000000000004192      0x39e src/main.o
 .debug_macro   0x0000000000004530       0xc2 src/main.o
 .debug_macro   0x00000000000045f2      0x214 src/stm32f10x_it.o
 .debug_macro   0x0000000000004806       0x69 src/stm32f10x_it.o

.debug_line     0x0000000000000000     0x8cc0
 .debug_line    0x0000000000000000      0x7b5 FreeRTOS/heap_2.o
 .debug_line    0x00000000000007b5      0x779 FreeRTOS/list.o
 .debug_line    0x0000000000000f2e      0x796 FreeRTOS/port.o
 .debug_line    0x00000000000016c4      0xb9e FreeRTOS/queue.o
 .debug_line    0x0000000000002262     0x114b FreeRTOS/tasks.o
 .debug_line    0x00000000000033ad      0x5f6 StdPeriph_Driver/src/misc.o
 .debug_line    0x00000000000039a3      0x8fa StdPeriph_Driver/src/stm32f10x_adc.o
 .debug_line    0x000000000000429d      0x639 StdPeriph_Driver/src/stm32f10x_exti.o
 .debug_line    0x00000000000048d6      0x860 StdPeriph_Driver/src/stm32f10x_flash.o
 .debug_line    0x0000000000005136      0x770 StdPeriph_Driver/src/stm32f10x_gpio.o
 .debug_line    0x00000000000058a6      0x870 StdPeriph_Driver/src/stm32f10x_rcc.o
 .debug_line    0x0000000000006116      0x7e3 StdPeriph_Driver/src/stm32f10x_spi.o
 .debug_line    0x00000000000068f9      0x870 StdPeriph_Driver/src/stm32f10x_usart.o
 .debug_line    0x0000000000007169      0xa7b src/lcd.o
 .debug_line    0x0000000000007be4      0x943 src/main.o
 .debug_line    0x0000000000008527      0x723 src/stm32f10x_it.o
 .debug_line    0x0000000000008c4a       0x76 startup/startup_stm32.o

.debug_str      0x0000000000000000    0x5cbfb
 .debug_str     0x0000000000000000    0x53c58 FreeRTOS/heap_2.o
                                      0x53eb7 (size before relaxing)
 .debug_str     0x0000000000053c58      0x11e FreeRTOS/list.o
                                      0x5366c (size before relaxing)
 .debug_str     0x0000000000053d76      0x678 FreeRTOS/port.o
                                      0x51554 (size before relaxing)
 .debug_str     0x00000000000543ee      0xf8b FreeRTOS/queue.o
                                      0x54c80 (size before relaxing)
 .debug_str     0x0000000000055379     0x2cbc FreeRTOS/tasks.o
                                      0x56c96 (size before relaxing)
 .debug_str     0x0000000000058035      0x27c StdPeriph_Driver/src/misc.o
                                      0x4d446 (size before relaxing)
 .debug_str     0x00000000000582b1      0xb83 StdPeriph_Driver/src/stm32f10x_adc.o
                                      0x4ddb1 (size before relaxing)
 .debug_str     0x0000000000058e34      0x1ce StdPeriph_Driver/src/stm32f10x_exti.o
                                      0x4d3cf (size before relaxing)
 .debug_str     0x0000000000059002      0x7ee StdPeriph_Driver/src/stm32f10x_flash.o
                                      0x4da30 (size before relaxing)
 .debug_str     0x00000000000597f0      0x5a4 StdPeriph_Driver/src/stm32f10x_gpio.o
                                      0x4d7d5 (size before relaxing)
 .debug_str     0x0000000000059d94      0xb3d StdPeriph_Driver/src/stm32f10x_rcc.o
                                      0x4dda4 (size before relaxing)
 .debug_str     0x000000000005a8d1      0x5d5 StdPeriph_Driver/src/stm32f10x_spi.o
                                      0x4d8fe (size before relaxing)
 .debug_str     0x000000000005aea6      0x7e9 StdPeriph_Driver/src/stm32f10x_usart.o
                                      0x4db0e (size before relaxing)
 .debug_str     0x000000000005b68f      0x5c9 src/lcd.o
                                      0x51d56 (size before relaxing)
 .debug_str     0x000000000005bc58      0x55a src/main.o
                                      0x56466 (size before relaxing)
 .debug_str     0x000000000005c1b2      0xa20 src/stm32f10x_it.o
                                      0x52100 (size before relaxing)
 .debug_str     0x000000000005cbd2       0x29 startup/startup_stm32.o
                                         0x54 (size before relaxing)

.comment        0x0000000000000000       0x7f
 .comment       0x0000000000000000       0x7f FreeRTOS/heap_2.o
                                         0x80 (size before relaxing)
 .comment       0x000000000000007f       0x80 FreeRTOS/list.o
 .comment       0x000000000000007f       0x80 FreeRTOS/port.o
 .comment       0x000000000000007f       0x80 FreeRTOS/queue.o
 .comment       0x000000000000007f       0x80 FreeRTOS/tasks.o
 .comment       0x000000000000007f       0x80 StdPeriph_Driver/src/misc.o
 .comment       0x000000000000007f       0x80 StdPeriph_Driver/src/stm32f10x_adc.o
 .comment       0x000000000000007f       0x80 StdPeriph_Driver/src/stm32f10x_exti.o
 .comment       0x000000000000007f       0x80 StdPeriph_Driver/src/stm32f10x_flash.o
 .comment       0x000000000000007f       0x80 StdPeriph_Driver/src/stm32f10x_gpio.o
 .comment       0x000000000000007f       0x80 StdPeriph_Driver/src/stm32f10x_rcc.o
 .comment       0x000000000000007f       0x80 StdPeriph_Driver/src/stm32f10x_spi.o
 .comment       0x000000000000007f       0x80 StdPeriph_Driver/src/stm32f10x_usart.o
 .comment       0x000000000000007f       0x80 src/lcd.o
 .comment       0x000000000000007f       0x80 src/main.o
 .comment       0x000000000000007f       0x80 src/stm32f10x_it.o

.debug_frame    0x0000000000000000     0x20a8
 .debug_frame   0x0000000000000000       0x74 FreeRTOS/heap_2.o
 .debug_frame   0x0000000000000074       0x6c FreeRTOS/list.o
 .debug_frame   0x00000000000000e0       0xd8 FreeRTOS/port.o
 .debug_frame   0x00000000000001b8      0x2c4 FreeRTOS/queue.o
 .debug_frame   0x000000000000047c      0x598 FreeRTOS/tasks.o
 .debug_frame   0x0000000000000a14       0x6c StdPeriph_Driver/src/misc.o
 .debug_frame   0x0000000000000a80      0x290 StdPeriph_Driver/src/stm32f10x_adc.o
 .debug_frame   0x0000000000000d10       0x9c StdPeriph_Driver/src/stm32f10x_exti.o
 .debug_frame   0x0000000000000dac      0x244 StdPeriph_Driver/src/stm32f10x_flash.o
 .debug_frame   0x0000000000000ff0      0x170 StdPeriph_Driver/src/stm32f10x_gpio.o
 .debug_frame   0x0000000000001160      0x220 StdPeriph_Driver/src/stm32f10x_rcc.o
 .debug_frame   0x0000000000001380      0x1c0 StdPeriph_Driver/src/stm32f10x_spi.o
 .debug_frame   0x0000000000001540      0x224 StdPeriph_Driver/src/stm32f10x_usart.o
 .debug_frame   0x0000000000001764      0x2dc src/lcd.o
 .debug_frame   0x0000000000001a40       0xc4 src/main.o
 .debug_frame   0x0000000000001b04      0x36c src/stm32f10x_it.o
 .debug_frame   0x0000000000001e70       0x2c /home/joao/Ac6/SystemWorkbench/plugins/fr.ac6.mcu.externaltools.arm-none.linux64_1.17.0.201812190825/tools/compiler/bin/../lib/gcc/arm-none-eabi/7.3.1/../../../../arm-none-eabi/lib/thumb/v7-m/libc.a(lib_a-init.o)
 .debug_frame   0x0000000000001e9c       0x38 /home/joao/Ac6/SystemWorkbench/plugins/fr.ac6.mcu.externaltools.arm-none.linux64_1.17.0.201812190825/tools/compiler/bin/../lib/gcc/arm-none-eabi/7.3.1/../../../../arm-none-eabi/lib/thumb/v7-m/libc.a(lib_a-memset.o)
 .debug_frame   0x0000000000001ed4       0x20 /home/joao/Ac6/SystemWorkbench/plugins/fr.ac6.mcu.externaltools.arm-none.linux64_1.17.0.201812190825/tools/compiler/bin/../lib/gcc/arm-none-eabi/7.3.1/../../../../arm-none-eabi/lib/thumb/v7-m/libc.a(lib_a-strcpy.o)
 .debug_frame   0x0000000000001ef4       0x20 /home/joao/Ac6/SystemWorkbench/plugins/fr.ac6.mcu.externaltools.arm-none.linux64_1.17.0.201812190825/tools/compiler/bin/../lib/gcc/arm-none-eabi/7.3.1/../../../../arm-none-eabi/lib/thumb/v7-m/libc.a(lib_a-strlen-stub.o)
 .debug_frame   0x0000000000001f14       0x5c /home/joao/Ac6/SystemWorkbench/plugins/fr.ac6.mcu.externaltools.arm-none.linux64_1.17.0.201812190825/tools/compiler/bin/../lib/gcc/arm-none-eabi/7.3.1/../../../../arm-none-eabi/lib/thumb/v7-m/libc.a(lib_a-__call_atexit.o)
 .debug_frame   0x0000000000001f70       0x20 /home/joao/Ac6/SystemWorkbench/plugins/fr.ac6.mcu.externaltools.arm-none.linux64_1.17.0.201812190825/tools/compiler/bin/../lib/gcc/arm-none-eabi/7.3.1/../../../../arm-none-eabi/lib/thumb/v7-m/libc.a(lib_a-atexit.o)
 .debug_frame   0x0000000000001f90       0x34 /home/joao/Ac6/SystemWorkbench/plugins/fr.ac6.mcu.externaltools.arm-none.linux64_1.17.0.201812190825/tools/compiler/bin/../lib/gcc/arm-none-eabi/7.3.1/../../../../arm-none-eabi/lib/thumb/v7-m/libc.a(lib_a-fini.o)
 .debug_frame   0x0000000000001fc4       0xb0 /home/joao/Ac6/SystemWorkbench/plugins/fr.ac6.mcu.externaltools.arm-none.linux64_1.17.0.201812190825/tools/compiler/bin/../lib/gcc/arm-none-eabi/7.3.1/../../../../arm-none-eabi/lib/thumb/v7-m/libc.a(lib_a-lock.o)
 .debug_frame   0x0000000000002074       0x34 /home/joao/Ac6/SystemWorkbench/plugins/fr.ac6.mcu.externaltools.arm-none.linux64_1.17.0.201812190825/tools/compiler/bin/../lib/gcc/arm-none-eabi/7.3.1/../../../../arm-none-eabi/lib/thumb/v7-m/libc.a(lib_a-__atexit.o)
